Archive member included to satisfy reference by file (symbol)

C:/ST/STM32CubeIDE_1.13.1/STM32CubeIDE/plugins/com.st.stm32cube.ide.mcu.externaltools.gnu-tools-for-stm32.11.3.rel1.win32_1.1.0.202305231506/tools/bin/../lib/gcc/arm-none-eabi/11.3.1/../../../../arm-none-eabi/lib/thumb/v7-m/nofp\libc_nano.a(libc_a-exit.o)
                              C:/ST/STM32CubeIDE_1.13.1/STM32CubeIDE/plugins/com.st.stm32cube.ide.mcu.externaltools.gnu-tools-for-stm32.11.3.rel1.win32_1.1.0.202305231506/tools/bin/../lib/gcc/arm-none-eabi/11.3.1/../../../../arm-none-eabi/lib/thumb/v7-m/nofp/crt0.o (exit)
C:/ST/STM32CubeIDE_1.13.1/STM32CubeIDE/plugins/com.st.stm32cube.ide.mcu.externaltools.gnu-tools-for-stm32.11.3.rel1.win32_1.1.0.202305231506/tools/bin/../lib/gcc/arm-none-eabi/11.3.1/../../../../arm-none-eabi/lib/thumb/v7-m/nofp\libc_nano.a(libc_a-findfp.o)
                              ./Middlewares/Third_Party/FreeRTOS/Source/tasks.o (__sf)
C:/ST/STM32CubeIDE_1.13.1/STM32CubeIDE/plugins/com.st.stm32cube.ide.mcu.externaltools.gnu-tools-for-stm32.11.3.rel1.win32_1.1.0.202305231506/tools/bin/../lib/gcc/arm-none-eabi/11.3.1/../../../../arm-none-eabi/lib/thumb/v7-m/nofp\libc_nano.a(libc_a-fwalk.o)
                              C:/ST/STM32CubeIDE_1.13.1/STM32CubeIDE/plugins/com.st.stm32cube.ide.mcu.externaltools.gnu-tools-for-stm32.11.3.rel1.win32_1.1.0.202305231506/tools/bin/../lib/gcc/arm-none-eabi/11.3.1/../../../../arm-none-eabi/lib/thumb/v7-m/nofp\libc_nano.a(libc_a-findfp.o) (_fwalk_sglue)
C:/ST/STM32CubeIDE_1.13.1/STM32CubeIDE/plugins/com.st.stm32cube.ide.mcu.externaltools.gnu-tools-for-stm32.11.3.rel1.win32_1.1.0.202305231506/tools/bin/../lib/gcc/arm-none-eabi/11.3.1/../../../../arm-none-eabi/lib/thumb/v7-m/nofp\libc_nano.a(libc_a-stdio.o)
                              C:/ST/STM32CubeIDE_1.13.1/STM32CubeIDE/plugins/com.st.stm32cube.ide.mcu.externaltools.gnu-tools-for-stm32.11.3.rel1.win32_1.1.0.202305231506/tools/bin/../lib/gcc/arm-none-eabi/11.3.1/../../../../arm-none-eabi/lib/thumb/v7-m/nofp\libc_nano.a(libc_a-findfp.o) (__sread)
C:/ST/STM32CubeIDE_1.13.1/STM32CubeIDE/plugins/com.st.stm32cube.ide.mcu.externaltools.gnu-tools-for-stm32.11.3.rel1.win32_1.1.0.202305231506/tools/bin/../lib/gcc/arm-none-eabi/11.3.1/../../../../arm-none-eabi/lib/thumb/v7-m/nofp\libc_nano.a(libc_a-memset.o)
                              C:/ST/STM32CubeIDE_1.13.1/STM32CubeIDE/plugins/com.st.stm32cube.ide.mcu.externaltools.gnu-tools-for-stm32.11.3.rel1.win32_1.1.0.202305231506/tools/bin/../lib/gcc/arm-none-eabi/11.3.1/../../../../arm-none-eabi/lib/thumb/v7-m/nofp/crt0.o (memset)
C:/ST/STM32CubeIDE_1.13.1/STM32CubeIDE/plugins/com.st.stm32cube.ide.mcu.externaltools.gnu-tools-for-stm32.11.3.rel1.win32_1.1.0.202305231506/tools/bin/../lib/gcc/arm-none-eabi/11.3.1/../../../../arm-none-eabi/lib/thumb/v7-m/nofp\libc_nano.a(libc_a-closer.o)
                              C:/ST/STM32CubeIDE_1.13.1/STM32CubeIDE/plugins/com.st.stm32cube.ide.mcu.externaltools.gnu-tools-for-stm32.11.3.rel1.win32_1.1.0.202305231506/tools/bin/../lib/gcc/arm-none-eabi/11.3.1/../../../../arm-none-eabi/lib/thumb/v7-m/nofp\libc_nano.a(libc_a-stdio.o) (_close_r)
C:/ST/STM32CubeIDE_1.13.1/STM32CubeIDE/plugins/com.st.stm32cube.ide.mcu.externaltools.gnu-tools-for-stm32.11.3.rel1.win32_1.1.0.202305231506/tools/bin/../lib/gcc/arm-none-eabi/11.3.1/../../../../arm-none-eabi/lib/thumb/v7-m/nofp\libc_nano.a(libc_a-reent.o)
                              ./Middlewares/Third_Party/FreeRTOS/Source/tasks.o (_reclaim_reent)
C:/ST/STM32CubeIDE_1.13.1/STM32CubeIDE/plugins/com.st.stm32cube.ide.mcu.externaltools.gnu-tools-for-stm32.11.3.rel1.win32_1.1.0.202305231506/tools/bin/../lib/gcc/arm-none-eabi/11.3.1/../../../../arm-none-eabi/lib/thumb/v7-m/nofp\libc_nano.a(libc_a-impure.o)
                              ./Middlewares/Third_Party/FreeRTOS/Source/tasks.o (_impure_ptr)
C:/ST/STM32CubeIDE_1.13.1/STM32CubeIDE/plugins/com.st.stm32cube.ide.mcu.externaltools.gnu-tools-for-stm32.11.3.rel1.win32_1.1.0.202305231506/tools/bin/../lib/gcc/arm-none-eabi/11.3.1/../../../../arm-none-eabi/lib/thumb/v7-m/nofp\libc_nano.a(libc_a-lseekr.o)
                              C:/ST/STM32CubeIDE_1.13.1/STM32CubeIDE/plugins/com.st.stm32cube.ide.mcu.externaltools.gnu-tools-for-stm32.11.3.rel1.win32_1.1.0.202305231506/tools/bin/../lib/gcc/arm-none-eabi/11.3.1/../../../../arm-none-eabi/lib/thumb/v7-m/nofp\libc_nano.a(libc_a-stdio.o) (_lseek_r)
C:/ST/STM32CubeIDE_1.13.1/STM32CubeIDE/plugins/com.st.stm32cube.ide.mcu.externaltools.gnu-tools-for-stm32.11.3.rel1.win32_1.1.0.202305231506/tools/bin/../lib/gcc/arm-none-eabi/11.3.1/../../../../arm-none-eabi/lib/thumb/v7-m/nofp\libc_nano.a(libc_a-readr.o)
                              C:/ST/STM32CubeIDE_1.13.1/STM32CubeIDE/plugins/com.st.stm32cube.ide.mcu.externaltools.gnu-tools-for-stm32.11.3.rel1.win32_1.1.0.202305231506/tools/bin/../lib/gcc/arm-none-eabi/11.3.1/../../../../arm-none-eabi/lib/thumb/v7-m/nofp\libc_nano.a(libc_a-stdio.o) (_read_r)
[...]
Memory Configuration

Name             Origin             Length             Attributes
RAM              0x0000000020000000 0x0000000000005000 xrw
FLASH            0x0000000008000000 0x0000000000010000 xr
*default*        0x0000000000000000 0xffffffffffffffff

Linker script and memory map

LOAD C:/ST/STM32CubeIDE_1.13.1/STM32CubeIDE/plugins/com.st.stm32cube.ide.mcu.externaltools.gnu-tools-for-stm32.11.3.rel1.win32_1.1.0.202305231506/tools/bin/../lib/gcc/arm-none-eabi/11.3.1/thumb/v7-m/nofp/crti.o
LOAD C:/ST/STM32CubeIDE_1.13.1/STM32CubeIDE/plugins/com.st.stm32cube.ide.mcu.externaltools.gnu-tools-for-stm32.11.3.rel1.win32_1.1.0.202305231506/tools/bin/../lib/gcc/arm-none-eabi/11.3.1/thumb/v7-m/nofp/crtbegin.o
LOAD C:/ST/STM32CubeIDE_1.13.1/STM32CubeIDE/plugins/com.st.stm32cube.ide.mcu.externaltools.gnu-tools-for-stm32.11.3.rel1.win32_1.1.0.202305231506/tools/bin/../lib/gcc/arm-none-eabi/11.3.1/../../../../arm-none-eabi/lib/thumb/v7-m/nofp/crt0.o
LOAD ./Core/Src/NOKIA5110_fb.o
LOAD ./Core/Src/PRNG_LFSR.o
LOAD ./Core/Src/atraso.o
LOAD ./Core/Src/freertos.o
LOAD ./Core/Src/main.o
LOAD ./Core/Src/stm32f1xx_hal_msp.o
LOAD ./Core/Src/stm32f1xx_hal_timebase_tim.o
LOAD ./Core/Src/stm32f1xx_it.o
LOAD ./Core/Src/syscalls.o
LOAD ./Core/Src/sysmem.o
LOAD ./Core/Src/system_stm32f1xx.o
LOAD ./Core/Startup/startup_stm32f103c8tx.o
LOAD ./Drivers/STM32F1xx_HAL_Driver/Src/stm32f1xx_hal.o
LOAD ./Drivers/STM32F1xx_HAL_Driver/Src/stm32f1xx_hal_adc.o
LOAD ./Drivers/STM32F1xx_HAL_Driver/Src/stm32f1xx_hal_adc_ex.o
LOAD ./Drivers/STM32F1xx_HAL_Driver/Src/stm32f1xx_hal_cortex.o
LOAD ./Drivers/STM32F1xx_HAL_Driver/Src/stm32f1xx_hal_dma.o
LOAD ./Drivers/STM32F1xx_HAL_Driver/Src/stm32f1xx_hal_exti.o
LOAD ./Drivers/STM32F1xx_HAL_Driver/Src/stm32f1xx_hal_flash.o
LOAD ./Drivers/STM32F1xx_HAL_Driver/Src/stm32f1xx_hal_flash_ex.o
LOAD ./Drivers/STM32F1xx_HAL_Driver/Src/stm32f1xx_hal_gpio.o
LOAD ./Drivers/STM32F1xx_HAL_Driver/Src/stm32f1xx_hal_gpio_ex.o
LOAD ./Drivers/STM32F1xx_HAL_Driver/Src/stm32f1xx_hal_pwr.o
LOAD ./Drivers/STM32F1xx_HAL_Driver/Src/stm32f1xx_hal_rcc.o
LOAD ./Drivers/STM32F1xx_HAL_Driver/Src/stm32f1xx_hal_rcc_ex.o
LOAD ./Drivers/STM32F1xx_HAL_Driver/Src/stm32f1xx_hal_tim.o
LOAD ./Drivers/STM32F1xx_HAL_Driver/Src/stm32f1xx_hal_tim_ex.o
LOAD ./Middlewares/Third_Party/FreeRTOS/Source/CMSIS_RTOS/cmsis_os.o
LOAD ./Middlewares/Third_Party/FreeRTOS/Source/croutine.o
LOAD ./Middlewares/Third_Party/FreeRTOS/Source/event_groups.o
LOAD ./Middlewares/Third_Party/FreeRTOS/Source/list.o
LOAD ./Middlewares/Third_Party/FreeRTOS/Source/queue.o
LOAD ./Middlewares/Third_Party/FreeRTOS/Source/stream_buffer.o
LOAD ./Middlewares/Third_Party/FreeRTOS/Source/tasks.o
LOAD ./Middlewares/Third_Party/FreeRTOS/Source/timers.o
LOAD ./Middlewares/Third_Party/FreeRTOS/Source/portable/GCC/ARM_CM3/port.o
LOAD ./Middlewares/Third_Party/FreeRTOS/Source/portable/MemMang/heap_4.o
START GROUP
LOAD C:/ST/STM32CubeIDE_1.13.1/STM32CubeIDE/plugins/com.st.stm32cube.ide.mcu.externaltools.gnu-tools-for-stm32.11.3.rel1.win32_1.1.0.202305231506/tools/bin/../lib/gcc/arm-none-eabi/11.3.1/../../../../arm-none-eabi/lib/thumb/v7-m/nofp\libc_nano.a
LOAD C:/ST/STM32CubeIDE_1.13.1/STM32CubeIDE/plugins/com.st.stm32cube.ide.mcu.externaltools.gnu-tools-for-stm32.11.3.rel1.win32_1.1.0.202305231506/tools/bin/../lib/gcc/arm-none-eabi/11.3.1/../../../../arm-none-eabi/lib/thumb/v7-m/nofp\libm.a
END GROUP
START GROUP
LOAD C:/ST/STM32CubeIDE_1.13.1/STM32CubeIDE/plugins/com.st.stm32cube.ide.mcu.externaltools.gnu-tools-for-stm32.11.3.rel1.win32_1.1.0.202305231506/tools/bin/../lib/gcc/arm-none-eabi/11.3.1/thumb/v7-m/nofp\libgcc.a
LOAD C:/ST/STM32CubeIDE_1.13.1/STM32CubeIDE/plugins/com.st.stm32cube.ide.mcu.externaltools.gnu-tools-for-stm32.11.3.rel1.win32_1.1.0.202305231506/tools/bin/../lib/gcc/arm-none-eabi/11.3.1/../../../../arm-none-eabi/lib/thumb/v7-m/nofp\libc_nano.a
END GROUP
START GROUP
LOAD C:/ST/STM32CubeIDE_1.13.1/STM32CubeIDE/plugins/com.st.stm32cube.ide.mcu.externaltools.gnu-tools-for-stm32.11.3.rel1.win32_1.1.0.202305231506/tools/bin/../lib/gcc/arm-none-eabi/11.3.1/thumb/v7-m/nofp\libgcc.a
LOAD C:/ST/STM32CubeIDE_1.13.1/STM32CubeIDE/plugins/com.st.stm32cube.ide.mcu.externaltools.gnu-tools-for-stm32.11.3.rel1.win32_1.1.0.202305231506/tools/bin/../lib/gcc/arm-none-eabi/11.3.1/../../../../arm-none-eabi/lib/thumb/v7-m/nofp\libc_nano.a
LOAD C:/ST/STM32CubeIDE_1.13.1/STM32CubeIDE/plugins/com.st.stm32cube.ide.mcu.externaltools.gnu-tools-for-stm32.11.3.rel1.win32_1.1.0.202305231506/tools/bin/../lib/gcc/arm-none-eabi/11.3.1/../../../../arm-none-eabi/lib/thumb/v7-m/nofp\libnosys.a
END GROUP
START GROUP
LOAD C:/ST/STM32CubeIDE_1.13.1/STM32CubeIDE/plugins/com.st.stm32cube.ide.mcu.externaltools.gnu-tools-for-stm32.11.3.rel1.win32_1.1.0.202305231506/tools/bin/../lib/gcc/arm-none-eabi/11.3.1/thumb/v7-m/nofp\libgcc.a
LOAD C:/ST/STM32CubeIDE_1.13.1/STM32CubeIDE/plugins/com.st.stm32cube.ide.mcu.externaltools.gnu-tools-for-stm32.11.3.rel1.win32_1.1.0.202305231506/tools/bin/../lib/gcc/arm-none-eabi/11.3.1/../../../../arm-none-eabi/lib/thumb/v7-m/nofp\libc_nano.a
LOAD C:/ST/STM32CubeIDE_1.13.1/STM32CubeIDE/plugins/com.st.stm32cube.ide.mcu.externaltools.gnu-tools-for-stm32.11.3.rel1.win32_1.1.0.202305231506/tools/bin/../lib/gcc/arm-none-eabi/11.3.1/../../../../arm-none-eabi/lib/thumb/v7-m/nofp\libnosys.a
END GROUP
LOAD C:/ST/STM32CubeIDE_1.13.1/STM32CubeIDE/plugins/com.st.stm32cube.ide.mcu.externaltools.gnu-tools-for-stm32.11.3.rel1.win32_1.1.0.202305231506/tools/bin/../lib/gcc/arm-none-eabi/11.3.1/thumb/v7-m/nofp/crtend.o
LOAD C:/ST/STM32CubeIDE_1.13.1/STM32CubeIDE/plugins/com.st.stm32cube.ide.mcu.externaltools.gnu-tools-for-stm32.11.3.rel1.win32_1.1.0.202305231506/tools/bin/../lib/gcc/arm-none-eabi/11.3.1/thumb/v7-m/nofp/crtn.o
                0x0000000020005000                _estack = (ORIGIN (RAM) + LENGTH (RAM))
                0x0000000000000200                _Min_Heap_Size = 0x200
                0x0000000000000400                _Min_Stack_Size = 0x400

.isr_vector     0x0000000008000000      0x10c
                0x0000000008000000                . = ALIGN (0x4)
 *(.isr_vector)
 .isr_vector    0x0000000008000000      0x10c ./Core/Startup/startup_stm32f103c8tx.o
                0x0000000008000000                g_pfnVectors
                0x000000000800010c                . = ALIGN (0x4)

.text           0x0000000008000110     0x4d28
                0x0000000008000110                . = ALIGN (0x4)
 *(.text)
 .text          0x0000000008000110       0x40 C:/ST/STM32CubeIDE_1.13.1/STM32CubeIDE/plugins/com.st.stm32cube.ide.mcu.externaltools.gnu-tools-for-stm32.11.3.rel1.win32_1.1.0.202305231506/tools/bin/../lib/gcc/arm-none-eabi/11.3.1/thumb/v7-m/nofp/crtbegin.o
 *(.text*)
 .text.cmd_LCD  0x0000000008000150       0x8c ./Core/Src/NOKIA5110_fb.o
                0x0000000008000150                cmd_LCD
 .text.data_LCD
                0x00000000080001dc       0x8c ./Core/Src/NOKIA5110_fb.o
                0x00000000080001dc                data_LCD
 .text.inic_LCD
                0x0000000008000268       0x4c ./Core/Src/NOKIA5110_fb.o
                0x0000000008000268                inic_LCD
 .text.goto_XY  0x00000000080002b4       0x3c ./Core/Src/NOKIA5110_fb.o
                0x00000000080002b4                goto_XY
 .text.escreve2fb
                0x00000000080002f0       0x40 ./Core/Src/NOKIA5110_fb.o
                0x00000000080002f0                escreve2fb
 .text.imprime_LCD
                0x0000000008000330       0x38 ./Core/Src/NOKIA5110_fb.o
                0x0000000008000330                imprime_LCD
 .text.caractere_LCD
                0x0000000008000368       0x78 ./Core/Src/NOKIA5110_fb.o
                0x0000000008000368                caractere_LCD
 .text.string_LCD
                0x00000000080003e0       0x2a ./Core/Src/NOKIA5110_fb.o
                0x00000000080003e0                string_LCD
 *fill*         0x000000000800040a        0x2 
 .text.limpa_LCD
                0x000000000800040c       0x34 ./Core/Src/NOKIA5110_fb.o
                0x000000000800040c                limpa_LCD
 .text.desenha_pixel
                0x0000000008000440       0x9c ./Core/Src/NOKIA5110_fb.o
                0x0000000008000440                desenha_pixel
 .text.desenha_fig
                0x00000000080004dc      0x1ba ./Core/Src/NOKIA5110_fb.o
                0x00000000080004dc                desenha_fig
 .text.apaga_fig
                0x0000000008000696      0x1ba ./Core/Src/NOKIA5110_fb.o
                0x0000000008000696                apaga_fig
 .text.escreve_Nr_Peq
                0x0000000008000850      0x19c ./Core/Src/NOKIA5110_fb.o
                0x0000000008000850                escreve_Nr_Peq
 .text.init_LFSR
                0x00000000080009ec       0x1c ./Core/Src/PRNG_LFSR.o
                0x00000000080009ec                init_LFSR
 .text.atraso_us
                0x0000000008000a08       0x22 ./Core/Src/atraso.o
                0x0000000008000a08                atraso_us
 *fill*         0x0000000008000a2a        0x2 
 .text.vApplicationGetIdleTaskMemory
                0x0000000008000a2c       0x30 ./Core/Src/freertos.o
                0x0000000008000a2c                vApplicationGetIdleTaskMemory
 .text.HAL_ADC_ConvCpltCallback
                0x0000000008000a5c       0x38 ./Core/Src/main.o
                0x0000000008000a5c                HAL_ADC_ConvCpltCallback
 .text.vTask_LCD_Print
                0x0000000008000a94        0xe ./Core/Src/main.o
                0x0000000008000a94                vTask_LCD_Print
 .text.vTask_Desloca
                0x0000000008000aa2       0xa2 ./Core/Src/main.o
                0x0000000008000aa2                vTask_Desloca
 .text.isHit    0x0000000008000b44       0x78 ./Core/Src/main.o
                0x0000000008000b44                isHit
 .text.vTask_Desloca_Principal_Colisao
                0x0000000008000bbc      0x26c ./Core/Src/main.o
                0x0000000008000bbc                vTask_Desloca_Principal_Colisao
 .text.vTask_Pontuacao
                0x0000000008000e28       0x40 ./Core/Src/main.o
                0x0000000008000e28                vTask_Pontuacao
 .text.main     0x0000000008000e68      0x2e0 ./Core/Src/main.o
                0x0000000008000e68                main
 .text.SystemClock_Config
                0x0000000008001148       0xb6 ./Core/Src/main.o
                0x0000000008001148                SystemClock_Config
 *fill*         0x00000000080011fe        0x2 
 .text.MX_ADC1_Init
                0x0000000008001200       0x9c ./Core/Src/main.o
 .text.MX_DMA_Init
                0x000000000800129c       0x3c ./Core/Src/main.o
 .text.MX_GPIO_Init
                0x00000000080012d8       0xdc ./Core/Src/main.o
 .text.HAL_TIM_PeriodElapsedCallback
                0x00000000080013b4       0x24 ./Core/Src/main.o
                0x00000000080013b4                HAL_TIM_PeriodElapsedCallback
 .text.Error_Handler
                0x00000000080013d8        0xa ./Core/Src/main.o
                0x00000000080013d8                Error_Handler
 *fill*         0x00000000080013e2        0x2 
 .text.HAL_MspInit
                0x00000000080013e4       0x70 ./Core/Src/stm32f1xx_hal_msp.o
                0x00000000080013e4                HAL_MspInit
 .text.HAL_ADC_MspInit
                0x0000000008001454       0xe0 ./Core/Src/stm32f1xx_hal_msp.o
                0x0000000008001454                HAL_ADC_MspInit
 .text.HAL_InitTick
                0x0000000008001534       0xb0 ./Core/Src/stm32f1xx_hal_timebase_tim.o
                0x0000000008001534                HAL_InitTick
 .text.NMI_Handler
                0x00000000080015e4        0x6 ./Core/Src/stm32f1xx_it.o
                0x00000000080015e4                NMI_Handler
 .text.HardFault_Handler
                0x00000000080015ea        0x6 ./Core/Src/stm32f1xx_it.o
                0x00000000080015ea                HardFault_Handler
 .text.MemManage_Handler
                0x00000000080015f0        0x6 ./Core/Src/stm32f1xx_it.o
                0x00000000080015f0                MemManage_Handler
 .text.BusFault_Handler
                0x00000000080015f6        0x6 ./Core/Src/stm32f1xx_it.o
                0x00000000080015f6                BusFault_Handler
 .text.UsageFault_Handler
                0x00000000080015fc        0x6 ./Core/Src/stm32f1xx_it.o
                0x00000000080015fc                UsageFault_Handler
 .text.DebugMon_Handler
                0x0000000008001602        0xc ./Core/Src/stm32f1xx_it.o
                0x0000000008001602                DebugMon_Handler
 *fill*         0x000000000800160e        0x2 
 .text.DMA1_Channel1_IRQHandler
                0x0000000008001610       0x14 ./Core/Src/stm32f1xx_it.o
                0x0000000008001610                DMA1_Channel1_IRQHandler
 .text.ADC1_2_IRQHandler
                0x0000000008001624       0x14 ./Core/Src/stm32f1xx_it.o
                0x0000000008001624                ADC1_2_IRQHandler
 .text.TIM4_IRQHandler
                0x0000000008001638       0x14 ./Core/Src/stm32f1xx_it.o
                0x0000000008001638                TIM4_IRQHandler
 .text.SystemInit
                0x000000000800164c        0xc ./Core/Src/system_stm32f1xx.o
                0x000000000800164c                SystemInit
 .text.Reset_Handler
                0x0000000008001658       0x48 ./Core/Startup/startup_stm32f103c8tx.o
                0x0000000008001658                Reset_Handler
 .text.Default_Handler
                0x00000000080016a0        0x2 ./Core/Startup/startup_stm32f103c8tx.o
                0x00000000080016a0                RTC_Alarm_IRQHandler
                0x00000000080016a0                EXTI2_IRQHandler
                0x00000000080016a0                TIM1_CC_IRQHandler
                0x00000000080016a0                PVD_IRQHandler
                0x00000000080016a0                EXTI3_IRQHandler
                0x00000000080016a0                EXTI0_IRQHandler
                0x00000000080016a0                I2C2_EV_IRQHandler
                0x00000000080016a0                SPI1_IRQHandler
                0x00000000080016a0                TAMPER_IRQHandler
                0x00000000080016a0                DMA1_Channel4_IRQHandler
                0x00000000080016a0                USART3_IRQHandler
                0x00000000080016a0                RTC_IRQHandler
                0x00000000080016a0                DMA1_Channel7_IRQHandler
                0x00000000080016a0                CAN1_RX1_IRQHandler
                0x00000000080016a0                I2C1_EV_IRQHandler
                0x00000000080016a0                DMA1_Channel6_IRQHandler
                0x00000000080016a0                TIM3_IRQHandler
                0x00000000080016a0                RCC_IRQHandler
                0x00000000080016a0                TIM1_TRG_COM_IRQHandler
                0x00000000080016a0                Default_Handler
                0x00000000080016a0                EXTI15_10_IRQHandler
                0x00000000080016a0                EXTI9_5_IRQHandler
                0x00000000080016a0                SPI2_IRQHandler
                0x00000000080016a0                DMA1_Channel5_IRQHandler
                0x00000000080016a0                EXTI4_IRQHandler
                0x00000000080016a0                USB_LP_CAN1_RX0_IRQHandler
                0x00000000080016a0                USB_HP_CAN1_TX_IRQHandler
                0x00000000080016a0                DMA1_Channel3_IRQHandler
                0x00000000080016a0                TIM1_UP_IRQHandler
                0x00000000080016a0                WWDG_IRQHandler
                0x00000000080016a0                TIM2_IRQHandler
                0x00000000080016a0                TIM1_BRK_IRQHandler
                0x00000000080016a0                EXTI1_IRQHandler
                0x00000000080016a0                USART2_IRQHandler
                0x00000000080016a0                I2C2_ER_IRQHandler
                0x00000000080016a0                DMA1_Channel2_IRQHandler
                0x00000000080016a0                CAN1_SCE_IRQHandler
                0x00000000080016a0                FLASH_IRQHandler
                0x00000000080016a0                USART1_IRQHandler
                0x00000000080016a0                I2C1_ER_IRQHandler
                0x00000000080016a0                USBWakeUp_IRQHandler
 *fill*         0x00000000080016a2        0x2 
 .text.HAL_Init
                0x00000000080016a4       0x2c ./Drivers/STM32F1xx_HAL_Driver/Src/stm32f1xx_hal.o
                0x00000000080016a4                HAL_Init
 .text.HAL_IncTick
                0x00000000080016d0       0x24 ./Drivers/STM32F1xx_HAL_Driver/Src/stm32f1xx_hal.o
                0x00000000080016d0                HAL_IncTick
 .text.HAL_GetTick
                0x00000000080016f4       0x14 ./Drivers/STM32F1xx_HAL_Driver/Src/stm32f1xx_hal.o
                0x00000000080016f4                HAL_GetTick
 .text.HAL_Delay
                0x0000000008001708       0x48 ./Drivers/STM32F1xx_HAL_Driver/Src/stm32f1xx_hal.o
                0x0000000008001708                HAL_Delay
 .text.HAL_ADC_Init
                0x0000000008001750      0x1b0 ./Drivers/STM32F1xx_HAL_Driver/Src/stm32f1xx_hal_adc.o
                0x0000000008001750                HAL_ADC_Init
 .text.HAL_ADC_Start_IT
                0x0000000008001900      0x16c ./Drivers/STM32F1xx_HAL_Driver/Src/stm32f1xx_hal_adc.o
                0x0000000008001900                HAL_ADC_Start_IT
 .text.HAL_ADC_Start_DMA
                0x0000000008001a6c      0x1bc ./Drivers/STM32F1xx_HAL_Driver/Src/stm32f1xx_hal_adc.o
                0x0000000008001a6c                HAL_ADC_Start_DMA
 .text.HAL_ADC_IRQHandler
                0x0000000008001c28      0x186 ./Drivers/STM32F1xx_HAL_Driver/Src/stm32f1xx_hal_adc.o
                0x0000000008001c28                HAL_ADC_IRQHandler
 .text.HAL_ADC_ConvHalfCpltCallback
                0x0000000008001dae       0x12 ./Drivers/STM32F1xx_HAL_Driver/Src/stm32f1xx_hal_adc.o
                0x0000000008001dae                HAL_ADC_ConvHalfCpltCallback
 .text.HAL_ADC_LevelOutOfWindowCallback
                0x0000000008001dc0       0x12 ./Drivers/STM32F1xx_HAL_Driver/Src/stm32f1xx_hal_adc.o
                0x0000000008001dc0                HAL_ADC_LevelOutOfWindowCallback
 .text.HAL_ADC_ErrorCallback
                0x0000000008001dd2       0x12 ./Drivers/STM32F1xx_HAL_Driver/Src/stm32f1xx_hal_adc.o
                0x0000000008001dd2                HAL_ADC_ErrorCallback
 .text.HAL_ADC_ConfigChannel
                0x0000000008001de4      0x1f0 ./Drivers/STM32F1xx_HAL_Driver/Src/stm32f1xx_hal_adc.o
                0x0000000008001de4                HAL_ADC_ConfigChannel
 .text.ADC_Enable
                0x0000000008001fd4       0xb4 ./Drivers/STM32F1xx_HAL_Driver/Src/stm32f1xx_hal_adc.o
                0x0000000008001fd4                ADC_Enable
 .text.ADC_ConversionStop_Disable
                0x0000000008002088       0x82 ./Drivers/STM32F1xx_HAL_Driver/Src/stm32f1xx_hal_adc.o
                0x0000000008002088                ADC_ConversionStop_Disable
 .text.ADC_DMAConvCplt
                0x000000000800210a       0x7c ./Drivers/STM32F1xx_HAL_Driver/Src/stm32f1xx_hal_adc.o
                0x000000000800210a                ADC_DMAConvCplt
 .text.ADC_DMAHalfConvCplt
                0x0000000008002186       0x1c ./Drivers/STM32F1xx_HAL_Driver/Src/stm32f1xx_hal_adc.o
                0x0000000008002186                ADC_DMAHalfConvCplt
 .text.ADC_DMAError
                0x00000000080021a2       0x34 ./Drivers/STM32F1xx_HAL_Driver/Src/stm32f1xx_hal_adc.o
                0x00000000080021a2                ADC_DMAError
 .text.HAL_ADCEx_InjectedConvCpltCallback
                0x00000000080021d6       0x12 ./Drivers/STM32F1xx_HAL_Driver/Src/stm32f1xx_hal_adc_ex.o
                0x00000000080021d6                HAL_ADCEx_InjectedConvCpltCallback
 .text.__NVIC_SetPriorityGrouping
                0x00000000080021e8       0x48 ./Drivers/STM32F1xx_HAL_Driver/Src/stm32f1xx_hal_cortex.o
 .text.__NVIC_GetPriorityGrouping
                0x0000000008002230       0x1c ./Drivers/STM32F1xx_HAL_Driver/Src/stm32f1xx_hal_cortex.o
 .text.__NVIC_EnableIRQ
                0x000000000800224c       0x38 ./Drivers/STM32F1xx_HAL_Driver/Src/stm32f1xx_hal_cortex.o
 .text.__NVIC_SetPriority
                0x0000000008002284       0x54 ./Drivers/STM32F1xx_HAL_Driver/Src/stm32f1xx_hal_cortex.o
 .text.NVIC_EncodePriority
                0x00000000080022d8       0x64 ./Drivers/STM32F1xx_HAL_Driver/Src/stm32f1xx_hal_cortex.o
 .text.HAL_NVIC_SetPriorityGrouping
                0x000000000800233c       0x16 ./Drivers/STM32F1xx_HAL_Driver/Src/stm32f1xx_hal_cortex.o
                0x000000000800233c                HAL_NVIC_SetPriorityGrouping
 .text.HAL_NVIC_SetPriority
                0x0000000008002352       0x38 ./Drivers/STM32F1xx_HAL_Driver/Src/stm32f1xx_hal_cortex.o
                0x0000000008002352                HAL_NVIC_SetPriority
 .text.HAL_NVIC_EnableIRQ
                0x000000000800238a       0x1c ./Drivers/STM32F1xx_HAL_Driver/Src/stm32f1xx_hal_cortex.o
                0x000000000800238a                HAL_NVIC_EnableIRQ
 *fill*         0x00000000080023a6        0x2 
 .text.HAL_DMA_Init
                0x00000000080023a8       0xb4 ./Drivers/STM32F1xx_HAL_Driver/Src/stm32f1xx_hal_dma.o
                0x00000000080023a8                HAL_DMA_Init
 .text.HAL_DMA_Start_IT
                0x000000000800245c       0xbe ./Drivers/STM32F1xx_HAL_Driver/Src/stm32f1xx_hal_dma.o
                0x000000000800245c                HAL_DMA_Start_IT
 *fill*         0x000000000800251a        0x2 
 .text.HAL_DMA_IRQHandler
                0x000000000800251c      0x20c ./Drivers/STM32F1xx_HAL_Driver/Src/stm32f1xx_hal_dma.o
                0x000000000800251c                HAL_DMA_IRQHandler
 .text.DMA_SetConfig
                0x0000000008002728       0x5a ./Drivers/STM32F1xx_HAL_Driver/Src/stm32f1xx_hal_dma.o
 *fill*         0x0000000008002782        0x2 
 .text.HAL_GPIO_Init
                0x0000000008002784      0x308 ./Drivers/STM32F1xx_HAL_Driver/Src/stm32f1xx_hal_gpio.o
                0x0000000008002784                HAL_GPIO_Init
 .text.HAL_GPIO_ReadPin
                0x0000000008002a8c       0x2e ./Drivers/STM32F1xx_HAL_Driver/Src/stm32f1xx_hal_gpio.o
                0x0000000008002a8c                HAL_GPIO_ReadPin
 .text.HAL_GPIO_WritePin
                0x0000000008002aba       0x30 ./Drivers/STM32F1xx_HAL_Driver/Src/stm32f1xx_hal_gpio.o
                0x0000000008002aba                HAL_GPIO_WritePin
 *fill*         0x0000000008002aea        0x2 
 .text.HAL_RCC_OscConfig
                0x0000000008002aec      0x504 ./Drivers/STM32F1xx_HAL_Driver/Src/stm32f1xx_hal_rcc.o
                0x0000000008002aec                HAL_RCC_OscConfig
 .text.HAL_RCC_ClockConfig
                0x0000000008002ff0      0x1d4 ./Drivers/STM32F1xx_HAL_Driver/Src/stm32f1xx_hal_rcc.o
                0x0000000008002ff0                HAL_RCC_ClockConfig
 .text.HAL_RCC_GetSysClockFreq
                0x00000000080031c4       0xbc ./Drivers/STM32F1xx_HAL_Driver/Src/stm32f1xx_hal_rcc.o
                0x00000000080031c4                HAL_RCC_GetSysClockFreq
 .text.HAL_RCC_GetHCLKFreq
                0x0000000008003280       0x14 ./Drivers/STM32F1xx_HAL_Driver/Src/stm32f1xx_hal_rcc.o
                0x0000000008003280                HAL_RCC_GetHCLKFreq
 .text.HAL_RCC_GetPCLK1Freq
                0x0000000008003294       0x28 ./Drivers/STM32F1xx_HAL_Driver/Src/stm32f1xx_hal_rcc.o
                0x0000000008003294                HAL_RCC_GetPCLK1Freq
 .text.HAL_RCC_GetClockConfig
                0x00000000080032bc       0x60 ./Drivers/STM32F1xx_HAL_Driver/Src/stm32f1xx_hal_rcc.o
                0x00000000080032bc                HAL_RCC_GetClockConfig
 .text.RCC_Delay
                0x000000000800331c       0x3c ./Drivers/STM32F1xx_HAL_Driver/Src/stm32f1xx_hal_rcc.o
 .text.HAL_RCCEx_PeriphCLKConfig
                0x0000000008003358      0x16c ./Drivers/STM32F1xx_HAL_Driver/Src/stm32f1xx_hal_rcc_ex.o
                0x0000000008003358                HAL_RCCEx_PeriphCLKConfig
 .text.HAL_TIM_Base_Init
                0x00000000080034c4       0x9e ./Drivers/STM32F1xx_HAL_Driver/Src/stm32f1xx_hal_tim.o
                0x00000000080034c4                HAL_TIM_Base_Init
 .text.HAL_TIM_Base_MspInit
                0x0000000008003562       0x12 ./Drivers/STM32F1xx_HAL_Driver/Src/stm32f1xx_hal_tim.o
                0x0000000008003562                HAL_TIM_Base_MspInit
 .text.HAL_TIM_Base_Start_IT
                0x0000000008003574       0xa4 ./Drivers/STM32F1xx_HAL_Driver/Src/stm32f1xx_hal_tim.o
                0x0000000008003574                HAL_TIM_Base_Start_IT
 .text.HAL_TIM_IRQHandler
                0x0000000008003618      0x210 ./Drivers/STM32F1xx_HAL_Driver/Src/stm32f1xx_hal_tim.o
                0x0000000008003618                HAL_TIM_IRQHandler
 .text.HAL_TIM_OC_DelayElapsedCallback
                0x0000000008003828       0x12 ./Drivers/STM32F1xx_HAL_Driver/Src/stm32f1xx_hal_tim.o
                0x0000000008003828                HAL_TIM_OC_DelayElapsedCallback
 .text.HAL_TIM_IC_CaptureCallback
                0x000000000800383a       0x12 ./Drivers/STM32F1xx_HAL_Driver/Src/stm32f1xx_hal_tim.o
                0x000000000800383a                HAL_TIM_IC_CaptureCallback
 .text.HAL_TIM_PWM_PulseFinishedCallback
                0x000000000800384c       0x12 ./Drivers/STM32F1xx_HAL_Driver/Src/stm32f1xx_hal_tim.o
                0x000000000800384c                HAL_TIM_PWM_PulseFinishedCallback
 .text.HAL_TIM_TriggerCallback
                0x000000000800385e       0x12 ./Drivers/STM32F1xx_HAL_Driver/Src/stm32f1xx_hal_tim.o
                0x000000000800385e                HAL_TIM_TriggerCallback
 .text.TIM_Base_SetConfig
                0x0000000008003870       0xc4 ./Drivers/STM32F1xx_HAL_Driver/Src/stm32f1xx_hal_tim.o
                0x0000000008003870                TIM_Base_SetConfig
 .text.HAL_TIMEx_CommutCallback
                0x0000000008003934       0x12 ./Drivers/STM32F1xx_HAL_Driver/Src/stm32f1xx_hal_tim_ex.o
                0x0000000008003934                HAL_TIMEx_CommutCallback
 .text.HAL_TIMEx_BreakCallback
                0x0000000008003946       0x12 ./Drivers/STM32F1xx_HAL_Driver/Src/stm32f1xx_hal_tim_ex.o
                0x0000000008003946                HAL_TIMEx_BreakCallback
 .text.osKernelStart
                0x0000000008003958        0xe ./Middlewares/Third_Party/FreeRTOS/Source/CMSIS_RTOS/cmsis_os.o
                0x0000000008003958                osKernelStart
 .text.vListInitialise
                0x0000000008003966       0x3e ./Middlewares/Third_Party/FreeRTOS/Source/list.o
                0x0000000008003966                vListInitialise
 .text.vListInitialiseItem
                0x00000000080039a4       0x18 ./Middlewares/Third_Party/FreeRTOS/Source/list.o
                0x00000000080039a4                vListInitialiseItem
 .text.vListInsertEnd
                0x00000000080039bc       0x46 ./Middlewares/Third_Party/FreeRTOS/Source/list.o
                0x00000000080039bc                vListInsertEnd
 .text.vListInsert
                0x0000000008003a02       0x70 ./Middlewares/Third_Party/FreeRTOS/Source/list.o
                0x0000000008003a02                vListInsert
 .text.uxListRemove
                0x0000000008003a72       0x52 ./Middlewares/Third_Party/FreeRTOS/Source/list.o
                0x0000000008003a72                uxListRemove
 .text.xTaskCreateStatic
                0x0000000008003ac4       0xb8 ./Middlewares/Third_Party/FreeRTOS/Source/tasks.o
                0x0000000008003ac4                xTaskCreateStatic
 .text.xTaskCreate
                0x0000000008003b7c       0x8a ./Middlewares/Third_Party/FreeRTOS/Source/tasks.o
                0x0000000008003b7c                xTaskCreate
 *fill*         0x0000000008003c06        0x2 
 .text.prvInitialiseNewTask
                0x0000000008003c08      0x12c ./Middlewares/Third_Party/FreeRTOS/Source/tasks.o
 .text.prvAddNewTaskToReadyList
                0x0000000008003d34       0xd4 ./Middlewares/Third_Party/FreeRTOS/Source/tasks.o
 .text.vTaskDelay
                0x0000000008003e08       0x68 ./Middlewares/Third_Party/FreeRTOS/Source/tasks.o
                0x0000000008003e08                vTaskDelay
 .text.vTaskStartScheduler
                0x0000000008003e70       0xd4 ./Middlewares/Third_Party/FreeRTOS/Source/tasks.o
                0x0000000008003e70                vTaskStartScheduler
 .text.vTaskSuspendAll
                0x0000000008003f44       0x1c ./Middlewares/Third_Party/FreeRTOS/Source/tasks.o
                0x0000000008003f44                vTaskSuspendAll
 .text.xTaskResumeAll
                0x0000000008003f60      0x138 ./Middlewares/Third_Party/FreeRTOS/Source/tasks.o
                0x0000000008003f60                xTaskResumeAll
 .text.xTaskIncrementTick
                0x0000000008004098      0x17c ./Middlewares/Third_Party/FreeRTOS/Source/tasks.o
                0x0000000008004098                xTaskIncrementTick
 .text.vTaskSwitchContext
                0x0000000008004214       0xc4 ./Middlewares/Third_Party/FreeRTOS/Source/tasks.o
                0x0000000008004214                vTaskSwitchContext
 .text.prvIdleTask
                0x00000000080042d8       0x30 ./Middlewares/Third_Party/FreeRTOS/Source/tasks.o
 .text.prvInitialiseTaskLists
                0x0000000008004308       0x80 ./Middlewares/Third_Party/FreeRTOS/Source/tasks.o
 .text.prvCheckTasksWaitingTermination
                0x0000000008004388       0x5c ./Middlewares/Third_Party/FreeRTOS/Source/tasks.o
 .text.prvDeleteTCB
                0x00000000080043e4       0x68 ./Middlewares/Third_Party/FreeRTOS/Source/tasks.o
 .text.prvResetNextTaskUnblockTime
                0x000000000800444c       0x48 ./Middlewares/Third_Party/FreeRTOS/Source/tasks.o
 .text.prvAddCurrentTaskToDelayedList
                0x0000000008004494       0xcc ./Middlewares/Third_Party/FreeRTOS/Source/tasks.o
 .text.pxPortInitialiseStack
                0x0000000008004560       0x58 ./Middlewares/Third_Party/FreeRTOS/Source/portable/GCC/ARM_CM3/port.o
                0x0000000008004560                pxPortInitialiseStack
 .text.prvTaskExitError
                0x00000000080045b8       0x58 ./Middlewares/Third_Party/FreeRTOS/Source/portable/GCC/ARM_CM3/port.o
 .text.SVC_Handler
                0x0000000008004610       0x28 ./Middlewares/Third_Party/FreeRTOS/Source/portable/GCC/ARM_CM3/port.o
                0x0000000008004610                SVC_Handler
 .text.prvPortStartFirstTask
                0x0000000008004638       0x20 ./Middlewares/Third_Party/FreeRTOS/Source/portable/GCC/ARM_CM3/port.o
 .text.xPortStartScheduler
                0x0000000008004658       0xe4 ./Middlewares/Third_Party/FreeRTOS/Source/portable/GCC/ARM_CM3/port.o
                0x0000000008004658                xPortStartScheduler
 .text.vPortEnterCritical
                0x000000000800473c       0x60 ./Middlewares/Third_Party/FreeRTOS/Source/portable/GCC/ARM_CM3/port.o
                0x000000000800473c                vPortEnterCritical
 .text.vPortExitCritical
                0x000000000800479c       0x50 ./Middlewares/Third_Party/FreeRTOS/Source/portable/GCC/ARM_CM3/port.o
                0x000000000800479c                vPortExitCritical
 *fill*         0x00000000080047ec        0x4 
 .text.PendSV_Handler
                0x00000000080047f0       0x48 ./Middlewares/Third_Party/FreeRTOS/Source/portable/GCC/ARM_CM3/port.o
                0x00000000080047f0                PendSV_Handler
 .text.SysTick_Handler
                0x0000000008004838       0x44 ./Middlewares/Third_Party/FreeRTOS/Source/portable/GCC/ARM_CM3/port.o
                0x0000000008004838                SysTick_Handler
 .text.vPortSetupTimerInterrupt
                0x000000000800487c       0x44 ./Middlewares/Third_Party/FreeRTOS/Source/portable/GCC/ARM_CM3/port.o
                0x000000000800487c                vPortSetupTimerInterrupt
 .text.pvPortMalloc
                0x00000000080048c0      0x188 ./Middlewares/Third_Party/FreeRTOS/Source/portable/MemMang/heap_4.o
                0x00000000080048c0                pvPortMalloc
 .text.vPortFree
                0x0000000008004a48       0xb4 ./Middlewares/Third_Party/FreeRTOS/Source/portable/MemMang/heap_4.o
                0x0000000008004a48                vPortFree
 .text.prvHeapInit
                0x0000000008004afc       0xc4 ./Middlewares/Third_Party/FreeRTOS/Source/portable/MemMang/heap_4.o
 .text.prvInsertBlockIntoFreeList
                0x0000000008004bc0       0xb0 ./Middlewares/Third_Party/FreeRTOS/Source/portable/MemMang/heap_4.o
 .text.memset   0x0000000008004c70       0x10 C:/ST/STM32CubeIDE_1.13.1/STM32CubeIDE/plugins/com.st.stm32cube.ide.mcu.externaltools.gnu-tools-for-stm32.11.3.rel1.win32_1.1.0.202305231506/tools/bin/../lib/gcc/arm-none-eabi/11.3.1/../../../../arm-none-eabi/lib/thumb/v7-m/nofp\libc_nano.a(libc_a-memset.o)
                0x0000000008004c70                memset
 .text._reclaim_reent
                0x0000000008004c80       0xac C:/ST/STM32CubeIDE_1.13.1/STM32CubeIDE/plugins/com.st.stm32cube.ide.mcu.externaltools.gnu-tools-for-stm32.11.3.rel1.win32_1.1.0.202305231506/tools/bin/../lib/gcc/arm-none-eabi/11.3.1/../../../../arm-none-eabi/lib/thumb/v7-m/nofp\libc_nano.a(libc_a-reent.o)
                0x0000000008004c80                _reclaim_reent
 .text.__libc_init_array
                0x0000000008004d2c       0x48 C:/ST/STM32CubeIDE_1.13.1/STM32CubeIDE/plugins/com.st.stm32cube.ide.mcu.externaltools.gnu-tools-for-stm32.11.3.rel1.win32_1.1.0.202305231506/tools/bin/../lib/gcc/arm-none-eabi/11.3.1/../../../../arm-none-eabi/lib/thumb/v7-m/nofp\libc_nano.a(libc_a-init.o)
                0x0000000008004d2c                __libc_init_array
 .text.__retarget_lock_acquire_recursive
                0x0000000008004d74        0x2 C:/ST/STM32CubeIDE_1.13.1/STM32CubeIDE/plugins/com.st.stm32cube.ide.mcu.externaltools.gnu-tools-for-stm32.11.3.rel1.win32_1.1.0.202305231506/tools/bin/../lib/gcc/arm-none-eabi/11.3.1/../../../../arm-none-eabi/lib/thumb/v7-m/nofp\libc_nano.a(libc_a-lock.o)
                0x0000000008004d74                __retarget_lock_acquire_recursive
 .text.__retarget_lock_release_recursive
                0x0000000008004d76        0x2 C:/ST/STM32CubeIDE_1.13.1/STM32CubeIDE/plugins/com.st.stm32cube.ide.mcu.externaltools.gnu-tools-for-stm32.11.3.rel1.win32_1.1.0.202305231506/tools/bin/../lib/gcc/arm-none-eabi/11.3.1/../../../../arm-none-eabi/lib/thumb/v7-m/nofp\libc_nano.a(libc_a-lock.o)
                0x0000000008004d76                __retarget_lock_release_recursive
 .text._free_r  0x0000000008004d78       0x90 C:/ST/STM32CubeIDE_1.13.1/STM32CubeIDE/plugins/com.st.stm32cube.ide.mcu.externaltools.gnu-tools-for-stm32.11.3.rel1.win32_1.1.0.202305231506/tools/bin/../lib/gcc/arm-none-eabi/11.3.1/../../../../arm-none-eabi/lib/thumb/v7-m/nofp\libc_nano.a(libc_a-freer.o)
                0x0000000008004d78                _free_r
 .text.__malloc_lock
                0x0000000008004e08        0xc C:/ST/STM32CubeIDE_1.13.1/STM32CubeIDE/plugins/com.st.stm32cube.ide.mcu.externaltools.gnu-tools-for-stm32.11.3.rel1.win32_1.1.0.202305231506/tools/bin/../lib/gcc/arm-none-eabi/11.3.1/../../../../arm-none-eabi/lib/thumb/v7-m/nofp\libc_nano.a(libc_a-mlock.o)
                0x0000000008004e08                __malloc_lock
 .text.__malloc_unlock
                0x0000000008004e14        0xc C:/ST/STM32CubeIDE_1.13.1/STM32CubeIDE/plugins/com.st.stm32cube.ide.mcu.externaltools.gnu-tools-for-stm32.11.3.rel1.win32_1.1.0.202305231506/tools/bin/../lib/gcc/arm-none-eabi/11.3.1/../../../../arm-none-eabi/lib/thumb/v7-m/nofp\libc_nano.a(libc_a-mlock.o)
                0x0000000008004e14                __malloc_unlock
 *(.glue_7)
 .glue_7        0x0000000008004e20        0x0 linker stubs
 *(.glue_7t)
 .glue_7t       0x0000000008004e20        0x0 linker stubs
 *(.eh_frame)
 .eh_frame      0x0000000008004e20        0x0 C:/ST/STM32CubeIDE_1.13.1/STM32CubeIDE/plugins/com.st.stm32cube.ide.mcu.externaltools.gnu-tools-for-stm32.11.3.rel1.win32_1.1.0.202305231506/tools/bin/../lib/gcc/arm-none-eabi/11.3.1/thumb/v7-m/nofp/crtbegin.o
 *(.init)
 .init          0x0000000008004e20        0x4 C:/ST/STM32CubeIDE_1.13.1/STM32CubeIDE/plugins/com.st.stm32cube.ide.mcu.externaltools.gnu-tools-for-stm32.11.3.rel1.win32_1.1.0.202305231506/tools/bin/../lib/gcc/arm-none-eabi/11.3.1/thumb/v7-m/nofp/crti.o
                0x0000000008004e20                _init
 .init          0x0000000008004e24        0x8 C:/ST/STM32CubeIDE_1.13.1/STM32CubeIDE/plugins/com.st.stm32cube.ide.mcu.externaltools.gnu-tools-for-stm32.11.3.rel1.win32_1.1.0.202305231506/tools/bin/../lib/gcc/arm-none-eabi/11.3.1/thumb/v7-m/nofp/crtn.o
 *(.fini)
 .fini          0x0000000008004e2c        0x4 C:/ST/STM32CubeIDE_1.13.1/STM32CubeIDE/plugins/com.st.stm32cube.ide.mcu.externaltools.gnu-tools-for-stm32.11.3.rel1.win32_1.1.0.202305231506/tools/bin/../lib/gcc/arm-none-eabi/11.3.1/thumb/v7-m/nofp/crti.o
                0x0000000008004e2c                _fini
 .fini          0x0000000008004e30        0x8 C:/ST/STM32CubeIDE_1.13.1/STM32CubeIDE/plugins/com.st.stm32cube.ide.mcu.externaltools.gnu-tools-for-stm32.11.3.rel1.win32_1.1.0.202305231506/tools/bin/../lib/gcc/arm-none-eabi/11.3.1/thumb/v7-m/nofp/crtn.o
                0x0000000008004e38                . = ALIGN (0x4)
                0x0000000008004e38                _etext = .

.vfp11_veneer   0x0000000008004e38        0x0
 .vfp11_veneer  0x0000000008004e38        0x0 linker stubs

.v4_bx          0x0000000008004e38        0x0
 .v4_bx         0x0000000008004e38        0x0 linker stubs

.iplt           0x0000000008004e38        0x0
 .iplt          0x0000000008004e38        0x0 C:/ST/STM32CubeIDE_1.13.1/STM32CubeIDE/plugins/com.st.stm32cube.ide.mcu.externaltools.gnu-tools-for-stm32.11.3.rel1.win32_1.1.0.202305231506/tools/bin/../lib/gcc/arm-none-eabi/11.3.1/thumb/v7-m/nofp/crtbegin.o

.rodata         0x0000000008004e38      0x5e0
                0x0000000008004e38                . = ALIGN (0x4)
 *(.rodata)
 .rodata        0x0000000008004e38       0xf2 ./Core/Src/main.o
 *fill*         0x0000000008004f2a        0x2 
 .rodata        0x0000000008004f2c       0x10 ./Drivers/STM32F1xx_HAL_Driver/Src/stm32f1xx_hal_rcc.o
 .rodata        0x0000000008004f3c        0x5 ./Middlewares/Third_Party/FreeRTOS/Source/tasks.o
 *(.rodata*)
 *fill*         0x0000000008004f41        0x3 
 .rodata.ASCII  0x0000000008004f44      0x1e0 ./Core/Src/NOKIA5110_fb.o
 .rodata.nr_peq
                0x0000000008005124       0x2c ./Core/Src/NOKIA5110_fb.o
                0x0000000008005124                nr_peq
 .rodata.tela_inicial
                0x0000000008005150      0x1f8 ./Core/Src/main.o
                0x0000000008005150                tela_inicial
 .rodata.tri1f  0x0000000008005348        0x7 ./Core/Src/main.o
                0x0000000008005348                tri1f
 *fill*         0x000000000800534f        0x1 
 .rodata.apaga_tri1f
                0x0000000008005350        0x7 ./Core/Src/main.o
                0x0000000008005350                apaga_tri1f
 *fill*         0x0000000008005357        0x1 
 .rodata.carro1f
                0x0000000008005358        0x7 ./Core/Src/main.o
                0x0000000008005358                carro1f
 *fill*         0x000000000800535f        0x1 
 .rodata.apaga_carro1f
                0x0000000008005360        0x7 ./Core/Src/main.o
                0x0000000008005360                apaga_carro1f
 *fill*         0x0000000008005367        0x1 
 .rodata.sedan1f
                0x0000000008005368        0x9 ./Core/Src/main.o
                0x0000000008005368                sedan1f
 *fill*         0x0000000008005371        0x3 
 .rodata.apaga_sedan1f
                0x0000000008005374        0x9 ./Core/Src/main.o
                0x0000000008005374                apaga_sedan1f
 *fill*         0x000000000800537d        0x3 
 .rodata.caminhao1f
                0x0000000008005380        0xf ./Core/Src/main.o
                0x0000000008005380                caminhao1f
 *fill*         0x000000000800538f        0x1 
 .rodata.apaga_caminhao1f
                0x0000000008005390        0xf ./Core/Src/main.o
                0x0000000008005390                apaga_caminhao1f
 *fill*         0x000000000800539f        0x1 
 .rodata.caminhao2f
                0x00000000080053a0       0x19 ./Core/Src/main.o
                0x00000000080053a0                caminhao2f
 *fill*         0x00000000080053b9        0x3 
 .rodata.apaga_caminhao2f
                0x00000000080053bc       0x19 ./Core/Src/main.o
                0x00000000080053bc                apaga_caminhao2f
 *fill*         0x00000000080053d5        0x3 
 .rodata.corrida1f
                0x00000000080053d8        0xc ./Core/Src/main.o
                0x00000000080053d8                corrida1f
 .rodata.apaga_corrida1f
                0x00000000080053e4        0xc ./Core/Src/main.o
                0x00000000080053e4                apaga_corrida1f
 .rodata.moto1f
                0x00000000080053f0        0x7 ./Core/Src/main.o
                0x00000000080053f0                moto1f
 *fill*         0x00000000080053f7        0x1 
 .rodata.apaga_moto1f
                0x00000000080053f8        0x7 ./Core/Src/main.o
                0x00000000080053f8                apaga_moto1f
 *fill*         0x00000000080053ff        0x1 
 .rodata.AHBPrescTable
                0x0000000008005400       0x10 ./Core/Src/system_stm32f1xx.o
                0x0000000008005400                AHBPrescTable
 .rodata.APBPrescTable
                0x0000000008005410        0x8 ./Core/Src/system_stm32f1xx.o
                0x0000000008005410                APBPrescTable
                0x0000000008005418                . = ALIGN (0x4)

.rel.dyn        0x0000000008005418        0x0
 .rel.iplt      0x0000000008005418        0x0 C:/ST/STM32CubeIDE_1.13.1/STM32CubeIDE/plugins/com.st.stm32cube.ide.mcu.externaltools.gnu-tools-for-stm32.11.3.rel1.win32_1.1.0.202305231506/tools/bin/../lib/gcc/arm-none-eabi/11.3.1/thumb/v7-m/nofp/crtbegin.o

.ARM.extab      0x0000000008005418        0x0
                0x0000000008005418                . = ALIGN (0x4)
 *(.ARM.extab* .gnu.linkonce.armextab.*)
                0x0000000008005418                . = ALIGN (0x4)

.ARM            0x0000000008005418        0x0
                0x0000000008005418                . = ALIGN (0x4)
                0x0000000008005418                __exidx_start = .
 *(.ARM.exidx*)
                0x0000000008005418                __exidx_end = .
                0x0000000008005418                . = ALIGN (0x4)

.preinit_array  0x0000000008005418        0x0
                0x0000000008005418                . = ALIGN (0x4)
                0x0000000008005418                PROVIDE (__preinit_array_start = .)
 *(.preinit_array*)
                0x0000000008005418                PROVIDE (__preinit_array_end = .)
                0x0000000008005418                . = ALIGN (0x4)

.init_array     0x0000000008005418        0x4
                0x0000000008005418                . = ALIGN (0x4)
                0x0000000008005418                PROVIDE (__init_array_start = .)
 *(SORT_BY_NAME(.init_array.*))
 *(.init_array*)
 .init_array    0x0000000008005418        0x4 C:/ST/STM32CubeIDE_1.13.1/STM32CubeIDE/plugins/com.st.stm32cube.ide.mcu.externaltools.gnu-tools-for-stm32.11.3.rel1.win32_1.1.0.202305231506/tools/bin/../lib/gcc/arm-none-eabi/11.3.1/thumb/v7-m/nofp/crtbegin.o
                0x000000000800541c                PROVIDE (__init_array_end = .)
                0x000000000800541c                . = ALIGN (0x4)

.fini_array     0x000000000800541c        0x4
                0x000000000800541c                . = ALIGN (0x4)
                [!provide]                        PROVIDE (__fini_array_start = .)
 *(SORT_BY_NAME(.fini_array.*))
 *(.fini_array*)
 .fini_array    0x000000000800541c        0x4 C:/ST/STM32CubeIDE_1.13.1/STM32CubeIDE/plugins/com.st.stm32cube.ide.mcu.externaltools.gnu-tools-for-stm32.11.3.rel1.win32_1.1.0.202305231506/tools/bin/../lib/gcc/arm-none-eabi/11.3.1/thumb/v7-m/nofp/crtbegin.o
                [!provide]                        PROVIDE (__fini_array_end = .)
                0x0000000008005420                . = ALIGN (0x4)
                0x0000000008005420                _sidata = LOADADDR (.data)

.data           0x0000000020000000      0x228 load address 0x0000000008005420
                0x0000000020000000                . = ALIGN (0x4)
                0x0000000020000000                _sdata = .
 *(.data)
 *(.data*)
 .data.y_principal
                0x0000000020000000        0x4 ./Core/Src/main.o
                0x0000000020000000                y_principal
 .data.taskParamsSedan5_1
                0x0000000020000004       0x1c ./Core/Src/main.o
                0x0000000020000004                taskParamsSedan5_1
 .data.taskParamsSedan5_2
                0x0000000020000020       0x1c ./Core/Src/main.o
                0x0000000020000020                taskParamsSedan5_2
 .data.taskParamsCaminhao1
                0x000000002000003c       0x1c ./Core/Src/main.o
                0x000000002000003c                taskParamsCaminhao1
 .data.taskParamsCorrida
                0x0000000020000058       0x1c ./Core/Src/main.o
                0x0000000020000058                taskParamsCorrida
 .data.taskParamsCorrida1
                0x0000000020000074       0x1c ./Core/Src/main.o
                0x0000000020000074                taskParamsCorrida1
 .data.taskParamsCorrida2
                0x0000000020000090       0x1c ./Core/Src/main.o
                0x0000000020000090                taskParamsCorrida2
 .data.taskParamsMoto
                0x00000000200000ac       0x1c ./Core/Src/main.o
                0x00000000200000ac                taskParamsMoto
 .data.taskParamsMoto1
                0x00000000200000c8       0x1c ./Core/Src/main.o
                0x00000000200000c8                taskParamsMoto1
 .data.taskParamsCaminhao
                0x00000000200000e4       0x1c ./Core/Src/main.o
                0x00000000200000e4                taskParamsCaminhao
 .data.taskParamsSedan
                0x0000000020000100       0x1c ./Core/Src/main.o
                0x0000000020000100                taskParamsSedan
 .data.taskParamsSedan1
                0x000000002000011c       0x1c ./Core/Src/main.o
                0x000000002000011c                taskParamsSedan1
 .data.taskParamsCarro
                0x0000000020000138       0x1c ./Core/Src/main.o
                0x0000000020000138                taskParamsCarro
 .data.taskParamsCarro1
                0x0000000020000154       0x1c ./Core/Src/main.o
                0x0000000020000154                taskParamsCarro1
 .data.taskParamsCarro3
                0x0000000020000170       0x1c ./Core/Src/main.o
                0x0000000020000170                taskParamsCarro3
 .data.taskParamsCarro3_1
                0x000000002000018c       0x1c ./Core/Src/main.o
                0x000000002000018c                taskParamsCarro3_1
 .data.taskParamsCarro3_2
                0x00000000200001a8       0x1c ./Core/Src/main.o
                0x00000000200001a8                taskParamsCarro3_2
 .data.x.0      0x00000000200001c4        0x4 ./Core/Src/main.o
 .data.SystemCoreClock
                0x00000000200001c8        0x4 ./Core/Src/system_stm32f1xx.o
                0x00000000200001c8                SystemCoreClock
 .data.uwTickPrio
                0x00000000200001cc        0x4 ./Drivers/STM32F1xx_HAL_Driver/Src/stm32f1xx_hal.o
                0x00000000200001cc                uwTickPrio
 .data.uwTickFreq
                0x00000000200001d0        0x1 ./Drivers/STM32F1xx_HAL_Driver/Src/stm32f1xx_hal.o
                0x00000000200001d0                uwTickFreq
 *fill*         0x00000000200001d1        0x3 
 .data.uxCriticalNesting
                0x00000000200001d4        0x4 ./Middlewares/Third_Party/FreeRTOS/Source/portable/GCC/ARM_CM3/port.o
 .data._impure_data
                0x00000000200001d8       0x4c C:/ST/STM32CubeIDE_1.13.1/STM32CubeIDE/plugins/com.st.stm32cube.ide.mcu.externaltools.gnu-tools-for-stm32.11.3.rel1.win32_1.1.0.202305231506/tools/bin/../lib/gcc/arm-none-eabi/11.3.1/../../../../arm-none-eabi/lib/thumb/v7-m/nofp\libc_nano.a(libc_a-impure.o)
                0x00000000200001d8                _impure_data
 .data._impure_ptr
                0x0000000020000224        0x4 C:/ST/STM32CubeIDE_1.13.1/STM32CubeIDE/plugins/com.st.stm32cube.ide.mcu.externaltools.gnu-tools-for-stm32.11.3.rel1.win32_1.1.0.202305231506/tools/bin/../lib/gcc/arm-none-eabi/11.3.1/../../../../arm-none-eabi/lib/thumb/v7-m/nofp\libc_nano.a(libc_a-impure.o)
                0x0000000020000224                _impure_ptr
 *(.RamFunc)
 *(.RamFunc*)
                0x0000000020000228                . = ALIGN (0x4)
                0x0000000020000228                _edata = .

.igot.plt       0x0000000020000228        0x0 load address 0x0000000008005648
 .igot.plt      0x0000000020000228        0x0 C:/ST/STM32CubeIDE_1.13.1/STM32CubeIDE/plugins/com.st.stm32cube.ide.mcu.externaltools.gnu-tools-for-stm32.11.3.rel1.win32_1.1.0.202305231506/tools/bin/../lib/gcc/arm-none-eabi/11.3.1/thumb/v7-m/nofp/crtbegin.o
                0x0000000020000228                . = ALIGN (0x4)

.bss            0x0000000020000228     0x39d0 load address 0x0000000008005648
                0x0000000020000228                _sbss = .
                0x0000000020000228                __bss_start__ = _sbss
 *(.bss)
 .bss           0x0000000020000228       0x1c C:/ST/STM32CubeIDE_1.13.1/STM32CubeIDE/plugins/com.st.stm32cube.ide.mcu.externaltools.gnu-tools-for-stm32.11.3.rel1.win32_1.1.0.202305231506/tools/bin/../lib/gcc/arm-none-eabi/11.3.1/thumb/v7-m/nofp/crtbegin.o
 *(.bss*)
 .bss.fb        0x0000000020000244      0x1f8 ./Core/Src/NOKIA5110_fb.o
 .bss.indice_fb
                0x000000002000043c        0x4 ./Core/Src/NOKIA5110_fb.o
 .bss.lfsr      0x0000000020000440        0x4 ./Core/Src/PRNG_LFSR.o
                0x0000000020000440                lfsr
 .bss.xIdleTaskTCBBuffer
                0x0000000020000444       0xb0 ./Core/Src/freertos.o
 .bss.xIdleStack
                0x00000000200004f4      0x200 ./Core/Src/freertos.o
 .bss.hadc1     0x00000000200006f4       0x30 ./Core/Src/main.o
                0x00000000200006f4                hadc1
 .bss.hdma_adc1
                0x0000000020000724       0x44 ./Core/Src/main.o
                0x0000000020000724                hdma_adc1
 .bss.sedan5_1p
                0x0000000020000768       0x18 ./Core/Src/main.o
                0x0000000020000768                sedan5_1p
 .bss.sedan5_2p
                0x0000000020000780       0x18 ./Core/Src/main.o
                0x0000000020000780                sedan5_2p
 .bss.caminhao1p
                0x0000000020000798       0x18 ./Core/Src/main.o
                0x0000000020000798                caminhao1p
 .bss.corrida0p
                0x00000000200007b0       0x18 ./Core/Src/main.o
                0x00000000200007b0                corrida0p
 .bss.corrida1p
                0x00000000200007c8       0x18 ./Core/Src/main.o
                0x00000000200007c8                corrida1p
 .bss.corrida2p
                0x00000000200007e0       0x18 ./Core/Src/main.o
                0x00000000200007e0                corrida2p
 .bss.moto0p    0x00000000200007f8       0x18 ./Core/Src/main.o
                0x00000000200007f8                moto0p
 .bss.moto1p    0x0000000020000810       0x18 ./Core/Src/main.o
                0x0000000020000810                moto1p
 .bss.caminhao0p
                0x0000000020000828       0x18 ./Core/Src/main.o
                0x0000000020000828                caminhao0p
 .bss.sedan0p   0x0000000020000840       0x18 ./Core/Src/main.o
                0x0000000020000840                sedan0p
 .bss.sedan0_1p
                0x0000000020000858       0x18 ./Core/Src/main.o
                0x0000000020000858                sedan0_1p
 .bss.carro1p   0x0000000020000870       0x18 ./Core/Src/main.o
                0x0000000020000870                carro1p
 .bss.carro1_1p
                0x0000000020000888       0x18 ./Core/Src/main.o
                0x0000000020000888                carro1_1p
 .bss.carro3p   0x00000000200008a0       0x18 ./Core/Src/main.o
                0x00000000200008a0                carro3p
 .bss.carro3_1p
                0x00000000200008b8       0x18 ./Core/Src/main.o
                0x00000000200008b8                carro3_1p
 .bss.carro3_2p
                0x00000000200008d0       0x18 ./Core/Src/main.o
                0x00000000200008d0                carro3_2p
 .bss.principal0p
                0x00000000200008e8       0x18 ./Core/Src/main.o
                0x00000000200008e8                principal0p
 .bss.score_carro
                0x0000000020000900        0x4 ./Core/Src/main.o
                0x0000000020000900                score_carro
 .bss.carro_reset
                0x0000000020000904        0x1 ./Core/Src/main.o
                0x0000000020000904                carro_reset
 *fill*         0x0000000020000905        0x3 
 .bss.ADC_buffer
                0x0000000020000908        0x8 ./Core/Src/main.o
                0x0000000020000908                ADC_buffer
 .bss.valor_ADC
                0x0000000020000910        0x8 ./Core/Src/main.o
                0x0000000020000910                valor_ADC
 .bss.dif_eixoX.2
                0x0000000020000918        0x4 ./Core/Src/main.o
 .bss.dif_eixoY.1
                0x000000002000091c        0x4 ./Core/Src/main.o
 .bss.htim4     0x0000000020000920       0x48 ./Core/Src/stm32f1xx_hal_timebase_tim.o
                0x0000000020000920                htim4
 .bss.uwTick    0x0000000020000968        0x4 ./Drivers/STM32F1xx_HAL_Driver/Src/stm32f1xx_hal.o
                0x0000000020000968                uwTick
 .bss.pxCurrentTCB
                0x000000002000096c        0x4 ./Middlewares/Third_Party/FreeRTOS/Source/tasks.o
                0x000000002000096c                pxCurrentTCB
 .bss.pxReadyTasksLists
                0x0000000020000970       0x8c ./Middlewares/Third_Party/FreeRTOS/Source/tasks.o
 .bss.xDelayedTaskList1
                0x00000000200009fc       0x14 ./Middlewares/Third_Party/FreeRTOS/Source/tasks.o
 .bss.xDelayedTaskList2
                0x0000000020000a10       0x14 ./Middlewares/Third_Party/FreeRTOS/Source/tasks.o
 .bss.pxDelayedTaskList
                0x0000000020000a24        0x4 ./Middlewares/Third_Party/FreeRTOS/Source/tasks.o
 .bss.pxOverflowDelayedTaskList
                0x0000000020000a28        0x4 ./Middlewares/Third_Party/FreeRTOS/Source/tasks.o
 .bss.xPendingReadyList
                0x0000000020000a2c       0x14 ./Middlewares/Third_Party/FreeRTOS/Source/tasks.o
 .bss.xTasksWaitingTermination
                0x0000000020000a40       0x14 ./Middlewares/Third_Party/FreeRTOS/Source/tasks.o
 .bss.uxDeletedTasksWaitingCleanUp
                0x0000000020000a54        0x4 ./Middlewares/Third_Party/FreeRTOS/Source/tasks.o
 .bss.xSuspendedTaskList
                0x0000000020000a58       0x14 ./Middlewares/Third_Party/FreeRTOS/Source/tasks.o
 .bss.uxCurrentNumberOfTasks
                0x0000000020000a6c        0x4 ./Middlewares/Third_Party/FreeRTOS/Source/tasks.o
 .bss.xTickCount
                0x0000000020000a70        0x4 ./Middlewares/Third_Party/FreeRTOS/Source/tasks.o
 .bss.uxTopReadyPriority
                0x0000000020000a74        0x4 ./Middlewares/Third_Party/FreeRTOS/Source/tasks.o
 .bss.xSchedulerRunning
                0x0000000020000a78        0x4 ./Middlewares/Third_Party/FreeRTOS/Source/tasks.o
 .bss.uxPendedTicks
                0x0000000020000a7c        0x4 ./Middlewares/Third_Party/FreeRTOS/Source/tasks.o
 .bss.xYieldPending
                0x0000000020000a80        0x4 ./Middlewares/Third_Party/FreeRTOS/Source/tasks.o
 .bss.xNumOfOverflows
                0x0000000020000a84        0x4 ./Middlewares/Third_Party/FreeRTOS/Source/tasks.o
 .bss.uxTaskNumber
                0x0000000020000a88        0x4 ./Middlewares/Third_Party/FreeRTOS/Source/tasks.o
 .bss.xNextTaskUnblockTime
                0x0000000020000a8c        0x4 ./Middlewares/Third_Party/FreeRTOS/Source/tasks.o
 .bss.xIdleTaskHandle
                0x0000000020000a90        0x4 ./Middlewares/Third_Party/FreeRTOS/Source/tasks.o
 .bss.uxSchedulerSuspended
                0x0000000020000a94        0x4 ./Middlewares/Third_Party/FreeRTOS/Source/tasks.o
 .bss.ucMaxSysCallPriority
                0x0000000020000a98        0x1 ./Middlewares/Third_Party/FreeRTOS/Source/portable/GCC/ARM_CM3/port.o
 *fill*         0x0000000020000a99        0x3 
 .bss.ulMaxPRIGROUPValue
                0x0000000020000a9c        0x4 ./Middlewares/Third_Party/FreeRTOS/Source/portable/GCC/ARM_CM3/port.o
 .bss.ucHeap    0x0000000020000aa0     0x3000 ./Middlewares/Third_Party/FreeRTOS/Source/portable/MemMang/heap_4.o
 .bss.xStart    0x0000000020003aa0        0x8 ./Middlewares/Third_Party/FreeRTOS/Source/portable/MemMang/heap_4.o
 .bss.pxEnd     0x0000000020003aa8        0x4 ./Middlewares/Third_Party/FreeRTOS/Source/portable/MemMang/heap_4.o
 .bss.xFreeBytesRemaining
                0x0000000020003aac        0x4 ./Middlewares/Third_Party/FreeRTOS/Source/portable/MemMang/heap_4.o
 .bss.xMinimumEverFreeBytesRemaining
                0x0000000020003ab0        0x4 ./Middlewares/Third_Party/FreeRTOS/Source/portable/MemMang/heap_4.o
 .bss.xBlockAllocatedBit
                0x0000000020003ab4        0x4 ./Middlewares/Third_Party/FreeRTOS/Source/portable/MemMang/heap_4.o
 .bss.__sf      0x0000000020003ab8      0x138 C:/ST/STM32CubeIDE_1.13.1/STM32CubeIDE/plugins/com.st.stm32cube.ide.mcu.externaltools.gnu-tools-for-stm32.11.3.rel1.win32_1.1.0.202305231506/tools/bin/../lib/gcc/arm-none-eabi/11.3.1/../../../../arm-none-eabi/lib/thumb/v7-m/nofp\libc_nano.a(libc_a-findfp.o)
                0x0000000020003ab8                __sf
 .bss.__lock___malloc_recursive_mutex
                0x0000000020003bf0        0x1 C:/ST/STM32CubeIDE_1.13.1/STM32CubeIDE/plugins/com.st.stm32cube.ide.mcu.externaltools.gnu-tools-for-stm32.11.3.rel1.win32_1.1.0.202305231506/tools/bin/../lib/gcc/arm-none-eabi/11.3.1/../../../../arm-none-eabi/lib/thumb/v7-m/nofp\libc_nano.a(libc_a-lock.o)
                0x0000000020003bf0                __lock___malloc_recursive_mutex
 *fill*         0x0000000020003bf1        0x3 
 .bss.__malloc_free_list
                0x0000000020003bf4        0x4 C:/ST/STM32CubeIDE_1.13.1/STM32CubeIDE/plugins/com.st.stm32cube.ide.mcu.externaltools.gnu-tools-for-stm32.11.3.rel1.win32_1.1.0.202305231506/tools/bin/../lib/gcc/arm-none-eabi/11.3.1/../../../../arm-none-eabi/lib/thumb/v7-m/nofp\libc_nano.a(libc_a-mallocr.o)
                0x0000000020003bf4                __malloc_free_list
 *(COMMON)
                0x0000000020003bf8                . = ALIGN (0x4)
                0x0000000020003bf8                _ebss = .
                0x0000000020003bf8                __bss_end__ = _ebss

._user_heap_stack
                0x0000000020003bf8      0x600 load address 0x0000000008005648
                0x0000000020003bf8                . = ALIGN (0x8)
                [!provide]                        PROVIDE (end = .)
                0x0000000020003bf8                PROVIDE (_end = .)
                0x0000000020003df8                . = (. + _Min_Heap_Size)
 *fill*         0x0000000020003bf8      0x200 
                0x00000000200041f8                . = (. + _Min_Stack_Size)
 *fill*         0x0000000020003df8      0x400 
                0x00000000200041f8                . = ALIGN (0x8)

/DISCARD/
 libc.a(*)
 libm.a(*)
 libgcc.a(*)

.ARM.attributes
                0x0000000000000000       0x29
 *(.ARM.attributes)
 .ARM.attributes
                0x0000000000000000       0x1d C:/ST/STM32CubeIDE_1.13.1/STM32CubeIDE/plugins/com.st.stm32cube.ide.mcu.externaltools.gnu-tools-for-stm32.11.3.rel1.win32_1.1.0.202305231506/tools/bin/../lib/gcc/arm-none-eabi/11.3.1/thumb/v7-m/nofp/crti.o
 .ARM.attributes
                0x000000000000001d       0x2d C:/ST/STM32CubeIDE_1.13.1/STM32CubeIDE/plugins/com.st.stm32cube.ide.mcu.externaltools.gnu-tools-for-stm32.11.3.rel1.win32_1.1.0.202305231506/tools/bin/../lib/gcc/arm-none-eabi/11.3.1/thumb/v7-m/nofp/crtbegin.o
 .ARM.attributes
                0x000000000000004a       0x2d ./Core/Src/NOKIA5110_fb.o
 .ARM.attributes
                0x0000000000000077       0x2d ./Core/Src/PRNG_LFSR.o
 .ARM.attributes
                0x00000000000000a4       0x2d ./Core/Src/atraso.o
 .ARM.attributes
                0x00000000000000d1       0x2d ./Core/Src/freertos.o
 .ARM.attributes
                0x00000000000000fe       0x2d ./Core/Src/main.o
 .ARM.attributes
                0x000000000000012b       0x2d ./Core/Src/stm32f1xx_hal_msp.o
 .ARM.attributes
                0x0000000000000158       0x2d ./Core/Src/stm32f1xx_hal_timebase_tim.o
 .ARM.attributes
                0x0000000000000185       0x2d ./Core/Src/stm32f1xx_it.o
 .ARM.attributes
                0x00000000000001b2       0x2d ./Core/Src/system_stm32f1xx.o
 .ARM.attributes
                0x00000000000001df       0x21 ./Core/Startup/startup_stm32f103c8tx.o
 .ARM.attributes
                0x0000000000000200       0x2d ./Drivers/STM32F1xx_HAL_Driver/Src/stm32f1xx_hal.o
 .ARM.attributes
                0x000000000000022d       0x2d ./Drivers/STM32F1xx_HAL_Driver/Src/stm32f1xx_hal_adc.o
 .ARM.attributes
                0x000000000000025a       0x2d ./Drivers/STM32F1xx_HAL_Driver/Src/stm32f1xx_hal_adc_ex.o
 .ARM.attributes
                0x0000000000000287       0x2d ./Drivers/STM32F1xx_HAL_Driver/Src/stm32f1xx_hal_cortex.o
 .ARM.attributes
                0x00000000000002b4       0x2d ./Drivers/STM32F1xx_HAL_Driver/Src/stm32f1xx_hal_dma.o
 .ARM.attributes
                0x00000000000002e1       0x2d ./Drivers/STM32F1xx_HAL_Driver/Src/stm32f1xx_hal_gpio.o
 .ARM.attributes
                0x000000000000030e       0x2d ./Drivers/STM32F1xx_HAL_Driver/Src/stm32f1xx_hal_rcc.o
 .ARM.attributes
                0x000000000000033b       0x2d ./Drivers/STM32F1xx_HAL_Driver/Src/stm32f1xx_hal_rcc_ex.o
 .ARM.attributes
                0x0000000000000368       0x2d ./Drivers/STM32F1xx_HAL_Driver/Src/stm32f1xx_hal_tim.o
 .ARM.attributes
                0x0000000000000395       0x2d ./Drivers/STM32F1xx_HAL_Driver/Src/stm32f1xx_hal_tim_ex.o
 .ARM.attributes
                0x00000000000003c2       0x2d ./Middlewares/Third_Party/FreeRTOS/Source/CMSIS_RTOS/cmsis_os.o
 .ARM.attributes
                0x00000000000003ef       0x2d ./Middlewares/Third_Party/FreeRTOS/Source/list.o
 .ARM.attributes
                0x000000000000041c       0x2d ./Middlewares/Third_Party/FreeRTOS/Source/tasks.o
 .ARM.attributes
                0x0000000000000449       0x2d ./Middlewares/Third_Party/FreeRTOS/Source/portable/GCC/ARM_CM3/port.o
 .ARM.attributes
                0x0000000000000476       0x2d ./Middlewares/Third_Party/FreeRTOS/Source/portable/MemMang/heap_4.o
 .ARM.attributes
                0x00000000000004a3       0x2d C:/ST/STM32CubeIDE_1.13.1/STM32CubeIDE/plugins/com.st.stm32cube.ide.mcu.externaltools.gnu-tools-for-stm32.11.3.rel1.win32_1.1.0.202305231506/tools/bin/../lib/gcc/arm-none-eabi/11.3.1/../../../../arm-none-eabi/lib/thumb/v7-m/nofp\libc_nano.a(libc_a-findfp.o)
 .ARM.attributes
                0x00000000000004d0       0x2d C:/ST/STM32CubeIDE_1.13.1/STM32CubeIDE/plugins/com.st.stm32cube.ide.mcu.externaltools.gnu-tools-for-stm32.11.3.rel1.win32_1.1.0.202305231506/tools/bin/../lib/gcc/arm-none-eabi/11.3.1/../../../../arm-none-eabi/lib/thumb/v7-m/nofp\libc_nano.a(libc_a-memset.o)
 .ARM.attributes
                0x00000000000004fd       0x2d C:/ST/STM32CubeIDE_1.13.1/STM32CubeIDE/plugins/com.st.stm32cube.ide.mcu.externaltools.gnu-tools-for-stm32.11.3.rel1.win32_1.1.0.202305231506/tools/bin/../lib/gcc/arm-none-eabi/11.3.1/../../../../arm-none-eabi/lib/thumb/v7-m/nofp\libc_nano.a(libc_a-reent.o)
 .ARM.attributes
                0x000000000000052a       0x2d C:/ST/STM32CubeIDE_1.13.1/STM32CubeIDE/plugins/com.st.stm32cube.ide.mcu.externaltools.gnu-tools-for-stm32.11.3.rel1.win32_1.1.0.202305231506/tools/bin/../lib/gcc/arm-none-eabi/11.3.1/../../../../arm-none-eabi/lib/thumb/v7-m/nofp\libc_nano.a(libc_a-impure.o)
 .ARM.attributes
                0x0000000000000557       0x2d C:/ST/STM32CubeIDE_1.13.1/STM32CubeIDE/plugins/com.st.stm32cube.ide.mcu.externaltools.gnu-tools-for-stm32.11.3.rel1.win32_1.1.0.202305231506/tools/bin/../lib/gcc/arm-none-eabi/11.3.1/../../../../arm-none-eabi/lib/thumb/v7-m/nofp\libc_nano.a(libc_a-init.o)
 .ARM.attributes
                0x0000000000000584       0x2d C:/ST/STM32CubeIDE_1.13.1/STM32CubeIDE/plugins/com.st.stm32cube.ide.mcu.externaltools.gnu-tools-for-stm32.11.3.rel1.win32_1.1.0.202305231506/tools/bin/../lib/gcc/arm-none-eabi/11.3.1/../../../../arm-none-eabi/lib/thumb/v7-m/nofp\libc_nano.a(libc_a-lock.o)
 .ARM.attributes
                0x00000000000005b1       0x2d C:/ST/STM32CubeIDE_1.13.1/STM32CubeIDE/plugins/com.st.stm32cube.ide.mcu.externaltools.gnu-tools-for-stm32.11.3.rel1.win32_1.1.0.202305231506/tools/bin/../lib/gcc/arm-none-eabi/11.3.1/../../../../arm-none-eabi/lib/thumb/v7-m/nofp\libc_nano.a(libc_a-freer.o)
 .ARM.attributes
                0x00000000000005de       0x2d C:/ST/STM32CubeIDE_1.13.1/STM32CubeIDE/plugins/com.st.stm32cube.ide.mcu.externaltools.gnu-tools-for-stm32.11.3.rel1.win32_1.1.0.202305231506/tools/bin/../lib/gcc/arm-none-eabi/11.3.1/../../../../arm-none-eabi/lib/thumb/v7-m/nofp\libc_nano.a(libc_a-mallocr.o)
 .ARM.attributes
                0x000000000000060b       0x2d C:/ST/STM32CubeIDE_1.13.1/STM32CubeIDE/plugins/com.st.stm32cube.ide.mcu.externaltools.gnu-tools-for-stm32.11.3.rel1.win32_1.1.0.202305231506/tools/bin/../lib/gcc/arm-none-eabi/11.3.1/../../../../arm-none-eabi/lib/thumb/v7-m/nofp\libc_nano.a(libc_a-mlock.o)
 .ARM.attributes
                0x0000000000000638       0x1d C:/ST/STM32CubeIDE_1.13.1/STM32CubeIDE/plugins/com.st.stm32cube.ide.mcu.externaltools.gnu-tools-for-stm32.11.3.rel1.win32_1.1.0.202305231506/tools/bin/../lib/gcc/arm-none-eabi/11.3.1/thumb/v7-m/nofp/crtn.o
OUTPUT(IFSC_Freeway.elf elf32-littlearm)
LOAD linker stubs
LOAD C:/ST/STM32CubeIDE_1.13.1/STM32CubeIDE/plugins/com.st.stm32cube.ide.mcu.externaltools.gnu-tools-for-stm32.11.3.rel1.win32_1.1.0.202305231506/tools/bin/../lib/gcc/arm-none-eabi/11.3.1/../../../../arm-none-eabi/lib/thumb/v7-m/nofp\libc.a
LOAD C:/ST/STM32CubeIDE_1.13.1/STM32CubeIDE/plugins/com.st.stm32cube.ide.mcu.externaltools.gnu-tools-for-stm32.11.3.rel1.win32_1.1.0.202305231506/tools/bin/../lib/gcc/arm-none-eabi/11.3.1/../../../../arm-none-eabi/lib/thumb/v7-m/nofp\libm.a
LOAD C:/ST/STM32CubeIDE_1.13.1/STM32CubeIDE/plugins/com.st.stm32cube.ide.mcu.externaltools.gnu-tools-for-stm32.11.3.rel1.win32_1.1.0.202305231506/tools/bin/../lib/gcc/arm-none-eabi/11.3.1/thumb/v7-m/nofp\libgcc.a

.comment        0x0000000000000000       0x43
 .comment       0x0000000000000000       0x43 C:/ST/STM32CubeIDE_1.13.1/STM32CubeIDE/plugins/com.st.stm32cube.ide.mcu.externaltools.gnu-tools-for-stm32.11.3.rel1.win32_1.1.0.202305231506/tools/bin/../lib/gcc/arm-none-eabi/11.3.1/thumb/v7-m/nofp/crtbegin.o
                                         0x44 (size before relaxing)
 .comment       0x0000000000000043       0x44 ./Core/Src/NOKIA5110_fb.o
 .comment       0x0000000000000043       0x44 ./Core/Src/PRNG_LFSR.o
 .comment       0x0000000000000043       0x44 ./Core/Src/atraso.o
 .comment       0x0000000000000043       0x44 ./Core/Src/freertos.o
 .comment       0x0000000000000043       0x44 ./Core/Src/main.o
 .comment       0x0000000000000043       0x44 ./Core/Src/stm32f1xx_hal_msp.o
 .comment       0x0000000000000043       0x44 ./Core/Src/stm32f1xx_hal_timebase_tim.o
 .comment       0x0000000000000043       0x44 ./Core/Src/stm32f1xx_it.o
 .comment       0x0000000000000043       0x44 ./Core/Src/system_stm32f1xx.o
 .comment       0x0000000000000043       0x44 ./Drivers/STM32F1xx_HAL_Driver/Src/stm32f1xx_hal.o
 .comment       0x0000000000000043       0x44 ./Drivers/STM32F1xx_HAL_Driver/Src/stm32f1xx_hal_adc.o
 .comment       0x0000000000000043       0x44 ./Drivers/STM32F1xx_HAL_Driver/Src/stm32f1xx_hal_adc_ex.o
 .comment       0x0000000000000043       0x44 ./Drivers/STM32F1xx_HAL_Driver/Src/stm32f1xx_hal_cortex.o
 .comment       0x0000000000000043       0x44 ./Drivers/STM32F1xx_HAL_Driver/Src/stm32f1xx_hal_dma.o
 .comment       0x0000000000000043       0x44 ./Drivers/STM32F1xx_HAL_Driver/Src/stm32f1xx_hal_gpio.o
 .comment       0x0000000000000043       0x44 ./Drivers/STM32F1xx_HAL_Driver/Src/stm32f1xx_hal_rcc.o
 .comment       0x0000000000000043       0x44 ./Drivers/STM32F1xx_HAL_Driver/Src/stm32f1xx_hal_rcc_ex.o
 .comment       0x0000000000000043       0x44 ./Drivers/STM32F1xx_HAL_Driver/Src/stm32f1xx_hal_tim.o
 .comment       0x0000000000000043       0x44 ./Drivers/STM32F1xx_HAL_Driver/Src/stm32f1xx_hal_tim_ex.o
 .comment       0x0000000000000043       0x44 ./Middlewares/Third_Party/FreeRTOS/Source/CMSIS_RTOS/cmsis_os.o
 .comment       0x0000000000000043       0x44 ./Middlewares/Third_Party/FreeRTOS/Source/list.o
 .comment       0x0000000000000043       0x44 ./Middlewares/Third_Party/FreeRTOS/Source/tasks.o
 .comment       0x0000000000000043       0x44 ./Middlewares/Third_Party/FreeRTOS/Source/portable/GCC/ARM_CM3/port.o
 .comment       0x0000000000000043       0x44 ./Middlewares/Third_Party/FreeRTOS/Source/portable/MemMang/heap_4.o

.debug_info     0x0000000000000000    0x11677
 .debug_info    0x0000000000000000      0x906 ./Core/Src/NOKIA5110_fb.o
 .debug_info    0x0000000000000906       0xf5 ./Core/Src/PRNG_LFSR.o
 .debug_info    0x00000000000009fb       0xf2 ./Core/Src/atraso.o
 .debug_info    0x0000000000000aed      0x918 ./Core/Src/freertos.o
 .debug_info    0x0000000000001405     0x1970 ./Core/Src/main.o
 .debug_info    0x0000000000002d75      0x9aa ./Core/Src/stm32f1xx_hal_msp.o
 .debug_info    0x000000000000371f      0x97b ./Core/Src/stm32f1xx_hal_timebase_tim.o
 .debug_info    0x000000000000409a      0x8ca ./Core/Src/stm32f1xx_it.o
 .debug_info    0x0000000000004964      0x222 ./Core/Src/system_stm32f1xx.o
 .debug_info    0x0000000000004b86       0x23 ./Core/Startup/startup_stm32f103c8tx.o
 .debug_info    0x0000000000004ba9      0x704 ./Drivers/STM32F1xx_HAL_Driver/Src/stm32f1xx_hal.o
 .debug_info    0x00000000000052ad      0xc2d ./Drivers/STM32F1xx_HAL_Driver/Src/stm32f1xx_hal_adc.o
 .debug_info    0x0000000000005eda      0xa0b ./Drivers/STM32F1xx_HAL_Driver/Src/stm32f1xx_hal_adc_ex.o
 .debug_info    0x00000000000068e5      0xa87 ./Drivers/STM32F1xx_HAL_Driver/Src/stm32f1xx_hal_cortex.o
 .debug_info    0x000000000000736c      0x6cd ./Drivers/STM32F1xx_HAL_Driver/Src/stm32f1xx_hal_dma.o
 .debug_info    0x0000000000007a39      0x5ab ./Drivers/STM32F1xx_HAL_Driver/Src/stm32f1xx_hal_gpio.o
 .debug_info    0x0000000000007fe4      0x7ee ./Drivers/STM32F1xx_HAL_Driver/Src/stm32f1xx_hal_rcc.o
 .debug_info    0x00000000000087d2      0x3ba ./Drivers/STM32F1xx_HAL_Driver/Src/stm32f1xx_hal_rcc_ex.o
 .debug_info    0x0000000000008b8c     0x2789 ./Drivers/STM32F1xx_HAL_Driver/Src/stm32f1xx_hal_tim.o
 .debug_info    0x000000000000b315     0x13f1 ./Drivers/STM32F1xx_HAL_Driver/Src/stm32f1xx_hal_tim_ex.o
 .debug_info    0x000000000000c706     0x21be ./Middlewares/Third_Party/FreeRTOS/Source/CMSIS_RTOS/cmsis_os.o
 .debug_info    0x000000000000e8c4      0x2aa ./Middlewares/Third_Party/FreeRTOS/Source/list.o
 .debug_info    0x000000000000eb6e     0x22b2 ./Middlewares/Third_Party/FreeRTOS/Source/tasks.o
 .debug_info    0x0000000000010e20      0x494 ./Middlewares/Third_Party/FreeRTOS/Source/portable/GCC/ARM_CM3/port.o
 .debug_info    0x00000000000112b4      0x3c3 ./Middlewares/Third_Party/FreeRTOS/Source/portable/MemMang/heap_4.o

.debug_abbrev   0x0000000000000000     0x32ff
 .debug_abbrev  0x0000000000000000      0x2a2 ./Core/Src/NOKIA5110_fb.o
 .debug_abbrev  0x00000000000002a2       0xa4 ./Core/Src/PRNG_LFSR.o
 .debug_abbrev  0x0000000000000346       0x82 ./Core/Src/atraso.o
 .debug_abbrev  0x00000000000003c8      0x16f ./Core/Src/freertos.o
 .debug_abbrev  0x0000000000000537      0x369 ./Core/Src/main.o
 .debug_abbrev  0x00000000000008a0      0x202 ./Core/Src/stm32f1xx_hal_msp.o
 .debug_abbrev  0x0000000000000aa2      0x1e0 ./Core/Src/stm32f1xx_hal_timebase_tim.o
 .debug_abbrev  0x0000000000000c82      0x194 ./Core/Src/stm32f1xx_it.o
 .debug_abbrev  0x0000000000000e16      0x13f ./Core/Src/system_stm32f1xx.o
 .debug_abbrev  0x0000000000000f55       0x12 ./Core/Startup/startup_stm32f103c8tx.o
 .debug_abbrev  0x0000000000000f67      0x201 ./Drivers/STM32F1xx_HAL_Driver/Src/stm32f1xx_hal.o
 .debug_abbrev  0x0000000000001168      0x225 ./Drivers/STM32F1xx_HAL_Driver/Src/stm32f1xx_hal_adc.o
 .debug_abbrev  0x000000000000138d      0x249 ./Drivers/STM32F1xx_HAL_Driver/Src/stm32f1xx_hal_adc_ex.o
 .debug_abbrev  0x00000000000015d6      0x2f8 ./Drivers/STM32F1xx_HAL_Driver/Src/stm32f1xx_hal_cortex.o
 .debug_abbrev  0x00000000000018ce      0x20b ./Drivers/STM32F1xx_HAL_Driver/Src/stm32f1xx_hal_dma.o
 .debug_abbrev  0x0000000000001ad9      0x1ca ./Drivers/STM32F1xx_HAL_Driver/Src/stm32f1xx_hal_gpio.o
 .debug_abbrev  0x0000000000001ca3      0x2b1 ./Drivers/STM32F1xx_HAL_Driver/Src/stm32f1xx_hal_rcc.o
 .debug_abbrev  0x0000000000001f54      0x188 ./Drivers/STM32F1xx_HAL_Driver/Src/stm32f1xx_hal_rcc_ex.o
 .debug_abbrev  0x00000000000020dc      0x270 ./Drivers/STM32F1xx_HAL_Driver/Src/stm32f1xx_hal_tim.o
 .debug_abbrev  0x000000000000234c      0x27b ./Drivers/STM32F1xx_HAL_Driver/Src/stm32f1xx_hal_tim_ex.o
 .debug_abbrev  0x00000000000025c7      0x416 ./Middlewares/Third_Party/FreeRTOS/Source/CMSIS_RTOS/cmsis_os.o
 .debug_abbrev  0x00000000000029dd       0xf5 ./Middlewares/Third_Party/FreeRTOS/Source/list.o
 .debug_abbrev  0x0000000000002ad2      0x3d0 ./Middlewares/Third_Party/FreeRTOS/Source/tasks.o
 .debug_abbrev  0x0000000000002ea2      0x258 ./Middlewares/Third_Party/FreeRTOS/Source/portable/GCC/ARM_CM3/port.o
 .debug_abbrev  0x00000000000030fa      0x205 ./Middlewares/Third_Party/FreeRTOS/Source/portable/MemMang/heap_4.o

.debug_aranges  0x0000000000000000     0x1160
 .debug_aranges
                0x0000000000000000       0xa8 ./Core/Src/NOKIA5110_fb.o
 .debug_aranges
                0x00000000000000a8       0x28 ./Core/Src/PRNG_LFSR.o
 .debug_aranges
                0x00000000000000d0       0x30 ./Core/Src/atraso.o
 .debug_aranges
                0x0000000000000100       0x20 ./Core/Src/freertos.o
 .debug_aranges
                0x0000000000000120       0x88 ./Core/Src/main.o
 .debug_aranges
                0x00000000000001a8       0x30 ./Core/Src/stm32f1xx_hal_msp.o
 .debug_aranges
                0x00000000000001d8       0x30 ./Core/Src/stm32f1xx_hal_timebase_tim.o
 .debug_aranges
                0x0000000000000208       0x60 ./Core/Src/stm32f1xx_it.o
 .debug_aranges
                0x0000000000000268       0x28 ./Core/Src/system_stm32f1xx.o
 .debug_aranges
                0x0000000000000290       0x28 ./Core/Startup/startup_stm32f103c8tx.o
 .debug_aranges
                0x00000000000002b8       0xe0 ./Drivers/STM32F1xx_HAL_Driver/Src/stm32f1xx_hal.o
 .debug_aranges
                0x0000000000000398       0xf0 ./Drivers/STM32F1xx_HAL_Driver/Src/stm32f1xx_hal_adc.o
 .debug_aranges
                0x0000000000000488       0x80 ./Drivers/STM32F1xx_HAL_Driver/Src/stm32f1xx_hal_adc_ex.o
 .debug_aranges
                0x0000000000000508      0x100 ./Drivers/STM32F1xx_HAL_Driver/Src/stm32f1xx_hal_cortex.o
 .debug_aranges
                0x0000000000000608       0x80 ./Drivers/STM32F1xx_HAL_Driver/Src/stm32f1xx_hal_dma.o
 .debug_aranges
                0x0000000000000688       0x58 ./Drivers/STM32F1xx_HAL_Driver/Src/stm32f1xx_hal_gpio.o
 .debug_aranges
                0x00000000000006e0       0x90 ./Drivers/STM32F1xx_HAL_Driver/Src/stm32f1xx_hal_rcc.o
 .debug_aranges
                0x0000000000000770       0x30 ./Drivers/STM32F1xx_HAL_Driver/Src/stm32f1xx_hal_rcc_ex.o
 .debug_aranges
                0x00000000000007a0      0x3d0 ./Drivers/STM32F1xx_HAL_Driver/Src/stm32f1xx_hal_tim.o
 .debug_aranges
                0x0000000000000b70      0x168 ./Drivers/STM32F1xx_HAL_Driver/Src/stm32f1xx_hal_tim_ex.o
 .debug_aranges
                0x0000000000000cd8      0x1d8 ./Middlewares/Third_Party/FreeRTOS/Source/CMSIS_RTOS/cmsis_os.o
 .debug_aranges
                0x0000000000000eb0       0x40 ./Middlewares/Third_Party/FreeRTOS/Source/list.o
 .debug_aranges
                0x0000000000000ef0      0x1a8 ./Middlewares/Third_Party/FreeRTOS/Source/tasks.o
 .debug_aranges
                0x0000000000001098       0x78 ./Middlewares/Third_Party/FreeRTOS/Source/portable/GCC/ARM_CM3/port.o
 .debug_aranges
                0x0000000000001110       0x50 ./Middlewares/Third_Party/FreeRTOS/Source/portable/MemMang/heap_4.o

.debug_rnglists
                0x0000000000000000      0xd52
 .debug_rnglists
                0x0000000000000000       0x83 ./Core/Src/NOKIA5110_fb.o
 .debug_rnglists
                0x0000000000000083       0x19 ./Core/Src/PRNG_LFSR.o
 .debug_rnglists
                0x000000000000009c       0x1f ./Core/Src/atraso.o
 .debug_rnglists
                0x00000000000000bb       0x13 ./Core/Src/freertos.o
 .debug_rnglists
                0x00000000000000ce       0x67 ./Core/Src/main.o
 .debug_rnglists
                0x0000000000000135       0x20 ./Core/Src/stm32f1xx_hal_msp.o
 .debug_rnglists
                0x0000000000000155       0x20 ./Core/Src/stm32f1xx_hal_timebase_tim.o
 .debug_rnglists
                0x0000000000000175       0x43 ./Core/Src/stm32f1xx_it.o
 .debug_rnglists
                0x00000000000001b8       0x1a ./Core/Src/system_stm32f1xx.o
 .debug_rnglists
                0x00000000000001d2       0x19 ./Core/Startup/startup_stm32f103c8tx.o
 .debug_rnglists
                0x00000000000001eb       0xa3 ./Drivers/STM32F1xx_HAL_Driver/Src/stm32f1xx_hal.o
 .debug_rnglists
                0x000000000000028e       0xbc ./Drivers/STM32F1xx_HAL_Driver/Src/stm32f1xx_hal_adc.o
 .debug_rnglists
                0x000000000000034a       0x65 ./Drivers/STM32F1xx_HAL_Driver/Src/stm32f1xx_hal_adc_ex.o
 .debug_rnglists
                0x00000000000003af       0xbb ./Drivers/STM32F1xx_HAL_Driver/Src/stm32f1xx_hal_cortex.o
 .debug_rnglists
                0x000000000000046a       0x64 ./Drivers/STM32F1xx_HAL_Driver/Src/stm32f1xx_hal_dma.o
 .debug_rnglists
                0x00000000000004ce       0x3f ./Drivers/STM32F1xx_HAL_Driver/Src/stm32f1xx_hal_gpio.o
 .debug_rnglists
                0x000000000000050d       0x6c ./Drivers/STM32F1xx_HAL_Driver/Src/stm32f1xx_hal_rcc.o
 .debug_rnglists
                0x0000000000000579       0x21 ./Drivers/STM32F1xx_HAL_Driver/Src/stm32f1xx_hal_rcc_ex.o
 .debug_rnglists
                0x000000000000059a      0x31a ./Drivers/STM32F1xx_HAL_Driver/Src/stm32f1xx_hal_tim.o
 .debug_rnglists
                0x00000000000008b4      0x125 ./Drivers/STM32F1xx_HAL_Driver/Src/stm32f1xx_hal_tim_ex.o
 .debug_rnglists
                0x00000000000009d9      0x16a ./Middlewares/Third_Party/FreeRTOS/Source/CMSIS_RTOS/cmsis_os.o
 .debug_rnglists
                0x0000000000000b43       0x2b ./Middlewares/Third_Party/FreeRTOS/Source/list.o
 .debug_rnglists
                0x0000000000000b6e      0x153 ./Middlewares/Third_Party/FreeRTOS/Source/tasks.o
 .debug_rnglists
                0x0000000000000cc1       0x56 ./Middlewares/Third_Party/FreeRTOS/Source/portable/GCC/ARM_CM3/port.o
 .debug_rnglists
                0x0000000000000d17       0x3b ./Middlewares/Third_Party/FreeRTOS/Source/portable/MemMang/heap_4.o

.debug_macro    0x0000000000000000    0x1a319
 .debug_macro   0x0000000000000000      0x29b ./Core/Src/NOKIA5110_fb.o
 .debug_macro   0x000000000000029b      0xa9c ./Core/Src/NOKIA5110_fb.o
 .debug_macro   0x0000000000000d37      0x221 ./Core/Src/NOKIA5110_fb.o
 .debug_macro   0x0000000000000f58       0x2e ./Core/Src/NOKIA5110_fb.o
 .debug_macro   0x0000000000000f86       0x22 ./Core/Src/NOKIA5110_fb.o
 .debug_macro   0x0000000000000fa8       0x22 ./Core/Src/NOKIA5110_fb.o
 .debug_macro   0x0000000000000fca       0x8e ./Core/Src/NOKIA5110_fb.o
 .debug_macro   0x0000000000001058       0x51 ./Core/Src/NOKIA5110_fb.o
 .debug_macro   0x00000000000010a9      0x103 ./Core/Src/NOKIA5110_fb.o
 .debug_macro   0x00000000000011ac       0x6a ./Core/Src/NOKIA5110_fb.o
 .debug_macro   0x0000000000001216      0x1df ./Core/Src/NOKIA5110_fb.o
 .debug_macro   0x00000000000013f5       0x1c ./Core/Src/NOKIA5110_fb.o
 .debug_macro   0x0000000000001411       0x22 ./Core/Src/NOKIA5110_fb.o
 .debug_macro   0x0000000000001433       0xbd ./Core/Src/NOKIA5110_fb.o
 .debug_macro   0x00000000000014f0      0xd23 ./Core/Src/NOKIA5110_fb.o
 .debug_macro   0x0000000000002213     0xe09e ./Core/Src/NOKIA5110_fb.o
 .debug_macro   0x00000000000102b1       0x6d ./Core/Src/NOKIA5110_fb.o
 .debug_macro   0x000000000001031e     0x3468 ./Core/Src/NOKIA5110_fb.o
 .debug_macro   0x0000000000013786      0x174 ./Core/Src/NOKIA5110_fb.o
 .debug_macro   0x00000000000138fa       0x5c ./Core/Src/NOKIA5110_fb.o
 .debug_macro   0x0000000000013956      0x5be ./Core/Src/NOKIA5110_fb.o
 .debug_macro   0x0000000000013f14      0x289 ./Core/Src/NOKIA5110_fb.o
 .debug_macro   0x000000000001419d      0x1cb ./Core/Src/NOKIA5110_fb.o
 .debug_macro   0x0000000000014368      0x114 ./Core/Src/NOKIA5110_fb.o
 .debug_macro   0x000000000001447c      0x1b2 ./Core/Src/NOKIA5110_fb.o
 .debug_macro   0x000000000001462e       0x27 ./Core/Src/NOKIA5110_fb.o
 .debug_macro   0x0000000000014655      0x136 ./Core/Src/NOKIA5110_fb.o
 .debug_macro   0x000000000001478b      0x1bc ./Core/Src/NOKIA5110_fb.o
 .debug_macro   0x0000000000014947       0x34 ./Core/Src/NOKIA5110_fb.o
 .debug_macro   0x000000000001497b       0x3c ./Core/Src/NOKIA5110_fb.o
 .debug_macro   0x00000000000149b7       0x57 ./Core/Src/NOKIA5110_fb.o
 .debug_macro   0x0000000000014a0e      0x46a ./Core/Src/NOKIA5110_fb.o
 .debug_macro   0x0000000000014e78      0x1b5 ./Core/Src/NOKIA5110_fb.o
 .debug_macro   0x000000000001502d       0x88 ./Core/Src/NOKIA5110_fb.o
 .debug_macro   0x00000000000150b5      0x241 ./Core/Src/NOKIA5110_fb.o
 .debug_macro   0x00000000000152f6      0x141 ./Core/Src/NOKIA5110_fb.o
 .debug_macro   0x0000000000015437      0x8d1 ./Core/Src/NOKIA5110_fb.o
 .debug_macro   0x0000000000015d08       0x83 ./Core/Src/NOKIA5110_fb.o
 .debug_macro   0x0000000000015d8b       0x2e ./Core/Src/NOKIA5110_fb.o
 .debug_macro   0x0000000000015db9       0x24 ./Core/Src/NOKIA5110_fb.o
 .debug_macro   0x0000000000015ddd       0x61 ./Core/Src/NOKIA5110_fb.o
 .debug_macro   0x0000000000015e3e       0x43 ./Core/Src/NOKIA5110_fb.o
 .debug_macro   0x0000000000015e81       0x34 ./Core/Src/NOKIA5110_fb.o
 .debug_macro   0x0000000000015eb5       0x16 ./Core/Src/NOKIA5110_fb.o
 .debug_macro   0x0000000000015ecb       0x35 ./Core/Src/NOKIA5110_fb.o
 .debug_macro   0x0000000000015f00       0x16 ./Core/Src/NOKIA5110_fb.o
 .debug_macro   0x0000000000015f16       0x43 ./Core/Src/NOKIA5110_fb.o
 .debug_macro   0x0000000000015f59       0x34 ./Core/Src/NOKIA5110_fb.o
 .debug_macro   0x0000000000015f8d       0x10 ./Core/Src/NOKIA5110_fb.o
 .debug_macro   0x0000000000015f9d       0x58 ./Core/Src/NOKIA5110_fb.o
 .debug_macro   0x0000000000015ff5       0x8e ./Core/Src/NOKIA5110_fb.o
 .debug_macro   0x0000000000016083       0x1c ./Core/Src/NOKIA5110_fb.o
 .debug_macro   0x000000000001609f      0x177 ./Core/Src/NOKIA5110_fb.o
 .debug_macro   0x0000000000016216      0x369 ./Core/Src/NOKIA5110_fb.o
 .debug_macro   0x000000000001657f       0x16 ./Core/Src/NOKIA5110_fb.o
 .debug_macro   0x0000000000016595       0x29 ./Core/Src/NOKIA5110_fb.o
 .debug_macro   0x00000000000165be       0x52 ./Core/Src/NOKIA5110_fb.o
 .debug_macro   0x0000000000016610      0x144 ./Core/Src/PRNG_LFSR.o
 .debug_macro   0x0000000000016754       0x5b ./Core/Src/PRNG_LFSR.o
 .debug_macro   0x00000000000167af       0x94 ./Core/Src/PRNG_LFSR.o
 .debug_macro   0x0000000000016843       0x16 ./Core/Src/PRNG_LFSR.o
 .debug_macro   0x0000000000016859       0x57 ./Core/Src/PRNG_LFSR.o
 .debug_macro   0x00000000000168b0       0x97 ./Core/Src/PRNG_LFSR.o
 .debug_macro   0x0000000000016947       0xfd ./Core/Src/PRNG_LFSR.o
 .debug_macro   0x0000000000016a44       0x10 ./Core/Src/PRNG_LFSR.o
 .debug_macro   0x0000000000016a54       0x16 ./Core/Src/PRNG_LFSR.o
 .debug_macro   0x0000000000016a6a       0x16 ./Core/Src/PRNG_LFSR.o
 .debug_macro   0x0000000000016a80      0x147 ./Core/Src/PRNG_LFSR.o
 .debug_macro   0x0000000000016bc7       0x6d ./Core/Src/atraso.o
 .debug_macro   0x0000000000016c34      0x2bc ./Core/Src/freertos.o
 .debug_macro   0x0000000000016ef0       0xdc ./Core/Src/freertos.o
 .debug_macro   0x0000000000016fcc      0x15a ./Core/Src/freertos.o
 .debug_macro   0x0000000000017126       0xd7 ./Core/Src/freertos.o
 .debug_macro   0x00000000000171fd       0x10 ./Core/Src/freertos.o
 .debug_macro   0x000000000001720d       0x1f ./Core/Src/freertos.o
 .debug_macro   0x000000000001722c       0x10 ./Core/Src/freertos.o
 .debug_macro   0x000000000001723c      0x4b1 ./Core/Src/freertos.o
 .debug_macro   0x00000000000176ed       0xb5 ./Core/Src/freertos.o
 .debug_macro   0x00000000000177a2       0x8c ./Core/Src/freertos.o
 .debug_macro   0x000000000001782e      0x3c0 ./Core/Src/main.o
 .debug_macro   0x0000000000017bee       0xdc ./Core/Src/main.o
 .debug_macro   0x0000000000017cca       0x91 ./Core/Src/main.o
 .debug_macro   0x0000000000017d5b       0x8d ./Core/Src/main.o
 .debug_macro   0x0000000000017de8       0x7e ./Core/Src/main.o
 .debug_macro   0x0000000000017e66       0x19 ./Core/Src/main.o
 .debug_macro   0x0000000000017e7f       0xf2 ./Core/Src/main.o
 .debug_macro   0x0000000000017f71       0x1c ./Core/Src/main.o
 .debug_macro   0x0000000000017f8d       0x1c ./Core/Src/main.o
 .debug_macro   0x0000000000017fa9      0x1b7 ./Core/Src/stm32f1xx_hal_msp.o
 .debug_macro   0x0000000000018160      0x1ad ./Core/Src/stm32f1xx_hal_timebase_tim.o
 .debug_macro   0x000000000001830d      0x1c1 ./Core/Src/stm32f1xx_it.o
 .debug_macro   0x00000000000184ce      0x1ad ./Core/Src/system_stm32f1xx.o
 .debug_macro   0x000000000001867b      0x1d1 ./Drivers/STM32F1xx_HAL_Driver/Src/stm32f1xx_hal.o
 .debug_macro   0x000000000001884c      0x1ca ./Drivers/STM32F1xx_HAL_Driver/Src/stm32f1xx_hal_adc.o
 .debug_macro   0x0000000000018a16      0x1bf ./Drivers/STM32F1xx_HAL_Driver/Src/stm32f1xx_hal_adc_ex.o
 .debug_macro   0x0000000000018bd5      0x1ad ./Drivers/STM32F1xx_HAL_Driver/Src/stm32f1xx_hal_cortex.o
 .debug_macro   0x0000000000018d82      0x1ad ./Drivers/STM32F1xx_HAL_Driver/Src/stm32f1xx_hal_dma.o
 .debug_macro   0x0000000000018f2f      0x218 ./Drivers/STM32F1xx_HAL_Driver/Src/stm32f1xx_hal_gpio.o
 .debug_macro   0x0000000000019147      0x1bf ./Drivers/STM32F1xx_HAL_Driver/Src/stm32f1xx_hal_rcc.o
 .debug_macro   0x0000000000019306      0x1ad ./Drivers/STM32F1xx_HAL_Driver/Src/stm32f1xx_hal_rcc_ex.o
 .debug_macro   0x00000000000194b3      0x1ae ./Drivers/STM32F1xx_HAL_Driver/Src/stm32f1xx_hal_tim.o
 .debug_macro   0x0000000000019661      0x1ad ./Drivers/STM32F1xx_HAL_Driver/Src/stm32f1xx_hal_tim_ex.o
 .debug_macro   0x000000000001980e      0x210 ./Middlewares/Third_Party/FreeRTOS/Source/CMSIS_RTOS/cmsis_os.o
 .debug_macro   0x0000000000019a1e       0x10 ./Middlewares/Third_Party/FreeRTOS/Source/CMSIS_RTOS/cmsis_os.o
 .debug_macro   0x0000000000019a2e       0x20 ./Middlewares/Third_Party/FreeRTOS/Source/CMSIS_RTOS/cmsis_os.o
 .debug_macro   0x0000000000019a4e       0x16 ./Middlewares/Third_Party/FreeRTOS/Source/CMSIS_RTOS/cmsis_os.o
 .debug_macro   0x0000000000019a64       0xab ./Middlewares/Third_Party/FreeRTOS/Source/CMSIS_RTOS/cmsis_os.o
 .debug_macro   0x0000000000019b0f      0x199 ./Middlewares/Third_Party/FreeRTOS/Source/list.o
 .debug_macro   0x0000000000019ca8      0x292 ./Middlewares/Third_Party/FreeRTOS/Source/tasks.o
 .debug_macro   0x0000000000019f3a       0x10 ./Middlewares/Third_Party/FreeRTOS/Source/tasks.o
 .debug_macro   0x0000000000019f4a      0x20f ./Middlewares/Third_Party/FreeRTOS/Source/portable/GCC/ARM_CM3/port.o
 .debug_macro   0x000000000001a159      0x1c0 ./Middlewares/Third_Party/FreeRTOS/Source/portable/MemMang/heap_4.o

.debug_line     0x0000000000000000    0x14709
 .debug_line    0x0000000000000000     0x1287 ./Core/Src/NOKIA5110_fb.o
 .debug_line    0x0000000000001287      0x5bb ./Core/Src/PRNG_LFSR.o
 .debug_line    0x0000000000001842      0x451 ./Core/Src/atraso.o
 .debug_line    0x0000000000001c93      0x942 ./Core/Src/freertos.o
 .debug_line    0x00000000000025d5      0xdcd ./Core/Src/main.o
 .debug_line    0x00000000000033a2      0x784 ./Core/Src/stm32f1xx_hal_msp.o
 .debug_line    0x0000000000003b26      0x775 ./Core/Src/stm32f1xx_hal_timebase_tim.o
 .debug_line    0x000000000000429b      0x7e2 ./Core/Src/stm32f1xx_it.o
 .debug_line    0x0000000000004a7d      0x794 ./Core/Src/system_stm32f1xx.o
 .debug_line    0x0000000000005211       0x76 ./Core/Startup/startup_stm32f103c8tx.o
 .debug_line    0x0000000000005287      0x9c1 ./Drivers/STM32F1xx_HAL_Driver/Src/stm32f1xx_hal.o
 .debug_line    0x0000000000005c48     0x1030 ./Drivers/STM32F1xx_HAL_Driver/Src/stm32f1xx_hal_adc.o
 .debug_line    0x0000000000006c78      0xd74 ./Drivers/STM32F1xx_HAL_Driver/Src/stm32f1xx_hal_adc_ex.o
 .debug_line    0x00000000000079ec      0xba9 ./Drivers/STM32F1xx_HAL_Driver/Src/stm32f1xx_hal_cortex.o
 .debug_line    0x0000000000008595      0xe19 ./Drivers/STM32F1xx_HAL_Driver/Src/stm32f1xx_hal_dma.o
 .debug_line    0x00000000000093ae      0xa58 ./Drivers/STM32F1xx_HAL_Driver/Src/stm32f1xx_hal_gpio.o
 .debug_line    0x0000000000009e06      0xdcc ./Drivers/STM32F1xx_HAL_Driver/Src/stm32f1xx_hal_rcc.o
 .debug_line    0x000000000000abd2      0x90a ./Drivers/STM32F1xx_HAL_Driver/Src/stm32f1xx_hal_rcc_ex.o
 .debug_line    0x000000000000b4dc     0x3377 ./Drivers/STM32F1xx_HAL_Driver/Src/stm32f1xx_hal_tim.o
 .debug_line    0x000000000000e853     0x18e9 ./Drivers/STM32F1xx_HAL_Driver/Src/stm32f1xx_hal_tim_ex.o
 .debug_line    0x000000000001013c     0x1266 ./Middlewares/Third_Party/FreeRTOS/Source/CMSIS_RTOS/cmsis_os.o
 .debug_line    0x00000000000113a2      0x796 ./Middlewares/Third_Party/FreeRTOS/Source/list.o
 .debug_line    0x0000000000011b38     0x197c ./Middlewares/Third_Party/FreeRTOS/Source/tasks.o
 .debug_line    0x00000000000134b4      0x8fd ./Middlewares/Third_Party/FreeRTOS/Source/portable/GCC/ARM_CM3/port.o
 .debug_line    0x0000000000013db1      0x958 ./Middlewares/Third_Party/FreeRTOS/Source/portable/MemMang/heap_4.o

.debug_str      0x0000000000000000    0x95cbf
 .debug_str     0x0000000000000000    0x89523 ./Core/Src/NOKIA5110_fb.o
                                      0x89880 (size before relaxing)
 .debug_str     0x0000000000089523      0x694 ./Core/Src/PRNG_LFSR.o
                                       0x773a (size before relaxing)
 .debug_str     0x0000000000089bb7       0x2c ./Core/Src/atraso.o
                                       0x3ce2 (size before relaxing)
 .debug_str     0x0000000000089be3     0x3e37 ./Core/Src/freertos.o
                                      0x8bb16 (size before relaxing)
 .debug_str     0x000000000008da1a     0x323e ./Core/Src/main.o
                                      0x90c3c (size before relaxing)
 .debug_str     0x0000000000090c58       0xbc ./Core/Src/stm32f1xx_hal_msp.o
                                      0x868e7 (size before relaxing)
 .debug_str     0x0000000000090d14       0xec ./Core/Src/stm32f1xx_hal_timebase_tim.o
                                      0x86a91 (size before relaxing)
 .debug_str     0x0000000000090e00       0xf4 ./Core/Src/stm32f1xx_it.o
                                      0x8681d (size before relaxing)
 .debug_str     0x0000000000090ef4       0x7e ./Core/Src/system_stm32f1xx.o
                                      0x861eb (size before relaxing)
 .debug_str     0x0000000000090f72       0x34 ./Core/Startup/startup_stm32f103c8tx.o
                                         0x74 (size before relaxing)
 .debug_str     0x0000000000090fa6      0x34b ./Drivers/STM32F1xx_HAL_Driver/Src/stm32f1xx_hal.o
                                      0x8691e (size before relaxing)
 .debug_str     0x00000000000912f1      0x342 ./Drivers/STM32F1xx_HAL_Driver/Src/stm32f1xx_hal_adc.o
                                      0x868c8 (size before relaxing)
 .debug_str     0x0000000000091633      0x2d8 ./Drivers/STM32F1xx_HAL_Driver/Src/stm32f1xx_hal_adc_ex.o
                                      0x8689f (size before relaxing)
 .debug_str     0x000000000009190b      0x281 ./Drivers/STM32F1xx_HAL_Driver/Src/stm32f1xx_hal_cortex.o
                                      0x8686a (size before relaxing)
 .debug_str     0x0000000000091b8c      0x1e7 ./Drivers/STM32F1xx_HAL_Driver/Src/stm32f1xx_hal_dma.o
                                      0x86594 (size before relaxing)
 .debug_str     0x0000000000091d73      0x2d0 ./Drivers/STM32F1xx_HAL_Driver/Src/stm32f1xx_hal_gpio.o
                                      0x86571 (size before relaxing)
 .debug_str     0x0000000000092043      0x1f3 ./Drivers/STM32F1xx_HAL_Driver/Src/stm32f1xx_hal_rcc.o
                                      0x8661a (size before relaxing)
 .debug_str     0x0000000000092236       0x84 ./Drivers/STM32F1xx_HAL_Driver/Src/stm32f1xx_hal_rcc_ex.o
                                      0x8636a (size before relaxing)
 .debug_str     0x00000000000922ba      0xe2e ./Drivers/STM32F1xx_HAL_Driver/Src/stm32f1xx_hal_tim.o
                                      0x87605 (size before relaxing)
 .debug_str     0x00000000000930e8      0x503 ./Drivers/STM32F1xx_HAL_Driver/Src/stm32f1xx_hal_tim_ex.o
                                      0x86e21 (size before relaxing)
 .debug_str     0x00000000000935eb      0xb43 ./Middlewares/Third_Party/FreeRTOS/Source/CMSIS_RTOS/cmsis_os.o
                                       0xe44d (size before relaxing)
 .debug_str     0x000000000009412e      0x139 ./Middlewares/Third_Party/FreeRTOS/Source/list.o
                                       0xa744 (size before relaxing)
 .debug_str     0x0000000000094267     0x11a7 ./Middlewares/Third_Party/FreeRTOS/Source/tasks.o
                                       0xcd85 (size before relaxing)
 .debug_str     0x000000000009540e      0x66e ./Middlewares/Third_Party/FreeRTOS/Source/portable/GCC/ARM_CM3/port.o
                                       0x9d13 (size before relaxing)
 .debug_str     0x0000000000095a7c      0x243 ./Middlewares/Third_Party/FreeRTOS/Source/portable/MemMang/heap_4.o
                                       0xae91 (size before relaxing)

.debug_frame    0x0000000000000000     0x4930