../Core/Src/main.c:112:6:vTask_LCD_Print	8	static
../Core/Src/main.c:148:6:vTask_Desloca	24	static
../Core/Src/main.c:290:6:vTask_Pontuacao_Test	8	static
../Core/Src/main.c:205:6:vTask_Desloca_Principal_Colisao	16	static
../Core/Src/main.c:101:6:HAL_ADC_ConvCpltCallback	0	static
../Core/Src/main.c:189:6:isHit	4	static
../Core/Src/main.c:454:6:SystemClock_Config	96	static,ignoring_inline_asm
../Core/Src/main.c:315:5:main	64	static,ignoring_inline_asm
../Core/Src/main.c:620:6:StartDefaultTask	8	static
../Core/Src/main.c:639:6:HAL_TIM_PeriodElapsedCallback	0	static
../Core/Src/main.c:656:6:Error_Handler	0	static,ignoring_inline_asm
