../Core/Src/NOKIA5110_fb.c:126:6:cmd_LCD	24	static
../Core/Src/NOKIA5110_fb.c:147:6:data_LCD	24	static
../Core/Src/NOKIA5110_fb.c:168:6:inic_LCD	8	static
../Core/Src/NOKIA5110_fb.c:184:6:goto_XY	16	static
../Core/Src/NOKIA5110_fb.c:192:6:escreve2fb	24	static
../Core/Src/NOKIA5110_fb.c:200:6:imprime_LCD	16	static
../Core/Src/NOKIA5110_fb.c:212:6:caractere_LCD	24	static
../Core/Src/NOKIA5110_fb.c:228:6:string_LCD	16	static
../Core/Src/NOKIA5110_fb.c:234:6:string_LCD_Nr	48	static
../Core/Src/NOKIA5110_fb.c:266:6:limpa_LCD	16	static
../Core/Src/NOKIA5110_fb.c:276:6:desenha_pixel	32	static
../Core/Src/NOKIA5110_fb.c:296:6:desenha_linha	80	static
../Core/Src/NOKIA5110_fb.c:375:6:desenha_circulo	48	static
../Core/Src/NOKIA5110_fb.c:426:6:desenha_retangulo	48	static
../Core/Src/NOKIA5110_fb.c:474:6:desenha_triangulo	40	static
../Core/Src/NOKIA5110_fb.c:521:6:desenha_fig	56	static
../Core/Src/NOKIA5110_fb.c:590:6:apaga_fig	56	static
../Core/Src/NOKIA5110_fb.c:659:6:escreve_Nr_Peq	64	static
