Archive member included to satisfy reference by file (symbol)

C:/ST/STM32CubeIDE_1.13.1/STM32CubeIDE/plugins/com.st.stm32cube.ide.mcu.externaltools.gnu-tools-for-stm32.11.3.rel1.win32_1.1.0.202305231506/tools/bin/../lib/gcc/arm-none-eabi/11.3.1/../../../../arm-none-eabi/lib/thumb/v7-m/nofp\libc_nano.a(libc_a-exit.o)
                              C:/ST/STM32CubeIDE_1.13.1/STM32CubeIDE/plugins/com.st.stm32cube.ide.mcu.externaltools.gnu-tools-for-stm32.11.3.rel1.win32_1.1.0.202305231506/tools/bin/../lib/gcc/arm-none-eabi/11.3.1/../../../../arm-none-eabi/lib/thumb/v7-m/nofp/crt0.o (exit)
C:/ST/STM32CubeIDE_1.13.1/STM32CubeIDE/plugins/com.st.stm32cube.ide.mcu.externaltools.gnu-tools-for-stm32.11.3.rel1.win32_1.1.0.202305231506/tools/bin/../lib/gcc/arm-none-eabi/11.3.1/../../../../arm-none-eabi/lib/thumb/v7-m/nofp\libc_nano.a(libc_a-findfp.o)
                              ./Middlewares/Third_Party/FreeRTOS/Source/tasks.o (__sf)
C:/ST/STM32CubeIDE_1.13.1/STM32CubeIDE/plugins/com.st.stm32cube.ide.mcu.externaltools.gnu-tools-for-stm32.11.3.rel1.win32_1.1.0.202305231506/tools/bin/../lib/gcc/arm-none-eabi/11.3.1/../../../../arm-none-eabi/lib/thumb/v7-m/nofp\libc_nano.a(libc_a-fwalk.o)
                              C:/ST/STM32CubeIDE_1.13.1/STM32CubeIDE/plugins/com.st.stm32cube.ide.mcu.externaltools.gnu-tools-for-stm32.11.3.rel1.win32_1.1.0.202305231506/tools/bin/../lib/gcc/arm-none-eabi/11.3.1/../../../../arm-none-eabi/lib/thumb/v7-m/nofp\libc_nano.a(libc_a-findfp.o) (_fwalk_sglue)
C:/ST/STM32CubeIDE_1.13.1/STM32CubeIDE/plugins/com.st.stm32cube.ide.mcu.externaltools.gnu-tools-for-stm32.11.3.rel1.win32_1.1.0.202305231506/tools/bin/../lib/gcc/arm-none-eabi/11.3.1/../../../../arm-none-eabi/lib/thumb/v7-m/nofp\libc_nano.a(libc_a-stdio.o)
                              C:/ST/STM32CubeIDE_1.13.1/STM32CubeIDE/plugins/com.st.stm32cube.ide.mcu.externaltools.gnu-tools-for-stm32.11.3.rel1.win32_1.1.0.202305231506/tools/bin/../lib/gcc/arm-none-eabi/11.3.1/../../../../arm-none-eabi/lib/thumb/v7-m/nofp\libc_nano.a(libc_a-findfp.o) (__sread)
C:/ST/STM32CubeIDE_1.13.1/STM32CubeIDE/plugins/com.st.stm32cube.ide.mcu.externaltools.gnu-tools-for-stm32.11.3.rel1.win32_1.1.0.202305231506/tools/bin/../lib/gcc/arm-none-eabi/11.3.1/../../../../arm-none-eabi/lib/thumb/v7-m/nofp\libc_nano.a(libc_a-memset.o)
                              C:/ST/STM32CubeIDE_1.13.1/STM32CubeIDE/plugins/com.st.stm32cube.ide.mcu.externaltools.gnu-tools-for-stm32.11.3.rel1.win32_1.1.0.202305231506/tools/bin/../lib/gcc/arm-none-eabi/11.3.1/../../../../arm-none-eabi/lib/thumb/v7-m/nofp/crt0.o (memset)
C:/ST/STM32CubeIDE_1.13.1/STM32CubeIDE/plugins/com.st.stm32cube.ide.mcu.externaltools.gnu-tools-for-stm32.11.3.rel1.win32_1.1.0.202305231506/tools/bin/../lib/gcc/arm-none-eabi/11.3.1/../../../../arm-none-eabi/lib/thumb/v7-m/nofp\libc_nano.a(libc_a-closer.o)
                              C:/ST/STM32CubeIDE_1.13.1/STM32CubeIDE/plugins/com.st.stm32cube.ide.mcu.externaltools.gnu-tools-for-stm32.11.3.rel1.win32_1.1.0.202305231506/tools/bin/../lib/gcc/arm-none-eabi/11.3.1/../../../../arm-none-eabi/lib/thumb/v7-m/nofp\libc_nano.a(libc_a-stdio.o) (_close_r)
C:/ST/STM32CubeIDE_1.13.1/STM32CubeIDE/plugins/com.st.stm32cube.ide.mcu.externaltools.gnu-tools-for-stm32.11.3.rel1.win32_1.1.0.202305231506/tools/bin/../lib/gcc/arm-none-eabi/11.3.1/../../../../arm-none-eabi/lib/thumb/v7-m/nofp\libc_nano.a(libc_a-reent.o)
                              ./Middlewares/Third_Party/FreeRTOS/Source/tasks.o (_reclaim_reent)
C:/ST/STM32CubeIDE_1.13.1/STM32CubeIDE/plugins/com.st.stm32cube.ide.mcu.externaltools.gnu-tools-for-stm32.11.3.rel1.win32_1.1.0.202305231506/tools/bin/../lib/gcc/arm-none-eabi/11.3.1/../../../../arm-none-eabi/lib/thumb/v7-m/nofp\libc_nano.a(libc_a-impure.o)
                              ./Middlewares/Third_Party/FreeRTOS/Source/tasks.o (_impure_ptr)
C:/ST/STM32CubeIDE_1.13.1/STM32CubeIDE/plugins/com.st.stm32cube.ide.mcu.externaltools.gnu-tools-for-stm32.11.3.rel1.win32_1.1.0.202305231506/tools/bin/../lib/gcc/arm-none-eabi/11.3.1/../../../../arm-none-eabi/lib/thumb/v7-m/nofp\libc_nano.a(libc_a-lseekr.o)
                              C:/ST/STM32CubeIDE_1.13.1/STM32CubeIDE/plugins/com.st.stm32cube.ide.mcu.externaltools.gnu-tools-for-stm32.11.3.rel1.win32_1.1.0.202305231506/tools/bin/../lib/gcc/arm-none-eabi/11.3.1/../../../../arm-none-eabi/lib/thumb/v7-m/nofp\libc_nano.a(libc_a-stdio.o) (_lseek_r)
C:/ST/STM32CubeIDE_1.13.1/STM32CubeIDE/plugins/com.st.stm32cube.ide.mcu.externaltools.gnu-tools-for-stm32.11.3.rel1.win32_1.1.0.202305231506/tools/bin/../lib/gcc/arm-none-eabi/11.3.1/../../../../arm-none-eabi/lib/thumb/v7-m/nofp\libc_nano.a(libc_a-readr.o)
                              C:/ST/STM32CubeIDE_1.13.1/STM32CubeIDE/plugins/com.st.stm32cube.ide.mcu.externaltools.gnu-tools-for-stm32.11.3.rel1.win32_1.1.0.202305231506/tools/bin/../lib/gcc/arm-none-eabi/11.3.1/../../../../arm-none-eabi/lib/thumb/v7-m/nofp\libc_nano.a(libc_a-stdio.o) (_read_r)
[...]
Memory Configuration

Name             Origin             Length             Attributes
RAM              0x0000000020000000 0x0000000000005000 xrw
FLASH            0x0000000008000000 0x0000000000010000 xr
*default*        0x0000000000000000 0xffffffffffffffff

Linker script and memory map

LOAD C:/ST/STM32CubeIDE_1.13.1/STM32CubeIDE/plugins/com.st.stm32cube.ide.mcu.externaltools.gnu-tools-for-stm32.11.3.rel1.win32_1.1.0.202305231506/tools/bin/../lib/gcc/arm-none-eabi/11.3.1/thumb/v7-m/nofp/crti.o
LOAD C:/ST/STM32CubeIDE_1.13.1/STM32CubeIDE/plugins/com.st.stm32cube.ide.mcu.externaltools.gnu-tools-for-stm32.11.3.rel1.win32_1.1.0.202305231506/tools/bin/../lib/gcc/arm-none-eabi/11.3.1/thumb/v7-m/nofp/crtbegin.o
LOAD C:/ST/STM32CubeIDE_1.13.1/STM32CubeIDE/plugins/com.st.stm32cube.ide.mcu.externaltools.gnu-tools-for-stm32.11.3.rel1.win32_1.1.0.202305231506/tools/bin/../lib/gcc/arm-none-eabi/11.3.1/../../../../arm-none-eabi/lib/thumb/v7-m/nofp/crt0.o
LOAD ./Core/Src/NOKIA5110_fb.o
LOAD ./Core/Src/PRNG_LFSR.o
LOAD ./Core/Src/atraso.o
LOAD ./Core/Src/freertos.o
LOAD ./Core/Src/main.o
LOAD ./Core/Src/stm32f1xx_hal_msp.o
LOAD ./Core/Src/stm32f1xx_hal_timebase_tim.o
LOAD ./Core/Src/stm32f1xx_it.o
LOAD ./Core/Src/syscalls.o
LOAD ./Core/Src/sysmem.o
LOAD ./Core/Src/system_stm32f1xx.o
LOAD ./Core/Startup/startup_stm32f103c8tx.o
LOAD ./Drivers/STM32F1xx_HAL_Driver/Src/stm32f1xx_hal.o
LOAD ./Drivers/STM32F1xx_HAL_Driver/Src/stm32f1xx_hal_adc.o
LOAD ./Drivers/STM32F1xx_HAL_Driver/Src/stm32f1xx_hal_adc_ex.o
LOAD ./Drivers/STM32F1xx_HAL_Driver/Src/stm32f1xx_hal_cortex.o
LOAD ./Drivers/STM32F1xx_HAL_Driver/Src/stm32f1xx_hal_dma.o
LOAD ./Drivers/STM32F1xx_HAL_Driver/Src/stm32f1xx_hal_exti.o
LOAD ./Drivers/STM32F1xx_HAL_Driver/Src/stm32f1xx_hal_flash.o
LOAD ./Drivers/STM32F1xx_HAL_Driver/Src/stm32f1xx_hal_flash_ex.o
LOAD ./Drivers/STM32F1xx_HAL_Driver/Src/stm32f1xx_hal_gpio.o
LOAD ./Drivers/STM32F1xx_HAL_Driver/Src/stm32f1xx_hal_gpio_ex.o
LOAD ./Drivers/STM32F1xx_HAL_Driver/Src/stm32f1xx_hal_pwr.o
LOAD ./Drivers/STM32F1xx_HAL_Driver/Src/stm32f1xx_hal_rcc.o
LOAD ./Drivers/STM32F1xx_HAL_Driver/Src/stm32f1xx_hal_rcc_ex.o
LOAD ./Drivers/STM32F1xx_HAL_Driver/Src/stm32f1xx_hal_tim.o
LOAD ./Drivers/STM32F1xx_HAL_Driver/Src/stm32f1xx_hal_tim_ex.o
LOAD ./Middlewares/Third_Party/FreeRTOS/Source/CMSIS_RTOS/cmsis_os.o
LOAD ./Middlewares/Third_Party/FreeRTOS/Source/croutine.o
LOAD ./Middlewares/Third_Party/FreeRTOS/Source/event_groups.o
LOAD ./Middlewares/Third_Party/FreeRTOS/Source/list.o
LOAD ./Middlewares/Third_Party/FreeRTOS/Source/queue.o
LOAD ./Middlewares/Third_Party/FreeRTOS/Source/stream_buffer.o
LOAD ./Middlewares/Third_Party/FreeRTOS/Source/tasks.o
LOAD ./Middlewares/Third_Party/FreeRTOS/Source/timers.o
LOAD ./Middlewares/Third_Party/FreeRTOS/Source/portable/GCC/ARM_CM3/port.o
LOAD ./Middlewares/Third_Party/FreeRTOS/Source/portable/MemMang/heap_4.o
START GROUP
LOAD C:/ST/STM32CubeIDE_1.13.1/STM32CubeIDE/plugins/com.st.stm32cube.ide.mcu.externaltools.gnu-tools-for-stm32.11.3.rel1.win32_1.1.0.202305231506/tools/bin/../lib/gcc/arm-none-eabi/11.3.1/../../../../arm-none-eabi/lib/thumb/v7-m/nofp\libc_nano.a
LOAD C:/ST/STM32CubeIDE_1.13.1/STM32CubeIDE/plugins/com.st.stm32cube.ide.mcu.externaltools.gnu-tools-for-stm32.11.3.rel1.win32_1.1.0.202305231506/tools/bin/../lib/gcc/arm-none-eabi/11.3.1/../../../../arm-none-eabi/lib/thumb/v7-m/nofp\libm.a
END GROUP
START GROUP
LOAD C:/ST/STM32CubeIDE_1.13.1/STM32CubeIDE/plugins/com.st.stm32cube.ide.mcu.externaltools.gnu-tools-for-stm32.11.3.rel1.win32_1.1.0.202305231506/tools/bin/../lib/gcc/arm-none-eabi/11.3.1/thumb/v7-m/nofp\libgcc.a
LOAD C:/ST/STM32CubeIDE_1.13.1/STM32CubeIDE/plugins/com.st.stm32cube.ide.mcu.externaltools.gnu-tools-for-stm32.11.3.rel1.win32_1.1.0.202305231506/tools/bin/../lib/gcc/arm-none-eabi/11.3.1/../../../../arm-none-eabi/lib/thumb/v7-m/nofp\libc_nano.a
END GROUP
START GROUP
LOAD C:/ST/STM32CubeIDE_1.13.1/STM32CubeIDE/plugins/com.st.stm32cube.ide.mcu.externaltools.gnu-tools-for-stm32.11.3.rel1.win32_1.1.0.202305231506/tools/bin/../lib/gcc/arm-none-eabi/11.3.1/thumb/v7-m/nofp\libgcc.a
LOAD C:/ST/STM32CubeIDE_1.13.1/STM32CubeIDE/plugins/com.st.stm32cube.ide.mcu.externaltools.gnu-tools-for-stm32.11.3.rel1.win32_1.1.0.202305231506/tools/bin/../lib/gcc/arm-none-eabi/11.3.1/../../../../arm-none-eabi/lib/thumb/v7-m/nofp\libc_nano.a
LOAD C:/ST/STM32CubeIDE_1.13.1/STM32CubeIDE/plugins/com.st.stm32cube.ide.mcu.externaltools.gnu-tools-for-stm32.11.3.rel1.win32_1.1.0.202305231506/tools/bin/../lib/gcc/arm-none-eabi/11.3.1/../../../../arm-none-eabi/lib/thumb/v7-m/nofp\libnosys.a
END GROUP
START GROUP
LOAD C:/ST/STM32CubeIDE_1.13.1/STM32CubeIDE/plugins/com.st.stm32cube.ide.mcu.externaltools.gnu-tools-for-stm32.11.3.rel1.win32_1.1.0.202305231506/tools/bin/../lib/gcc/arm-none-eabi/11.3.1/thumb/v7-m/nofp\libgcc.a
LOAD C:/ST/STM32CubeIDE_1.13.1/STM32CubeIDE/plugins/com.st.stm32cube.ide.mcu.externaltools.gnu-tools-for-stm32.11.3.rel1.win32_1.1.0.202305231506/tools/bin/../lib/gcc/arm-none-eabi/11.3.1/../../../../arm-none-eabi/lib/thumb/v7-m/nofp\libc_nano.a
LOAD C:/ST/STM32CubeIDE_1.13.1/STM32CubeIDE/plugins/com.st.stm32cube.ide.mcu.externaltools.gnu-tools-for-stm32.11.3.rel1.win32_1.1.0.202305231506/tools/bin/../lib/gcc/arm-none-eabi/11.3.1/../../../../arm-none-eabi/lib/thumb/v7-m/nofp\libnosys.a
END GROUP
LOAD C:/ST/STM32CubeIDE_1.13.1/STM32CubeIDE/plugins/com.st.stm32cube.ide.mcu.externaltools.gnu-tools-for-stm32.11.3.rel1.win32_1.1.0.202305231506/tools/bin/../lib/gcc/arm-none-eabi/11.3.1/thumb/v7-m/nofp/crtend.o
LOAD C:/ST/STM32CubeIDE_1.13.1/STM32CubeIDE/plugins/com.st.stm32cube.ide.mcu.externaltools.gnu-tools-for-stm32.11.3.rel1.win32_1.1.0.202305231506/tools/bin/../lib/gcc/arm-none-eabi/11.3.1/thumb/v7-m/nofp/crtn.o
                0x0000000020005000                _estack = (ORIGIN (RAM) + LENGTH (RAM))
                0x0000000000000200                _Min_Heap_Size = 0x200
                0x0000000000000400                _Min_Stack_Size = 0x400

.isr_vector     0x0000000008000000      0x10c
                0x0000000008000000                . = ALIGN (0x4)
 *(.isr_vector)
 .isr_vector    0x0000000008000000      0x10c ./Core/Startup/startup_stm32f103c8tx.o
                0x0000000008000000                g_pfnVectors
                0x000000000800010c                . = ALIGN (0x4)

.text           0x0000000008000110     0x3938
                0x0000000008000110                . = ALIGN (0x4)
 *(.text)
 .text          0x0000000008000110       0x40 C:/ST/STM32CubeIDE_1.13.1/STM32CubeIDE/plugins/com.st.stm32cube.ide.mcu.externaltools.gnu-tools-for-stm32.11.3.rel1.win32_1.1.0.202305231506/tools/bin/../lib/gcc/arm-none-eabi/11.3.1/thumb/v7-m/nofp/crtbegin.o
 *(.text*)
 .text.cmd_LCD  0x0000000008000150       0x84 ./Core/Src/NOKIA5110_fb.o
                0x0000000008000150                cmd_LCD
 .text.data_LCD
                0x00000000080001d4       0x84 ./Core/Src/NOKIA5110_fb.o
                0x00000000080001d4                data_LCD
 .text.inic_LCD
                0x0000000008000258       0x4c ./Core/Src/NOKIA5110_fb.o
                0x0000000008000258                inic_LCD
 .text.goto_XY  0x00000000080002a4       0x20 ./Core/Src/NOKIA5110_fb.o
                0x00000000080002a4                goto_XY
 .text.escreve2fb
                0x00000000080002c4       0x14 ./Core/Src/NOKIA5110_fb.o
                0x00000000080002c4                escreve2fb
 .text.imprime_LCD
                0x00000000080002d8       0x1c ./Core/Src/NOKIA5110_fb.o
                0x00000000080002d8                imprime_LCD
 .text.string_LCD
                0x00000000080002f4       0x6c ./Core/Src/NOKIA5110_fb.o
                0x00000000080002f4                string_LCD
 .text.limpa_LCD
                0x0000000008000360       0x10 ./Core/Src/NOKIA5110_fb.o
                0x0000000008000360                limpa_LCD
 .text.desenha_fig
                0x0000000008000370      0x1e8 ./Core/Src/NOKIA5110_fb.o
                0x0000000008000370                desenha_fig
 .text.apaga_fig
                0x0000000008000558        0x4 ./Core/Src/NOKIA5110_fb.o
                0x0000000008000558                apaga_fig
 .text.escreve_Nr_Peq
                0x000000000800055c      0x4b0 ./Core/Src/NOKIA5110_fb.o
                0x000000000800055c                escreve_Nr_Peq
 .text.init_LFSR
                0x0000000008000a0c        0xc ./Core/Src/PRNG_LFSR.o
                0x0000000008000a0c                init_LFSR
 .text.atraso_us
                0x0000000008000a18       0x14 ./Core/Src/atraso.o
                0x0000000008000a18                atraso_us
 .text.vApplicationGetIdleTaskMemory
                0x0000000008000a2c       0x1c ./Core/Src/freertos.o
                0x0000000008000a2c                vApplicationGetIdleTaskMemory
 .text.vTask_LCD_Print
                0x0000000008000a48        0x8 ./Core/Src/main.o
                0x0000000008000a48                vTask_LCD_Print
 .text.vTask_Desloca
                0x0000000008000a50       0x4c ./Core/Src/main.o
                0x0000000008000a50                vTask_Desloca
 .text.vTask_Pontuacao_Test
                0x0000000008000a9c       0x38 ./Core/Src/main.o
                0x0000000008000a9c                vTask_Pontuacao_Test
 .text.vTask_Desloca_Principal_Colisao
                0x0000000008000ad4      0x440 ./Core/Src/main.o
                0x0000000008000ad4                vTask_Desloca_Principal_Colisao
 .text.HAL_ADC_ConvCpltCallback
                0x0000000008000f14       0x24 ./Core/Src/main.o
                0x0000000008000f14                HAL_ADC_ConvCpltCallback
 .text.SystemClock_Config
                0x0000000008000f38       0x84 ./Core/Src/main.o
                0x0000000008000f38                SystemClock_Config
 .text.startup.main
                0x0000000008000fbc      0x3a8 ./Core/Src/main.o
                0x0000000008000fbc                main
 .text.HAL_TIM_PeriodElapsedCallback
                0x0000000008001364       0x14 ./Core/Src/main.o
                0x0000000008001364                HAL_TIM_PeriodElapsedCallback
 .text.Error_Handler
                0x0000000008001378        0x4 ./Core/Src/main.o
                0x0000000008001378                Error_Handler
 .text.HAL_MspInit
                0x000000000800137c       0x50 ./Core/Src/stm32f1xx_hal_msp.o
                0x000000000800137c                HAL_MspInit
 .text.HAL_ADC_MspInit
                0x00000000080013cc       0xac ./Core/Src/stm32f1xx_hal_msp.o
                0x00000000080013cc                HAL_ADC_MspInit
 .text.HAL_InitTick
                0x0000000008001478       0x80 ./Core/Src/stm32f1xx_hal_timebase_tim.o
                0x0000000008001478                HAL_InitTick
 .text.NMI_Handler
                0x00000000080014f8        0x4 ./Core/Src/stm32f1xx_it.o
                0x00000000080014f8                NMI_Handler
 .text.HardFault_Handler
                0x00000000080014fc        0x4 ./Core/Src/stm32f1xx_it.o
                0x00000000080014fc                HardFault_Handler
 .text.MemManage_Handler
                0x0000000008001500        0x4 ./Core/Src/stm32f1xx_it.o
                0x0000000008001500                MemManage_Handler
 .text.BusFault_Handler
                0x0000000008001504        0x4 ./Core/Src/stm32f1xx_it.o
                0x0000000008001504                BusFault_Handler
 .text.UsageFault_Handler
                0x0000000008001508        0x4 ./Core/Src/stm32f1xx_it.o
                0x0000000008001508                UsageFault_Handler
 .text.DebugMon_Handler
                0x000000000800150c        0x4 ./Core/Src/stm32f1xx_it.o
                0x000000000800150c                DebugMon_Handler
 .text.DMA1_Channel1_IRQHandler
                0x0000000008001510        0xc ./Core/Src/stm32f1xx_it.o
                0x0000000008001510                DMA1_Channel1_IRQHandler
 .text.ADC1_2_IRQHandler
                0x000000000800151c        0xc ./Core/Src/stm32f1xx_it.o
                0x000000000800151c                ADC1_2_IRQHandler
 .text.TIM4_IRQHandler
                0x0000000008001528        0xc ./Core/Src/stm32f1xx_it.o
                0x0000000008001528                TIM4_IRQHandler
 .text.SystemInit
                0x0000000008001534        0x4 ./Core/Src/system_stm32f1xx.o
                0x0000000008001534                SystemInit
 .text.Reset_Handler
                0x0000000008001538       0x48 ./Core/Startup/startup_stm32f103c8tx.o
                0x0000000008001538                Reset_Handler
 .text.Default_Handler
                0x0000000008001580        0x2 ./Core/Startup/startup_stm32f103c8tx.o
                0x0000000008001580                RTC_Alarm_IRQHandler
                0x0000000008001580                EXTI2_IRQHandler
                0x0000000008001580                TIM1_CC_IRQHandler
                0x0000000008001580                PVD_IRQHandler
                0x0000000008001580                EXTI3_IRQHandler
                0x0000000008001580                EXTI0_IRQHandler
                0x0000000008001580                I2C2_EV_IRQHandler
                0x0000000008001580                SPI1_IRQHandler
                0x0000000008001580                TAMPER_IRQHandler
                0x0000000008001580                DMA1_Channel4_IRQHandler
                0x0000000008001580                USART3_IRQHandler
                0x0000000008001580                RTC_IRQHandler
                0x0000000008001580                DMA1_Channel7_IRQHandler
                0x0000000008001580                CAN1_RX1_IRQHandler
                0x0000000008001580                I2C1_EV_IRQHandler
                0x0000000008001580                DMA1_Channel6_IRQHandler
                0x0000000008001580                TIM3_IRQHandler
                0x0000000008001580                RCC_IRQHandler
                0x0000000008001580                TIM1_TRG_COM_IRQHandler
                0x0000000008001580                Default_Handler
                0x0000000008001580                EXTI15_10_IRQHandler
                0x0000000008001580                EXTI9_5_IRQHandler
                0x0000000008001580                SPI2_IRQHandler
                0x0000000008001580                DMA1_Channel5_IRQHandler
                0x0000000008001580                EXTI4_IRQHandler
                0x0000000008001580                USB_LP_CAN1_RX0_IRQHandler
                0x0000000008001580                USB_HP_CAN1_TX_IRQHandler
                0x0000000008001580                DMA1_Channel3_IRQHandler
                0x0000000008001580                TIM1_UP_IRQHandler
                0x0000000008001580                WWDG_IRQHandler
                0x0000000008001580                TIM2_IRQHandler
                0x0000000008001580                TIM1_BRK_IRQHandler
                0x0000000008001580                EXTI1_IRQHandler
                0x0000000008001580                USART2_IRQHandler
                0x0000000008001580                I2C2_ER_IRQHandler
                0x0000000008001580                DMA1_Channel2_IRQHandler
                0x0000000008001580                CAN1_SCE_IRQHandler
                0x0000000008001580                FLASH_IRQHandler
                0x0000000008001580                USART1_IRQHandler
                0x0000000008001580                I2C1_ER_IRQHandler
                0x0000000008001580                USBWakeUp_IRQHandler
 *fill*         0x0000000008001582        0x2 
 .text.HAL_Init
                0x0000000008001584       0x24 ./Drivers/STM32F1xx_HAL_Driver/Src/stm32f1xx_hal.o
                0x0000000008001584                HAL_Init
 .text.HAL_IncTick
                0x00000000080015a8       0x18 ./Drivers/STM32F1xx_HAL_Driver/Src/stm32f1xx_hal.o
                0x00000000080015a8                HAL_IncTick
 .text.HAL_GetTick
                0x00000000080015c0        0xc ./Drivers/STM32F1xx_HAL_Driver/Src/stm32f1xx_hal.o
                0x00000000080015c0                HAL_GetTick
 .text.HAL_Delay
                0x00000000080015cc       0x24 ./Drivers/STM32F1xx_HAL_Driver/Src/stm32f1xx_hal.o
                0x00000000080015cc                HAL_Delay
 .text.HAL_ADC_Init
                0x00000000080015f0      0x180 ./Drivers/STM32F1xx_HAL_Driver/Src/stm32f1xx_hal_adc.o
                0x00000000080015f0                HAL_ADC_Init
 .text.ADC_DMAConvCplt
                0x0000000008001770       0x50 ./Drivers/STM32F1xx_HAL_Driver/Src/stm32f1xx_hal_adc.o
                0x0000000008001770                ADC_DMAConvCplt
 .text.HAL_ADC_ConvHalfCpltCallback
                0x00000000080017c0        0x4 ./Drivers/STM32F1xx_HAL_Driver/Src/stm32f1xx_hal_adc.o
                0x00000000080017c0                HAL_ADC_ConvHalfCpltCallback
 .text.ADC_DMAHalfConvCplt
                0x00000000080017c4        0xc ./Drivers/STM32F1xx_HAL_Driver/Src/stm32f1xx_hal_adc.o
                0x00000000080017c4                ADC_DMAHalfConvCplt
 .text.HAL_ADC_LevelOutOfWindowCallback
                0x00000000080017d0        0x4 ./Drivers/STM32F1xx_HAL_Driver/Src/stm32f1xx_hal_adc.o
                0x00000000080017d0                HAL_ADC_LevelOutOfWindowCallback
 .text.HAL_ADC_IRQHandler
                0x00000000080017d4       0xf8 ./Drivers/STM32F1xx_HAL_Driver/Src/stm32f1xx_hal_adc.o
                0x00000000080017d4                HAL_ADC_IRQHandler
 .text.HAL_ADC_ErrorCallback
                0x00000000080018cc        0x4 ./Drivers/STM32F1xx_HAL_Driver/Src/stm32f1xx_hal_adc.o
                0x00000000080018cc                HAL_ADC_ErrorCallback
 .text.ADC_DMAError
                0x00000000080018d0       0x1c ./Drivers/STM32F1xx_HAL_Driver/Src/stm32f1xx_hal_adc.o
                0x00000000080018d0                ADC_DMAError
 .text.HAL_ADC_ConfigChannel
                0x00000000080018ec      0x134 ./Drivers/STM32F1xx_HAL_Driver/Src/stm32f1xx_hal_adc.o
                0x00000000080018ec                HAL_ADC_ConfigChannel
 .text.ADC_Enable
                0x0000000008001a20       0x88 ./Drivers/STM32F1xx_HAL_Driver/Src/stm32f1xx_hal_adc.o
                0x0000000008001a20                ADC_Enable
 .text.HAL_ADC_Start_IT
                0x0000000008001aa8       0xd4 ./Drivers/STM32F1xx_HAL_Driver/Src/stm32f1xx_hal_adc.o
                0x0000000008001aa8                HAL_ADC_Start_IT
 .text.HAL_ADC_Start_DMA
                0x0000000008001b7c      0x114 ./Drivers/STM32F1xx_HAL_Driver/Src/stm32f1xx_hal_adc.o
                0x0000000008001b7c                HAL_ADC_Start_DMA
 .text.HAL_ADCEx_InjectedConvCpltCallback
                0x0000000008001c90        0x4 ./Drivers/STM32F1xx_HAL_Driver/Src/stm32f1xx_hal_adc_ex.o
                0x0000000008001c90                HAL_ADCEx_InjectedConvCpltCallback
 .text.HAL_NVIC_SetPriorityGrouping
                0x0000000008001c94       0x24 ./Drivers/STM32F1xx_HAL_Driver/Src/stm32f1xx_hal_cortex.o
                0x0000000008001c94                HAL_NVIC_SetPriorityGrouping
 .text.HAL_NVIC_SetPriority
                0x0000000008001cb8       0x7c ./Drivers/STM32F1xx_HAL_Driver/Src/stm32f1xx_hal_cortex.o
                0x0000000008001cb8                HAL_NVIC_SetPriority
 .text.HAL_NVIC_EnableIRQ
                0x0000000008001d34       0x1c ./Drivers/STM32F1xx_HAL_Driver/Src/stm32f1xx_hal_cortex.o
                0x0000000008001d34                HAL_NVIC_EnableIRQ
 .text.HAL_DMA_Init
                0x0000000008001d50       0x64 ./Drivers/STM32F1xx_HAL_Driver/Src/stm32f1xx_hal_dma.o
                0x0000000008001d50                HAL_DMA_Init
 .text.HAL_DMA_Start_IT
                0x0000000008001db4       0x90 ./Drivers/STM32F1xx_HAL_Driver/Src/stm32f1xx_hal_dma.o
                0x0000000008001db4                HAL_DMA_Start_IT
 .text.HAL_DMA_IRQHandler
                0x0000000008001e44      0x128 ./Drivers/STM32F1xx_HAL_Driver/Src/stm32f1xx_hal_dma.o
                0x0000000008001e44                HAL_DMA_IRQHandler
 .text.HAL_GPIO_Init
                0x0000000008001f6c      0x21c ./Drivers/STM32F1xx_HAL_Driver/Src/stm32f1xx_hal_gpio.o
                0x0000000008001f6c                HAL_GPIO_Init
 .text.HAL_GPIO_ReadPin
                0x0000000008002188        0xc ./Drivers/STM32F1xx_HAL_Driver/Src/stm32f1xx_hal_gpio.o
                0x0000000008002188                HAL_GPIO_ReadPin
 .text.HAL_GPIO_WritePin
                0x0000000008002194        0x8 ./Drivers/STM32F1xx_HAL_Driver/Src/stm32f1xx_hal_gpio.o
                0x0000000008002194                HAL_GPIO_WritePin
 .text.HAL_RCC_OscConfig
                0x000000000800219c      0x3e0 ./Drivers/STM32F1xx_HAL_Driver/Src/stm32f1xx_hal_rcc.o
                0x000000000800219c                HAL_RCC_OscConfig
 .text.HAL_RCC_ClockConfig
                0x000000000800257c      0x1a0 ./Drivers/STM32F1xx_HAL_Driver/Src/stm32f1xx_hal_rcc.o
                0x000000000800257c                HAL_RCC_ClockConfig
 .text.HAL_RCC_GetPCLK1Freq
                0x000000000800271c       0x20 ./Drivers/STM32F1xx_HAL_Driver/Src/stm32f1xx_hal_rcc.o
                0x000000000800271c                HAL_RCC_GetPCLK1Freq
 .text.HAL_RCC_GetClockConfig
                0x000000000800273c       0x40 ./Drivers/STM32F1xx_HAL_Driver/Src/stm32f1xx_hal_rcc.o
                0x000000000800273c                HAL_RCC_GetClockConfig
 .text.HAL_RCCEx_PeriphCLKConfig
                0x000000000800277c      0x104 ./Drivers/STM32F1xx_HAL_Driver/Src/stm32f1xx_hal_rcc_ex.o
                0x000000000800277c                HAL_RCCEx_PeriphCLKConfig
 .text.HAL_TIM_Base_MspInit
                0x0000000008002880        0x4 ./Drivers/STM32F1xx_HAL_Driver/Src/stm32f1xx_hal_tim.o
                0x0000000008002880                HAL_TIM_Base_MspInit
 .text.HAL_TIM_Base_Init
                0x0000000008002884       0xdc ./Drivers/STM32F1xx_HAL_Driver/Src/stm32f1xx_hal_tim.o
                0x0000000008002884                HAL_TIM_Base_Init
 .text.HAL_TIM_Base_Start_IT
                0x0000000008002960       0x58 ./Drivers/STM32F1xx_HAL_Driver/Src/stm32f1xx_hal_tim.o
                0x0000000008002960                HAL_TIM_Base_Start_IT
 .text.HAL_TIM_OC_DelayElapsedCallback
                0x00000000080029b8        0x4 ./Drivers/STM32F1xx_HAL_Driver/Src/stm32f1xx_hal_tim.o
                0x00000000080029b8                HAL_TIM_OC_DelayElapsedCallback
 .text.HAL_TIM_IC_CaptureCallback
                0x00000000080029bc        0x4 ./Drivers/STM32F1xx_HAL_Driver/Src/stm32f1xx_hal_tim.o
                0x00000000080029bc                HAL_TIM_IC_CaptureCallback
 .text.HAL_TIM_PWM_PulseFinishedCallback
                0x00000000080029c0        0x4 ./Drivers/STM32F1xx_HAL_Driver/Src/stm32f1xx_hal_tim.o
                0x00000000080029c0                HAL_TIM_PWM_PulseFinishedCallback
 .text.HAL_TIM_TriggerCallback
                0x00000000080029c4        0x4 ./Drivers/STM32F1xx_HAL_Driver/Src/stm32f1xx_hal_tim.o
                0x00000000080029c4                HAL_TIM_TriggerCallback
 .text.HAL_TIM_IRQHandler
                0x00000000080029c8      0x154 ./Drivers/STM32F1xx_HAL_Driver/Src/stm32f1xx_hal_tim.o
                0x00000000080029c8                HAL_TIM_IRQHandler
 .text.HAL_TIMEx_CommutCallback
                0x0000000008002b1c        0x4 ./Drivers/STM32F1xx_HAL_Driver/Src/stm32f1xx_hal_tim_ex.o
                0x0000000008002b1c                HAL_TIMEx_CommutCallback
 .text.HAL_TIMEx_BreakCallback
                0x0000000008002b20        0x4 ./Drivers/STM32F1xx_HAL_Driver/Src/stm32f1xx_hal_tim_ex.o
                0x0000000008002b20                HAL_TIMEx_BreakCallback
 .text.osKernelStart
                0x0000000008002b24        0xc ./Middlewares/Third_Party/FreeRTOS/Source/CMSIS_RTOS/cmsis_os.o
                0x0000000008002b24                osKernelStart
 .text.vListInitialise
                0x0000000008002b30       0x18 ./Middlewares/Third_Party/FreeRTOS/Source/list.o
                0x0000000008002b30                vListInitialise
 .text.vListInitialiseItem
                0x0000000008002b48        0x8 ./Middlewares/Third_Party/FreeRTOS/Source/list.o
                0x0000000008002b48                vListInitialiseItem
 .text.vListInsertEnd
                0x0000000008002b50       0x1c ./Middlewares/Third_Party/FreeRTOS/Source/list.o
                0x0000000008002b50                vListInsertEnd
 .text.vListInsert
                0x0000000008002b6c       0x30 ./Middlewares/Third_Party/FreeRTOS/Source/list.o
                0x0000000008002b6c                vListInsert
 .text.uxListRemove
                0x0000000008002b9c       0x24 ./Middlewares/Third_Party/FreeRTOS/Source/list.o
                0x0000000008002b9c                uxListRemove
 .text.prvAddNewTaskToReadyList
                0x0000000008002bc0      0x114 ./Middlewares/Third_Party/FreeRTOS/Source/tasks.o
 .text.prvAddCurrentTaskToDelayedList
                0x0000000008002cd4       0x8c ./Middlewares/Third_Party/FreeRTOS/Source/tasks.o
 .text.prvIdleTask
                0x0000000008002d60       0xa0 ./Middlewares/Third_Party/FreeRTOS/Source/tasks.o
 .text.xTaskCreate
                0x0000000008002e00       0xdc ./Middlewares/Third_Party/FreeRTOS/Source/tasks.o
                0x0000000008002e00                xTaskCreate
 .text.vTaskStartScheduler
                0x0000000008002edc      0x144 ./Middlewares/Third_Party/FreeRTOS/Source/tasks.o
                0x0000000008002edc                vTaskStartScheduler
 .text.vTaskSuspendAll
                0x0000000008003020       0x10 ./Middlewares/Third_Party/FreeRTOS/Source/tasks.o
                0x0000000008003020                vTaskSuspendAll
 .text.xTaskIncrementTick
                0x0000000008003030      0x16c ./Middlewares/Third_Party/FreeRTOS/Source/tasks.o
                0x0000000008003030                xTaskIncrementTick
 .text.xTaskResumeAll
                0x000000000800319c      0x130 ./Middlewares/Third_Party/FreeRTOS/Source/tasks.o
                0x000000000800319c                xTaskResumeAll
 .text.vTaskDelay
                0x00000000080032cc       0x48 ./Middlewares/Third_Party/FreeRTOS/Source/tasks.o
                0x00000000080032cc                vTaskDelay
 .text.vTaskSwitchContext
                0x0000000008003314       0x80 ./Middlewares/Third_Party/FreeRTOS/Source/tasks.o
                0x0000000008003314                vTaskSwitchContext
 .text.prvPortStartFirstTask
                0x0000000008003394       0x20 ./Middlewares/Third_Party/FreeRTOS/Source/portable/GCC/ARM_CM3/port.o
 .text.prvTaskExitError
                0x00000000080033b4       0x40 ./Middlewares/Third_Party/FreeRTOS/Source/portable/GCC/ARM_CM3/port.o
 .text.pxPortInitialiseStack
                0x00000000080033f4       0x24 ./Middlewares/Third_Party/FreeRTOS/Source/portable/GCC/ARM_CM3/port.o
                0x00000000080033f4                pxPortInitialiseStack
 *fill*         0x0000000008003418        0x8 
 .text.SVC_Handler
                0x0000000008003420       0x24 ./Middlewares/Third_Party/FreeRTOS/Source/portable/GCC/ARM_CM3/port.o
                0x0000000008003420                SVC_Handler
 .text.vPortEnterCritical
                0x0000000008003444       0x44 ./Middlewares/Third_Party/FreeRTOS/Source/portable/GCC/ARM_CM3/port.o
                0x0000000008003444                vPortEnterCritical
 .text.vPortExitCritical
                0x0000000008003488       0x28 ./Middlewares/Third_Party/FreeRTOS/Source/portable/GCC/ARM_CM3/port.o
                0x0000000008003488                vPortExitCritical
 .text.PendSV_Handler
                0x00000000080034b0       0x44 ./Middlewares/Third_Party/FreeRTOS/Source/portable/GCC/ARM_CM3/port.o
                0x00000000080034b0                PendSV_Handler
 .text.SysTick_Handler
                0x00000000080034f4       0x2c ./Middlewares/Third_Party/FreeRTOS/Source/portable/GCC/ARM_CM3/port.o
                0x00000000080034f4                SysTick_Handler
 .text.vPortSetupTimerInterrupt
                0x0000000008003520       0x2c ./Middlewares/Third_Party/FreeRTOS/Source/portable/GCC/ARM_CM3/port.o
                0x0000000008003520                vPortSetupTimerInterrupt
 .text.xPortStartScheduler
                0x000000000800354c       0xf0 ./Middlewares/Third_Party/FreeRTOS/Source/portable/GCC/ARM_CM3/port.o
                0x000000000800354c                xPortStartScheduler
 .text.pvPortMalloc
                0x000000000800363c      0x16c ./Middlewares/Third_Party/FreeRTOS/Source/portable/MemMang/heap_4.o
                0x000000000800363c                pvPortMalloc
 .text.vPortFree
                0x00000000080037a8       0xbc ./Middlewares/Third_Party/FreeRTOS/Source/portable/MemMang/heap_4.o
                0x00000000080037a8                vPortFree
 .text.memset   0x0000000008003864       0x10 C:/ST/STM32CubeIDE_1.13.1/STM32CubeIDE/plugins/com.st.stm32cube.ide.mcu.externaltools.gnu-tools-for-stm32.11.3.rel1.win32_1.1.0.202305231506/tools/bin/../lib/gcc/arm-none-eabi/11.3.1/../../../../arm-none-eabi/lib/thumb/v7-m/nofp\libc_nano.a(libc_a-memset.o)
                0x0000000008003864                memset
 .text._reclaim_reent
                0x0000000008003874       0xac C:/ST/STM32CubeIDE_1.13.1/STM32CubeIDE/plugins/com.st.stm32cube.ide.mcu.externaltools.gnu-tools-for-stm32.11.3.rel1.win32_1.1.0.202305231506/tools/bin/../lib/gcc/arm-none-eabi/11.3.1/../../../../arm-none-eabi/lib/thumb/v7-m/nofp\libc_nano.a(libc_a-reent.o)
                0x0000000008003874                _reclaim_reent
 .text.__libc_init_array
                0x0000000008003920       0x48 C:/ST/STM32CubeIDE_1.13.1/STM32CubeIDE/plugins/com.st.stm32cube.ide.mcu.externaltools.gnu-tools-for-stm32.11.3.rel1.win32_1.1.0.202305231506/tools/bin/../lib/gcc/arm-none-eabi/11.3.1/../../../../arm-none-eabi/lib/thumb/v7-m/nofp\libc_nano.a(libc_a-init.o)
                0x0000000008003920                __libc_init_array
 .text.__retarget_lock_acquire_recursive
                0x0000000008003968        0x2 C:/ST/STM32CubeIDE_1.13.1/STM32CubeIDE/plugins/com.st.stm32cube.ide.mcu.externaltools.gnu-tools-for-stm32.11.3.rel1.win32_1.1.0.202305231506/tools/bin/../lib/gcc/arm-none-eabi/11.3.1/../../../../arm-none-eabi/lib/thumb/v7-m/nofp\libc_nano.a(libc_a-lock.o)
                0x0000000008003968                __retarget_lock_acquire_recursive
 .text.__retarget_lock_release_recursive
                0x000000000800396a        0x2 C:/ST/STM32CubeIDE_1.13.1/STM32CubeIDE/plugins/com.st.stm32cube.ide.mcu.externaltools.gnu-tools-for-stm32.11.3.rel1.win32_1.1.0.202305231506/tools/bin/../lib/gcc/arm-none-eabi/11.3.1/../../../../arm-none-eabi/lib/thumb/v7-m/nofp\libc_nano.a(libc_a-lock.o)
                0x000000000800396a                __retarget_lock_release_recursive
 .text.memcpy   0x000000000800396c       0x1c C:/ST/STM32CubeIDE_1.13.1/STM32CubeIDE/plugins/com.st.stm32cube.ide.mcu.externaltools.gnu-tools-for-stm32.11.3.rel1.win32_1.1.0.202305231506/tools/bin/../lib/gcc/arm-none-eabi/11.3.1/../../../../arm-none-eabi/lib/thumb/v7-m/nofp\libc_nano.a(libc_a-memcpy-stub.o)
                0x000000000800396c                memcpy
 .text._free_r  0x0000000008003988       0x90 C:/ST/STM32CubeIDE_1.13.1/STM32CubeIDE/plugins/com.st.stm32cube.ide.mcu.externaltools.gnu-tools-for-stm32.11.3.rel1.win32_1.1.0.202305231506/tools/bin/../lib/gcc/arm-none-eabi/11.3.1/../../../../arm-none-eabi/lib/thumb/v7-m/nofp\libc_nano.a(libc_a-freer.o)
                0x0000000008003988                _free_r
 .text.__malloc_lock
                0x0000000008003a18        0xc C:/ST/STM32CubeIDE_1.13.1/STM32CubeIDE/plugins/com.st.stm32cube.ide.mcu.externaltools.gnu-tools-for-stm32.11.3.rel1.win32_1.1.0.202305231506/tools/bin/../lib/gcc/arm-none-eabi/11.3.1/../../../../arm-none-eabi/lib/thumb/v7-m/nofp\libc_nano.a(libc_a-mlock.o)
                0x0000000008003a18                __malloc_lock
 .text.__malloc_unlock
                0x0000000008003a24        0xc C:/ST/STM32CubeIDE_1.13.1/STM32CubeIDE/plugins/com.st.stm32cube.ide.mcu.externaltools.gnu-tools-for-stm32.11.3.rel1.win32_1.1.0.202305231506/tools/bin/../lib/gcc/arm-none-eabi/11.3.1/../../../../arm-none-eabi/lib/thumb/v7-m/nofp\libc_nano.a(libc_a-mlock.o)
                0x0000000008003a24                __malloc_unlock
 *(.glue_7)
 .glue_7        0x0000000008003a30        0x0 linker stubs
 *(.glue_7t)
 .glue_7t       0x0000000008003a30        0x0 linker stubs
 *(.eh_frame)
 .eh_frame      0x0000000008003a30        0x0 C:/ST/STM32CubeIDE_1.13.1/STM32CubeIDE/plugins/com.st.stm32cube.ide.mcu.externaltools.gnu-tools-for-stm32.11.3.rel1.win32_1.1.0.202305231506/tools/bin/../lib/gcc/arm-none-eabi/11.3.1/thumb/v7-m/nofp/crtbegin.o
 *(.init)
 .init          0x0000000008003a30        0x4 C:/ST/STM32CubeIDE_1.13.1/STM32CubeIDE/plugins/com.st.stm32cube.ide.mcu.externaltools.gnu-tools-for-stm32.11.3.rel1.win32_1.1.0.202305231506/tools/bin/../lib/gcc/arm-none-eabi/11.3.1/thumb/v7-m/nofp/crti.o
                0x0000000008003a30                _init
 .init          0x0000000008003a34        0x8 C:/ST/STM32CubeIDE_1.13.1/STM32CubeIDE/plugins/com.st.stm32cube.ide.mcu.externaltools.gnu-tools-for-stm32.11.3.rel1.win32_1.1.0.202305231506/tools/bin/../lib/gcc/arm-none-eabi/11.3.1/thumb/v7-m/nofp/crtn.o
 *(.fini)
 .fini          0x0000000008003a3c        0x4 C:/ST/STM32CubeIDE_1.13.1/STM32CubeIDE/plugins/com.st.stm32cube.ide.mcu.externaltools.gnu-tools-for-stm32.11.3.rel1.win32_1.1.0.202305231506/tools/bin/../lib/gcc/arm-none-eabi/11.3.1/thumb/v7-m/nofp/crti.o
                0x0000000008003a3c                _fini
 .fini          0x0000000008003a40        0x8 C:/ST/STM32CubeIDE_1.13.1/STM32CubeIDE/plugins/com.st.stm32cube.ide.mcu.externaltools.gnu-tools-for-stm32.11.3.rel1.win32_1.1.0.202305231506/tools/bin/../lib/gcc/arm-none-eabi/11.3.1/thumb/v7-m/nofp/crtn.o
                0x0000000008003a48                . = ALIGN (0x4)
                0x0000000008003a48                _etext = .

.vfp11_veneer   0x0000000008003a48        0x0
 .vfp11_veneer  0x0000000008003a48        0x0 linker stubs

.v4_bx          0x0000000008003a48        0x0
 .v4_bx         0x0000000008003a48        0x0 linker stubs

.iplt           0x0000000008003a48        0x0
 .iplt          0x0000000008003a48        0x0 C:/ST/STM32CubeIDE_1.13.1/STM32CubeIDE/plugins/com.st.stm32cube.ide.mcu.externaltools.gnu-tools-for-stm32.11.3.rel1.win32_1.1.0.202305231506/tools/bin/../lib/gcc/arm-none-eabi/11.3.1/thumb/v7-m/nofp/crtbegin.o

.rodata         0x0000000008003a48      0x5e4
                0x0000000008003a48                . = ALIGN (0x4)
 *(.rodata)
 *(.rodata*)
 .rodata.ASCII  0x0000000008003a48      0x1e0 ./Core/Src/NOKIA5110_fb.o
 .rodata.nr_peq
                0x0000000008003c28       0x2c ./Core/Src/NOKIA5110_fb.o
                0x0000000008003c28                nr_peq
 .rodata.main.str1.4
                0x0000000008003c54       0xf2 ./Core/Src/main.o
 *fill*         0x0000000008003d46        0x2 
 .rodata.apaga_caminhao1f
                0x0000000008003d48        0xf ./Core/Src/main.o
                0x0000000008003d48                apaga_caminhao1f
 *fill*         0x0000000008003d57        0x1 
 .rodata.apaga_caminhao2f
                0x0000000008003d58       0x19 ./Core/Src/main.o
                0x0000000008003d58                apaga_caminhao2f
 *fill*         0x0000000008003d71        0x3 
 .rodata.apaga_carro1f
                0x0000000008003d74        0x7 ./Core/Src/main.o
                0x0000000008003d74                apaga_carro1f
 *fill*         0x0000000008003d7b        0x1 
 .rodata.apaga_corrida1f
                0x0000000008003d7c        0xc ./Core/Src/main.o
                0x0000000008003d7c                apaga_corrida1f
 .rodata.apaga_moto1f
                0x0000000008003d88        0x7 ./Core/Src/main.o
                0x0000000008003d88                apaga_moto1f
 *fill*         0x0000000008003d8f        0x1 
 .rodata.apaga_sedan1f
                0x0000000008003d90        0x9 ./Core/Src/main.o
                0x0000000008003d90                apaga_sedan1f
 *fill*         0x0000000008003d99        0x3 
 .rodata.apaga_tri1f
                0x0000000008003d9c        0x7 ./Core/Src/main.o
                0x0000000008003d9c                apaga_tri1f
 *fill*         0x0000000008003da3        0x1 
 .rodata.caminhao1f
                0x0000000008003da4        0xf ./Core/Src/main.o
                0x0000000008003da4                caminhao1f
 *fill*         0x0000000008003db3        0x1 
 .rodata.caminhao2f
                0x0000000008003db4       0x19 ./Core/Src/main.o
                0x0000000008003db4                caminhao2f
 *fill*         0x0000000008003dcd        0x3 
 .rodata.carro1f
                0x0000000008003dd0        0x7 ./Core/Src/main.o
                0x0000000008003dd0                carro1f
 *fill*         0x0000000008003dd7        0x1 
 .rodata.corrida1f
                0x0000000008003dd8        0xc ./Core/Src/main.o
                0x0000000008003dd8                corrida1f
 .rodata.moto1f
                0x0000000008003de4        0x7 ./Core/Src/main.o
                0x0000000008003de4                moto1f
 *fill*         0x0000000008003deb        0x1 
 .rodata.sedan1f
                0x0000000008003dec        0x9 ./Core/Src/main.o
                0x0000000008003dec                sedan1f
 *fill*         0x0000000008003df5        0x3 
 .rodata.tela_inicial
                0x0000000008003df8      0x1f8 ./Core/Src/main.o
                0x0000000008003df8                tela_inicial
 .rodata.tri1f  0x0000000008003ff0        0x7 ./Core/Src/main.o
                0x0000000008003ff0                tri1f
 *fill*         0x0000000008003ff7        0x1 
 .rodata.AHBPrescTable
                0x0000000008003ff8       0x10 ./Core/Src/system_stm32f1xx.o
                0x0000000008003ff8                AHBPrescTable
 .rodata.APBPrescTable
                0x0000000008004008        0x8 ./Core/Src/system_stm32f1xx.o
                0x0000000008004008                APBPrescTable
 .rodata.HAL_RCC_ClockConfig.str1.4
                0x0000000008004010       0x11 ./Drivers/STM32F1xx_HAL_Driver/Src/stm32f1xx_hal_rcc.o
 *fill*         0x0000000008004021        0x3 
 .rodata.vTaskStartScheduler.str1.4
                0x0000000008004024        0x5 ./Middlewares/Third_Party/FreeRTOS/Source/tasks.o
                0x000000000800402c                . = ALIGN (0x4)
 *fill*         0x0000000008004029        0x3 

.rel.dyn        0x000000000800402c        0x0
 .rel.iplt      0x000000000800402c        0x0 C:/ST/STM32CubeIDE_1.13.1/STM32CubeIDE/plugins/com.st.stm32cube.ide.mcu.externaltools.gnu-tools-for-stm32.11.3.rel1.win32_1.1.0.202305231506/tools/bin/../lib/gcc/arm-none-eabi/11.3.1/thumb/v7-m/nofp/crtbegin.o

.ARM.extab      0x000000000800402c        0x0
                0x000000000800402c                . = ALIGN (0x4)
 *(.ARM.extab* .gnu.linkonce.armextab.*)
                0x000000000800402c                . = ALIGN (0x4)

.ARM            0x000000000800402c        0x0
                0x000000000800402c                . = ALIGN (0x4)
                0x000000000800402c                __exidx_start = .
 *(.ARM.exidx*)
                0x000000000800402c                __exidx_end = .
                0x000000000800402c                . = ALIGN (0x4)

.preinit_array  0x000000000800402c        0x0
                0x000000000800402c                . = ALIGN (0x4)
                0x000000000800402c                PROVIDE (__preinit_array_start = .)
 *(.preinit_array*)
                0x000000000800402c                PROVIDE (__preinit_array_end = .)
                0x000000000800402c                . = ALIGN (0x4)

.init_array     0x000000000800402c        0x4
                0x000000000800402c                . = ALIGN (0x4)
                0x000000000800402c                PROVIDE (__init_array_start = .)
 *(SORT_BY_NAME(.init_array.*))
 *(.init_array*)
 .init_array    0x000000000800402c        0x4 C:/ST/STM32CubeIDE_1.13.1/STM32CubeIDE/plugins/com.st.stm32cube.ide.mcu.externaltools.gnu-tools-for-stm32.11.3.rel1.win32_1.1.0.202305231506/tools/bin/../lib/gcc/arm-none-eabi/11.3.1/thumb/v7-m/nofp/crtbegin.o
                0x0000000008004030                PROVIDE (__init_array_end = .)
                0x0000000008004030                . = ALIGN (0x4)

.fini_array     0x0000000008004030        0x4
                0x0000000008004030                . = ALIGN (0x4)
                [!provide]                        PROVIDE (__fini_array_start = .)
 *(SORT_BY_NAME(.fini_array.*))
 *(.fini_array*)
 .fini_array    0x0000000008004030        0x4 C:/ST/STM32CubeIDE_1.13.1/STM32CubeIDE/plugins/com.st.stm32cube.ide.mcu.externaltools.gnu-tools-for-stm32.11.3.rel1.win32_1.1.0.202305231506/tools/bin/../lib/gcc/arm-none-eabi/11.3.1/thumb/v7-m/nofp/crtbegin.o
                [!provide]                        PROVIDE (__fini_array_end = .)
                0x0000000008004034                . = ALIGN (0x4)
                0x0000000008004034                _sidata = LOADADDR (.data)

.data           0x0000000020000000      0x228 load address 0x0000000008004034
                0x0000000020000000                . = ALIGN (0x4)
                0x0000000020000000                _sdata = .
 *(.data)
 *(.data*)
 .data.taskParamsCaminhao
                0x0000000020000000       0x1c ./Core/Src/main.o
                0x0000000020000000                taskParamsCaminhao
 .data.taskParamsCaminhao1
                0x000000002000001c       0x1c ./Core/Src/main.o
                0x000000002000001c                taskParamsCaminhao1
 .data.taskParamsCarro
                0x0000000020000038       0x1c ./Core/Src/main.o
                0x0000000020000038                taskParamsCarro
 .data.taskParamsCarro1
                0x0000000020000054       0x1c ./Core/Src/main.o
                0x0000000020000054                taskParamsCarro1
 .data.taskParamsCarro3
                0x0000000020000070       0x1c ./Core/Src/main.o
                0x0000000020000070                taskParamsCarro3
 .data.taskParamsCarro3_1
                0x000000002000008c       0x1c ./Core/Src/main.o
                0x000000002000008c                taskParamsCarro3_1
 .data.taskParamsCarro3_2
                0x00000000200000a8       0x1c ./Core/Src/main.o
                0x00000000200000a8                taskParamsCarro3_2
 .data.taskParamsCorrida
                0x00000000200000c4       0x1c ./Core/Src/main.o
                0x00000000200000c4                taskParamsCorrida
 .data.taskParamsCorrida1
                0x00000000200000e0       0x1c ./Core/Src/main.o
                0x00000000200000e0                taskParamsCorrida1
 .data.taskParamsCorrida2
                0x00000000200000fc       0x1c ./Core/Src/main.o
                0x00000000200000fc                taskParamsCorrida2
 .data.taskParamsMoto
                0x0000000020000118       0x1c ./Core/Src/main.o
                0x0000000020000118                taskParamsMoto
 .data.taskParamsMoto1
                0x0000000020000134       0x1c ./Core/Src/main.o
                0x0000000020000134                taskParamsMoto1
 .data.taskParamsSedan
                0x0000000020000150       0x1c ./Core/Src/main.o
                0x0000000020000150                taskParamsSedan
 .data.taskParamsSedan1
                0x000000002000016c       0x1c ./Core/Src/main.o
                0x000000002000016c                taskParamsSedan1
 .data.taskParamsSedan5_1
                0x0000000020000188       0x1c ./Core/Src/main.o
                0x0000000020000188                taskParamsSedan5_1
 .data.taskParamsSedan5_2
                0x00000000200001a4       0x1c ./Core/Src/main.o
                0x00000000200001a4                taskParamsSedan5_2
 .data.x.0      0x00000000200001c0        0x4 ./Core/Src/main.o
 .data.y_principal
                0x00000000200001c4        0x4 ./Core/Src/main.o
                0x00000000200001c4                y_principal
 .data.SystemCoreClock
                0x00000000200001c8        0x4 ./Core/Src/system_stm32f1xx.o
                0x00000000200001c8                SystemCoreClock
 .data.uwTickFreq
                0x00000000200001cc        0x1 ./Drivers/STM32F1xx_HAL_Driver/Src/stm32f1xx_hal.o
                0x00000000200001cc                uwTickFreq
 *fill*         0x00000000200001cd        0x3 
 .data.uwTickPrio
                0x00000000200001d0        0x4 ./Drivers/STM32F1xx_HAL_Driver/Src/stm32f1xx_hal.o
                0x00000000200001d0                uwTickPrio
 .data.uxCriticalNesting
                0x00000000200001d4        0x4 ./Middlewares/Third_Party/FreeRTOS/Source/portable/GCC/ARM_CM3/port.o
 .data._impure_data
                0x00000000200001d8       0x4c C:/ST/STM32CubeIDE_1.13.1/STM32CubeIDE/plugins/com.st.stm32cube.ide.mcu.externaltools.gnu-tools-for-stm32.11.3.rel1.win32_1.1.0.202305231506/tools/bin/../lib/gcc/arm-none-eabi/11.3.1/../../../../arm-none-eabi/lib/thumb/v7-m/nofp\libc_nano.a(libc_a-impure.o)
                0x00000000200001d8                _impure_data
 .data._impure_ptr
                0x0000000020000224        0x4 C:/ST/STM32CubeIDE_1.13.1/STM32CubeIDE/plugins/com.st.stm32cube.ide.mcu.externaltools.gnu-tools-for-stm32.11.3.rel1.win32_1.1.0.202305231506/tools/bin/../lib/gcc/arm-none-eabi/11.3.1/../../../../arm-none-eabi/lib/thumb/v7-m/nofp\libc_nano.a(libc_a-impure.o)
                0x0000000020000224                _impure_ptr
 *(.RamFunc)
 *(.RamFunc*)
                0x0000000020000228                . = ALIGN (0x4)
                0x0000000020000228                _edata = .

.igot.plt       0x0000000020000228        0x0 load address 0x000000000800425c
 .igot.plt      0x0000000020000228        0x0 C:/ST/STM32CubeIDE_1.13.1/STM32CubeIDE/plugins/com.st.stm32cube.ide.mcu.externaltools.gnu-tools-for-stm32.11.3.rel1.win32_1.1.0.202305231506/tools/bin/../lib/gcc/arm-none-eabi/11.3.1/thumb/v7-m/nofp/crtbegin.o
                0x0000000020000228                . = ALIGN (0x4)

.bss            0x0000000020000228     0x39c8 load address 0x000000000800425c
                0x0000000020000228                _sbss = .
                0x0000000020000228                __bss_start__ = _sbss
 *(.bss)
 .bss           0x0000000020000228       0x1c C:/ST/STM32CubeIDE_1.13.1/STM32CubeIDE/plugins/com.st.stm32cube.ide.mcu.externaltools.gnu-tools-for-stm32.11.3.rel1.win32_1.1.0.202305231506/tools/bin/../lib/gcc/arm-none-eabi/11.3.1/thumb/v7-m/nofp/crtbegin.o
 *(.bss*)
 .bss.fb        0x0000000020000244      0x1f8 ./Core/Src/NOKIA5110_fb.o
 .bss.indice_fb
                0x000000002000043c        0x4 ./Core/Src/NOKIA5110_fb.o
 .bss.lfsr      0x0000000020000440        0x4 ./Core/Src/PRNG_LFSR.o
                0x0000000020000440                lfsr
 .bss.xIdleStack
                0x0000000020000444      0x200 ./Core/Src/freertos.o
 .bss.xIdleTaskTCBBuffer
                0x0000000020000644       0xb0 ./Core/Src/freertos.o
 .bss.ADC_buffer
                0x00000000200006f4        0x8 ./Core/Src/main.o
                0x00000000200006f4                ADC_buffer
 .bss.caminhao0p
                0x00000000200006fc       0x18 ./Core/Src/main.o
                0x00000000200006fc                caminhao0p
 .bss.caminhao1p
                0x0000000020000714       0x18 ./Core/Src/main.o
                0x0000000020000714                caminhao1p
 .bss.carro1_1p
                0x000000002000072c       0x18 ./Core/Src/main.o
                0x000000002000072c                carro1_1p
 .bss.carro1p   0x0000000020000744       0x18 ./Core/Src/main.o
                0x0000000020000744                carro1p
 .bss.carro3_1p
                0x000000002000075c       0x18 ./Core/Src/main.o
                0x000000002000075c                carro3_1p
 .bss.carro3_2p
                0x0000000020000774       0x18 ./Core/Src/main.o
                0x0000000020000774                carro3_2p
 .bss.carro3p   0x000000002000078c       0x18 ./Core/Src/main.o
                0x000000002000078c                carro3p
 .bss.carro_reset
                0x00000000200007a4        0x1 ./Core/Src/main.o
                0x00000000200007a4                carro_reset
 *fill*         0x00000000200007a5        0x3 
 .bss.corrida0p
                0x00000000200007a8       0x18 ./Core/Src/main.o
                0x00000000200007a8                corrida0p
 .bss.corrida1p
                0x00000000200007c0       0x18 ./Core/Src/main.o
                0x00000000200007c0                corrida1p
 .bss.corrida2p
                0x00000000200007d8       0x18 ./Core/Src/main.o
                0x00000000200007d8                corrida2p
 .bss.hadc1     0x00000000200007f0       0x30 ./Core/Src/main.o
                0x00000000200007f0                hadc1
 .bss.hdma_adc1
                0x0000000020000820       0x44 ./Core/Src/main.o
                0x0000000020000820                hdma_adc1
 .bss.moto0p    0x0000000020000864       0x18 ./Core/Src/main.o
                0x0000000020000864                moto0p
 .bss.moto1p    0x000000002000087c       0x18 ./Core/Src/main.o
                0x000000002000087c                moto1p
 *fill*         0x0000000020000894        0x4 
 .bss.principal0p
                0x0000000020000898       0x18 ./Core/Src/main.o
                0x0000000020000898                principal0p
 .bss.score_carro
                0x00000000200008b0        0x4 ./Core/Src/main.o
                0x00000000200008b0                score_carro
 .bss.sedan0_1p
                0x00000000200008b4       0x18 ./Core/Src/main.o
                0x00000000200008b4                sedan0_1p
 .bss.sedan0p   0x00000000200008cc       0x18 ./Core/Src/main.o
                0x00000000200008cc                sedan0p
 .bss.sedan5_1p
                0x00000000200008e4       0x18 ./Core/Src/main.o
                0x00000000200008e4                sedan5_1p
 .bss.sedan5_2p
                0x00000000200008fc       0x18 ./Core/Src/main.o
                0x00000000200008fc                sedan5_2p
 .bss.valor_ADC
                0x0000000020000914        0x8 ./Core/Src/main.o
                0x0000000020000914                valor_ADC
 .bss.htim4     0x000000002000091c       0x48 ./Core/Src/stm32f1xx_hal_timebase_tim.o
                0x000000002000091c                htim4
 .bss.uwTick    0x0000000020000964        0x4 ./Drivers/STM32F1xx_HAL_Driver/Src/stm32f1xx_hal.o
                0x0000000020000964                uwTick
 .bss.pxCurrentTCB
                0x0000000020000968        0x4 ./Middlewares/Third_Party/FreeRTOS/Source/tasks.o
                0x0000000020000968                pxCurrentTCB
 .bss.pxDelayedTaskList
                0x000000002000096c        0x4 ./Middlewares/Third_Party/FreeRTOS/Source/tasks.o
 .bss.pxOverflowDelayedTaskList
                0x0000000020000970        0x4 ./Middlewares/Third_Party/FreeRTOS/Source/tasks.o
 .bss.pxReadyTasksLists
                0x0000000020000974       0x8c ./Middlewares/Third_Party/FreeRTOS/Source/tasks.o
 .bss.uxCurrentNumberOfTasks
                0x0000000020000a00        0x4 ./Middlewares/Third_Party/FreeRTOS/Source/tasks.o
 .bss.uxDeletedTasksWaitingCleanUp
                0x0000000020000a04        0x4 ./Middlewares/Third_Party/FreeRTOS/Source/tasks.o
 .bss.uxPendedTicks
                0x0000000020000a08        0x4 ./Middlewares/Third_Party/FreeRTOS/Source/tasks.o
 .bss.uxSchedulerSuspended
                0x0000000020000a0c        0x4 ./Middlewares/Third_Party/FreeRTOS/Source/tasks.o
 .bss.uxTaskNumber
                0x0000000020000a10        0x4 ./Middlewares/Third_Party/FreeRTOS/Source/tasks.o
 .bss.uxTopReadyPriority
                0x0000000020000a14        0x4 ./Middlewares/Third_Party/FreeRTOS/Source/tasks.o
 .bss.xDelayedTaskList1
                0x0000000020000a18       0x14 ./Middlewares/Third_Party/FreeRTOS/Source/tasks.o
 .bss.xDelayedTaskList2
                0x0000000020000a2c       0x14 ./Middlewares/Third_Party/FreeRTOS/Source/tasks.o
 .bss.xNextTaskUnblockTime
                0x0000000020000a40        0x4 ./Middlewares/Third_Party/FreeRTOS/Source/tasks.o
 .bss.xNumOfOverflows
                0x0000000020000a44        0x4 ./Middlewares/Third_Party/FreeRTOS/Source/tasks.o
 .bss.xPendingReadyList
                0x0000000020000a48       0x14 ./Middlewares/Third_Party/FreeRTOS/Source/tasks.o
 .bss.xSchedulerRunning
                0x0000000020000a5c        0x4 ./Middlewares/Third_Party/FreeRTOS/Source/tasks.o
 .bss.xSuspendedTaskList
                0x0000000020000a60       0x14 ./Middlewares/Third_Party/FreeRTOS/Source/tasks.o
 .bss.xTasksWaitingTermination
                0x0000000020000a74       0x14 ./Middlewares/Third_Party/FreeRTOS/Source/tasks.o
 .bss.xTickCount
                0x0000000020000a88        0x4 ./Middlewares/Third_Party/FreeRTOS/Source/tasks.o
 .bss.xYieldPending
                0x0000000020000a8c        0x4 ./Middlewares/Third_Party/FreeRTOS/Source/tasks.o
 .bss.ucMaxSysCallPriority
                0x0000000020000a90        0x1 ./Middlewares/Third_Party/FreeRTOS/Source/portable/GCC/ARM_CM3/port.o
 *fill*         0x0000000020000a91        0x3 
 .bss.ulMaxPRIGROUPValue
                0x0000000020000a94        0x4 ./Middlewares/Third_Party/FreeRTOS/Source/portable/GCC/ARM_CM3/port.o
 .bss.pxEnd     0x0000000020000a98        0x4 ./Middlewares/Third_Party/FreeRTOS/Source/portable/MemMang/heap_4.o
 .bss.ucHeap    0x0000000020000a9c     0x3000 ./Middlewares/Third_Party/FreeRTOS/Source/portable/MemMang/heap_4.o
 .bss.xBlockAllocatedBit
                0x0000000020003a9c        0x4 ./Middlewares/Third_Party/FreeRTOS/Source/portable/MemMang/heap_4.o
 .bss.xFreeBytesRemaining
                0x0000000020003aa0        0x4 ./Middlewares/Third_Party/FreeRTOS/Source/portable/MemMang/heap_4.o
 .bss.xMinimumEverFreeBytesRemaining
                0x0000000020003aa4        0x4 ./Middlewares/Third_Party/FreeRTOS/Source/portable/MemMang/heap_4.o
 .bss.xStart    0x0000000020003aa8        0x8 ./Middlewares/Third_Party/FreeRTOS/Source/portable/MemMang/heap_4.o
 .bss.__sf      0x0000000020003ab0      0x138 C:/ST/STM32CubeIDE_1.13.1/STM32CubeIDE/plugins/com.st.stm32cube.ide.mcu.externaltools.gnu-tools-for-stm32.11.3.rel1.win32_1.1.0.202305231506/tools/bin/../lib/gcc/arm-none-eabi/11.3.1/../../../../arm-none-eabi/lib/thumb/v7-m/nofp\libc_nano.a(libc_a-findfp.o)
                0x0000000020003ab0                __sf
 .bss.__lock___malloc_recursive_mutex
                0x0000000020003be8        0x1 C:/ST/STM32CubeIDE_1.13.1/STM32CubeIDE/plugins/com.st.stm32cube.ide.mcu.externaltools.gnu-tools-for-stm32.11.3.rel1.win32_1.1.0.202305231506/tools/bin/../lib/gcc/arm-none-eabi/11.3.1/../../../../arm-none-eabi/lib/thumb/v7-m/nofp\libc_nano.a(libc_a-lock.o)
                0x0000000020003be8                __lock___malloc_recursive_mutex
 *fill*         0x0000000020003be9        0x3 
 .bss.__malloc_free_list
                0x0000000020003bec        0x4 C:/ST/STM32CubeIDE_1.13.1/STM32CubeIDE/plugins/com.st.stm32cube.ide.mcu.externaltools.gnu-tools-for-stm32.11.3.rel1.win32_1.1.0.202305231506/tools/bin/../lib/gcc/arm-none-eabi/11.3.1/../../../../arm-none-eabi/lib/thumb/v7-m/nofp\libc_nano.a(libc_a-mallocr.o)
                0x0000000020003bec                __malloc_free_list
 *(COMMON)
                0x0000000020003bf0                . = ALIGN (0x4)
                0x0000000020003bf0                _ebss = .
                0x0000000020003bf0                __bss_end__ = _ebss

._user_heap_stack
                0x0000000020003bf0      0x600 load address 0x000000000800425c
                0x0000000020003bf0                . = ALIGN (0x8)
                [!provide]                        PROVIDE (end = .)
                0x0000000020003bf0                PROVIDE (_end = .)
                0x0000000020003df0                . = (. + _Min_Heap_Size)
 *fill*         0x0000000020003bf0      0x200 
                0x00000000200041f0                . = (. + _Min_Stack_Size)
 *fill*         0x0000000020003df0      0x400 
                0x00000000200041f0                . = ALIGN (0x8)

/DISCARD/
 libc.a(*)
 libm.a(*)
 libgcc.a(*)

.ARM.attributes
                0x0000000000000000       0x29
 *(.ARM.attributes)
 .ARM.attributes
                0x0000000000000000       0x1d C:/ST/STM32CubeIDE_1.13.1/STM32CubeIDE/plugins/com.st.stm32cube.ide.mcu.externaltools.gnu-tools-for-stm32.11.3.rel1.win32_1.1.0.202305231506/tools/bin/../lib/gcc/arm-none-eabi/11.3.1/thumb/v7-m/nofp/crti.o
 .ARM.attributes
                0x000000000000001d       0x2d C:/ST/STM32CubeIDE_1.13.1/STM32CubeIDE/plugins/com.st.stm32cube.ide.mcu.externaltools.gnu-tools-for-stm32.11.3.rel1.win32_1.1.0.202305231506/tools/bin/../lib/gcc/arm-none-eabi/11.3.1/thumb/v7-m/nofp/crtbegin.o
 .ARM.attributes
                0x000000000000004a       0x2d ./Core/Src/NOKIA5110_fb.o
 .ARM.attributes
                0x0000000000000077       0x2d ./Core/Src/PRNG_LFSR.o
 .ARM.attributes
                0x00000000000000a4       0x2d ./Core/Src/atraso.o
 .ARM.attributes
                0x00000000000000d1       0x2d ./Core/Src/freertos.o
 .ARM.attributes
                0x00000000000000fe       0x2d ./Core/Src/main.o
 .ARM.attributes
                0x000000000000012b       0x2d ./Core/Src/stm32f1xx_hal_msp.o
 .ARM.attributes
                0x0000000000000158       0x2d ./Core/Src/stm32f1xx_hal_timebase_tim.o
 .ARM.attributes
                0x0000000000000185       0x2d ./Core/Src/stm32f1xx_it.o
 .ARM.attributes
                0x00000000000001b2       0x2d ./Core/Src/system_stm32f1xx.o
 .ARM.attributes
                0x00000000000001df       0x21 ./Core/Startup/startup_stm32f103c8tx.o
 .ARM.attributes
                0x0000000000000200       0x2d ./Drivers/STM32F1xx_HAL_Driver/Src/stm32f1xx_hal.o
 .ARM.attributes
                0x000000000000022d       0x2d ./Drivers/STM32F1xx_HAL_Driver/Src/stm32f1xx_hal_adc.o
 .ARM.attributes
                0x000000000000025a       0x2d ./Drivers/STM32F1xx_HAL_Driver/Src/stm32f1xx_hal_adc_ex.o
 .ARM.attributes
                0x0000000000000287       0x2d ./Drivers/STM32F1xx_HAL_Driver/Src/stm32f1xx_hal_cortex.o
 .ARM.attributes
                0x00000000000002b4       0x2d ./Drivers/STM32F1xx_HAL_Driver/Src/stm32f1xx_hal_dma.o
 .ARM.attributes
                0x00000000000002e1       0x2d ./Drivers/STM32F1xx_HAL_Driver/Src/stm32f1xx_hal_gpio.o
 .ARM.attributes
                0x000000000000030e       0x2d ./Drivers/STM32F1xx_HAL_Driver/Src/stm32f1xx_hal_rcc.o
 .ARM.attributes
                0x000000000000033b       0x2d ./Drivers/STM32F1xx_HAL_Driver/Src/stm32f1xx_hal_rcc_ex.o
 .ARM.attributes
                0x0000000000000368       0x2d ./Drivers/STM32F1xx_HAL_Driver/Src/stm32f1xx_hal_tim.o
 .ARM.attributes
                0x0000000000000395       0x2d ./Drivers/STM32F1xx_HAL_Driver/Src/stm32f1xx_hal_tim_ex.o
 .ARM.attributes
                0x00000000000003c2       0x2d ./Middlewares/Third_Party/FreeRTOS/Source/CMSIS_RTOS/cmsis_os.o
 .ARM.attributes
                0x00000000000003ef       0x2d ./Middlewares/Third_Party/FreeRTOS/Source/list.o
 .ARM.attributes
                0x000000000000041c       0x2d ./Middlewares/Third_Party/FreeRTOS/Source/tasks.o
 .ARM.attributes
                0x0000000000000449       0x2d ./Middlewares/Third_Party/FreeRTOS/Source/portable/GCC/ARM_CM3/port.o
 .ARM.attributes
                0x0000000000000476       0x2d ./Middlewares/Third_Party/FreeRTOS/Source/portable/MemMang/heap_4.o
 .ARM.attributes
                0x00000000000004a3       0x2d C:/ST/STM32CubeIDE_1.13.1/STM32CubeIDE/plugins/com.st.stm32cube.ide.mcu.externaltools.gnu-tools-for-stm32.11.3.rel1.win32_1.1.0.202305231506/tools/bin/../lib/gcc/arm-none-eabi/11.3.1/../../../../arm-none-eabi/lib/thumb/v7-m/nofp\libc_nano.a(libc_a-findfp.o)
 .ARM.attributes
                0x00000000000004d0       0x2d C:/ST/STM32CubeIDE_1.13.1/STM32CubeIDE/plugins/com.st.stm32cube.ide.mcu.externaltools.gnu-tools-for-stm32.11.3.rel1.win32_1.1.0.202305231506/tools/bin/../lib/gcc/arm-none-eabi/11.3.1/../../../../arm-none-eabi/lib/thumb/v7-m/nofp\libc_nano.a(libc_a-memset.o)
 .ARM.attributes
                0x00000000000004fd       0x2d C:/ST/STM32CubeIDE_1.13.1/STM32CubeIDE/plugins/com.st.stm32cube.ide.mcu.externaltools.gnu-tools-for-stm32.11.3.rel1.win32_1.1.0.202305231506/tools/bin/../lib/gcc/arm-none-eabi/11.3.1/../../../../arm-none-eabi/lib/thumb/v7-m/nofp\libc_nano.a(libc_a-reent.o)
 .ARM.attributes
                0x000000000000052a       0x2d C:/ST/STM32CubeIDE_1.13.1/STM32CubeIDE/plugins/com.st.stm32cube.ide.mcu.externaltools.gnu-tools-for-stm32.11.3.rel1.win32_1.1.0.202305231506/tools/bin/../lib/gcc/arm-none-eabi/11.3.1/../../../../arm-none-eabi/lib/thumb/v7-m/nofp\libc_nano.a(libc_a-impure.o)
 .ARM.attributes
                0x0000000000000557       0x2d C:/ST/STM32CubeIDE_1.13.1/STM32CubeIDE/plugins/com.st.stm32cube.ide.mcu.externaltools.gnu-tools-for-stm32.11.3.rel1.win32_1.1.0.202305231506/tools/bin/../lib/gcc/arm-none-eabi/11.3.1/../../../../arm-none-eabi/lib/thumb/v7-m/nofp\libc_nano.a(libc_a-init.o)
 .ARM.attributes
                0x0000000000000584       0x2d C:/ST/STM32CubeIDE_1.13.1/STM32CubeIDE/plugins/com.st.stm32cube.ide.mcu.externaltools.gnu-tools-for-stm32.11.3.rel1.win32_1.1.0.202305231506/tools/bin/../lib/gcc/arm-none-eabi/11.3.1/../../../../arm-none-eabi/lib/thumb/v7-m/nofp\libc_nano.a(libc_a-lock.o)
 .ARM.attributes
                0x00000000000005b1       0x2d C:/ST/STM32CubeIDE_1.13.1/STM32CubeIDE/plugins/com.st.stm32cube.ide.mcu.externaltools.gnu-tools-for-stm32.11.3.rel1.win32_1.1.0.202305231506/tools/bin/../lib/gcc/arm-none-eabi/11.3.1/../../../../arm-none-eabi/lib/thumb/v7-m/nofp\libc_nano.a(libc_a-memcpy-stub.o)
 .ARM.attributes
                0x00000000000005de       0x2d C:/ST/STM32CubeIDE_1.13.1/STM32CubeIDE/plugins/com.st.stm32cube.ide.mcu.externaltools.gnu-tools-for-stm32.11.3.rel1.win32_1.1.0.202305231506/tools/bin/../lib/gcc/arm-none-eabi/11.3.1/../../../../arm-none-eabi/lib/thumb/v7-m/nofp\libc_nano.a(libc_a-freer.o)
 .ARM.attributes
                0x000000000000060b       0x2d C:/ST/STM32CubeIDE_1.13.1/STM32CubeIDE/plugins/com.st.stm32cube.ide.mcu.externaltools.gnu-tools-for-stm32.11.3.rel1.win32_1.1.0.202305231506/tools/bin/../lib/gcc/arm-none-eabi/11.3.1/../../../../arm-none-eabi/lib/thumb/v7-m/nofp\libc_nano.a(libc_a-mallocr.o)
 .ARM.attributes
                0x0000000000000638       0x2d C:/ST/STM32CubeIDE_1.13.1/STM32CubeIDE/plugins/com.st.stm32cube.ide.mcu.externaltools.gnu-tools-for-stm32.11.3.rel1.win32_1.1.0.202305231506/tools/bin/../lib/gcc/arm-none-eabi/11.3.1/../../../../arm-none-eabi/lib/thumb/v7-m/nofp\libc_nano.a(libc_a-mlock.o)
 .ARM.attributes
                0x0000000000000665       0x1d C:/ST/STM32CubeIDE_1.13.1/STM32CubeIDE/plugins/com.st.stm32cube.ide.mcu.externaltools.gnu-tools-for-stm32.11.3.rel1.win32_1.1.0.202305231506/tools/bin/../lib/gcc/arm-none-eabi/11.3.1/thumb/v7-m/nofp/crtn.o
OUTPUT(Game_Borges_Invaders_STM32F103C8.elf elf32-littlearm)
LOAD linker stubs
LOAD C:/ST/STM32CubeIDE_1.13.1/STM32CubeIDE/plugins/com.st.stm32cube.ide.mcu.externaltools.gnu-tools-for-stm32.11.3.rel1.win32_1.1.0.202305231506/tools/bin/../lib/gcc/arm-none-eabi/11.3.1/../../../../arm-none-eabi/lib/thumb/v7-m/nofp\libc.a
LOAD C:/ST/STM32CubeIDE_1.13.1/STM32CubeIDE/plugins/com.st.stm32cube.ide.mcu.externaltools.gnu-tools-for-stm32.11.3.rel1.win32_1.1.0.202305231506/tools/bin/../lib/gcc/arm-none-eabi/11.3.1/../../../../arm-none-eabi/lib/thumb/v7-m/nofp\libm.a
LOAD C:/ST/STM32CubeIDE_1.13.1/STM32CubeIDE/plugins/com.st.stm32cube.ide.mcu.externaltools.gnu-tools-for-stm32.11.3.rel1.win32_1.1.0.202305231506/tools/bin/../lib/gcc/arm-none-eabi/11.3.1/thumb/v7-m/nofp\libgcc.a

.comment        0x0000000000000000       0x43
 .comment       0x0000000000000000       0x43 C:/ST/STM32CubeIDE_1.13.1/STM32CubeIDE/plugins/com.st.stm32cube.ide.mcu.externaltools.gnu-tools-for-stm32.11.3.rel1.win32_1.1.0.202305231506/tools/bin/../lib/gcc/arm-none-eabi/11.3.1/thumb/v7-m/nofp/crtbegin.o
                                         0x44 (size before relaxing)
 .comment       0x0000000000000043       0x44 ./Core/Src/NOKIA5110_fb.o
 .comment       0x0000000000000043       0x44 ./Core/Src/PRNG_LFSR.o
 .comment       0x0000000000000043       0x44 ./Core/Src/atraso.o
 .comment       0x0000000000000043       0x44 ./Core/Src/freertos.o
 .comment       0x0000000000000043       0x44 ./Core/Src/main.o
 .comment       0x0000000000000043       0x44 ./Core/Src/stm32f1xx_hal_msp.o
 .comment       0x0000000000000043       0x44 ./Core/Src/stm32f1xx_hal_timebase_tim.o
 .comment       0x0000000000000043       0x44 ./Core/Src/stm32f1xx_it.o
 .comment       0x0000000000000043       0x44 ./Core/Src/system_stm32f1xx.o
 .comment       0x0000000000000043       0x44 ./Drivers/STM32F1xx_HAL_Driver/Src/stm32f1xx_hal.o
 .comment       0x0000000000000043       0x44 ./Drivers/STM32F1xx_HAL_Driver/Src/stm32f1xx_hal_adc.o
 .comment       0x0000000000000043       0x44 ./Drivers/STM32F1xx_HAL_Driver/Src/stm32f1xx_hal_adc_ex.o
 .comment       0x0000000000000043       0x44 ./Drivers/STM32F1xx_HAL_Driver/Src/stm32f1xx_hal_cortex.o
 .comment       0x0000000000000043       0x44 ./Drivers/STM32F1xx_HAL_Driver/Src/stm32f1xx_hal_dma.o
 .comment       0x0000000000000043       0x44 ./Drivers/STM32F1xx_HAL_Driver/Src/stm32f1xx_hal_gpio.o
 .comment       0x0000000000000043       0x44 ./Drivers/STM32F1xx_HAL_Driver/Src/stm32f1xx_hal_rcc.o
 .comment       0x0000000000000043       0x44 ./Drivers/STM32F1xx_HAL_Driver/Src/stm32f1xx_hal_rcc_ex.o
 .comment       0x0000000000000043       0x44 ./Drivers/STM32F1xx_HAL_Driver/Src/stm32f1xx_hal_tim.o
 .comment       0x0000000000000043       0x44 ./Drivers/STM32F1xx_HAL_Driver/Src/stm32f1xx_hal_tim_ex.o
 .comment       0x0000000000000043       0x44 ./Middlewares/Third_Party/FreeRTOS/Source/CMSIS_RTOS/cmsis_os.o
 .comment       0x0000000000000043       0x44 ./Middlewares/Third_Party/FreeRTOS/Source/list.o
 .comment       0x0000000000000043       0x44 ./Middlewares/Third_Party/FreeRTOS/Source/tasks.o
 .comment       0x0000000000000043       0x44 ./Middlewares/Third_Party/FreeRTOS/Source/portable/GCC/ARM_CM3/port.o
 .comment       0x0000000000000043       0x44 ./Middlewares/Third_Party/FreeRTOS/Source/portable/MemMang/heap_4.o

.debug_frame    0x0000000000000000      0x350
 .debug_frame   0x0000000000000000      0x13c C:/ST/STM32CubeIDE_1.13.1/STM32CubeIDE/plugins/com.st.stm32cube.ide.mcu.externaltools.gnu-tools-for-stm32.11.3.rel1.win32_1.1.0.202305231506/tools/bin/../lib/gcc/arm-none-eabi/11.3.1/../../../../arm-none-eabi/lib/thumb/v7-m/nofp\libc_nano.a(libc_a-findfp.o)
 .debug_frame   0x000000000000013c       0x20 C:/ST/STM32CubeIDE_1.13.1/STM32CubeIDE/plugins/com.st.stm32cube.ide.mcu.externaltools.gnu-tools-for-stm32.11.3.rel1.win32_1.1.0.202305231506/tools/bin/../lib/gcc/arm-none-eabi/11.3.1/../../../../arm-none-eabi/lib/thumb/v7-m/nofp\libc_nano.a(libc_a-memset.o)
 .debug_frame   0x000000000000015c       0x38 C:/ST/STM32CubeIDE_1.13.1/STM32CubeIDE/plugins/com.st.stm32cube.ide.mcu.externaltools.gnu-tools-for-stm32.11.3.rel1.win32_1.1.0.202305231506/tools/bin/../lib/gcc/arm-none-eabi/11.3.1/../../../../arm-none-eabi/lib/thumb/v7-m/nofp\libc_nano.a(libc_a-reent.o)
 .debug_frame   0x0000000000000194       0x2c C:/ST/STM32CubeIDE_1.13.1/STM32CubeIDE/plugins/com.st.stm32cube.ide.mcu.externaltools.gnu-tools-for-stm32.11.3.rel1.win32_1.1.0.202305231506/tools/bin/../lib/gcc/arm-none-eabi/11.3.1/../../../../arm-none-eabi/lib/thumb/v7-m/nofp\libc_nano.a(libc_a-init.o)
 .debug_frame   0x00000000000001c0       0xb0 C:/ST/STM32CubeIDE_1.13.1/STM32CubeIDE/plugins/com.st.stm32cube.ide.mcu.externaltools.gnu-tools-for-stm32.11.3.rel1.win32_1.1.0.202305231506/tools/bin/../lib/gcc/arm-none-eabi/11.3.1/../../../../arm-none-eabi/lib/thumb/v7-m/nofp\libc_nano.a(libc_a-lock.o)
 .debug_frame   0x0000000000000270       0x28 C:/ST/STM32CubeIDE_1.13.1/STM32CubeIDE/plugins/com.st.stm32cube.ide.mcu.externaltools.gnu-tools-for-stm32.11.3.rel1.win32_1.1.0.202305231506/tools/bin/../lib/gcc/arm-none-eabi/11.3.1/../../../../arm-none-eabi/lib/thumb/v7-m/nofp\libc_nano.a(libc_a-memcpy-stub.o)
 .debug_frame   0x0000000000000298       0x38 C:/ST/STM32CubeIDE_1.13.1/STM32CubeIDE/plugins/com.st.stm32cube.ide.mcu.externaltools.gnu-tools-for-stm32.11.3.rel1.win32_1.1.0.202305231506/tools/bin/../lib/gcc/arm-none-eabi/11.3.1/../../../../arm-none-eabi/lib/thumb/v7-m/nofp\libc_nano.a(libc_a-freer.o)
 .debug_frame   0x00000000000002d0       0x50 C:/ST/STM32CubeIDE_1.13.1/STM32CubeIDE/plugins/com.st.stm32cube.ide.mcu.externaltools.gnu-tools-for-stm32.11.3.rel1.win32_1.1.0.202305231506/tools/bin/../lib/gcc/arm-none-eabi/11.3.1/../../../../arm-none-eabi/lib/thumb/v7-m/nofp\libc_nano.a(libc_a-mallocr.o)
 .debug_frame   0x0000000000000320       0x30 C:/ST/STM32CubeIDE_1.13.1/STM32CubeIDE/plugins/com.st.stm32cube.ide.mcu.externaltools.gnu-tools-for-stm32.11.3.rel1.win32_1.1.0.202305231506/tools/bin/../lib/gcc/arm-none-eabi/11.3.1/../../../../arm-none-eabi/lib/thumb/v7-m/nofp\libc_nano.a(libc_a-mlock.o)
